INFO: [SIM 2] *************** CSIM start ***************
INFO: [SIM 4] CSIM will launch GCC as the compiler.
   Compiling ../../../sgm_kernel-tb.cpp in debug mode
   Compiling ../../../sgm_kernel.cpp in debug mode
   Generating csim.exe
Frame 000000, D1 = 24.3298 %, MAE = 2.76846 px, Bad1 = 67.6061 %, Bad3 = 23.3545 %
Frame 000001, D1 = 22.7035 %, MAE = 2.71671 px, Bad1 = 62.2796 %, Bad3 = 21.6344 %
Frame 000002, D1 = 37.1739 %, MAE = 3.94935 px, Bad1 = 71.3896 %, Bad3 = 36.1944 %
Frame 000003, D1 = 28.8216 %, MAE = 3.67376 px, Bad1 = 67.2727 %, Bad3 = 27.6063 %
Frame 000004, D1 = 33.222 %, MAE = 4.28277 px, Bad1 = 69.901 %, Bad3 = 33.2792 %
Frame 000005, D1 = 31.7722 %, MAE = 3.63313 px, Bad1 = 64.4042 %, Bad3 = 31.5466 %
Frame 000006, D1 = 39.9099 %, MAE = 5.39627 px, Bad1 = 73.0726 %, Bad3 = 41.6504 %
Frame 000007, D1 = 19.4685 %, MAE = 2.13261 px, Bad1 = 62.8823 %, Bad3 = 18.3064 %
Frame 000008, D1 = 19.2909 %, MAE = 2.28433 px, Bad1 = 62.9635 %, Bad3 = 18.0681 %
Frame 000009, D1 = 21.3634 %, MAE = 2.39208 px, Bad1 = 57.1823 %, Bad3 = 20.3051 %
Frame 000010, D1 = 22.318 %, MAE = 2.37312 px, Bad1 = 61.3728 %, Bad3 = 21.1477 %
Frame 000011, D1 = 23.9851 %, MAE = 2.90313 px, Bad1 = 61.1403 %, Bad3 = 23.2308 %
Frame 000012, D1 = 26.0054 %, MAE = 3.28941 px, Bad1 = 63.4899 %, Bad3 = 24.7986 %
Frame 000013, D1 = 24.0222 %, MAE = 2.40035 px, Bad1 = 65.5304 %, Bad3 = 22.84 %
Frame 000014, D1 = 23.6999 %, MAE = 2.35767 px, Bad1 = 64.1678 %, Bad3 = 22.5067 %
Frame 000015, D1 = 21.3533 %, MAE = 2.32425 px, Bad1 = 66.58 %, Bad3 = 19.8751 %
Frame 000016, D1 = 21.5704 %, MAE = 2.15341 px, Bad1 = 64.472 %, Bad3 = 19.6782 %
Frame 000017, D1 = 21.2813 %, MAE = 2.34107 px, Bad1 = 64.7997 %, Bad3 = 19.6443 %
Frame 000018, D1 = 26.0654 %, MAE = 4.11632 px, Bad1 = 69.8807 %, Bad3 = 25.3926 %
Frame 000019, D1 = 22.8113 %, MAE = 3.16104 px, Bad1 = 67.3744 %, Bad3 = 21.861 %
Frame 000020, D1 = 32.4433 %, MAE = 4.84197 px, Bad1 = 69.1077 %, Bad3 = 32.6154 %
Frame 000021, D1 = 24.9412 %, MAE = 3.76625 px, Bad1 = 67.2034 %, Bad3 = 23.8202 %
Frame 000022, D1 = 29.0274 %, MAE = 3.41769 px, Bad1 = 65.1494 %, Bad3 = 28.0927 %
Frame 000023, D1 = 26.8955 %, MAE = 3.50058 px, Bad1 = 64.9514 %, Bad3 = 25.7834 %
Frame 000024, D1 = 19.4529 %, MAE = 2.22406 px, Bad1 = 61.7224 %, Bad3 = 17.9101 %
Frame 000025, D1 = 19.1958 %, MAE = 2.23282 px, Bad1 = 64.3516 %, Bad3 = 17.9194 %
Frame 000026, D1 = 21.2816 %, MAE = 2.32331 px, Bad1 = 63.5581 %, Bad3 = 19.9436 %
Frame 000027, D1 = 20.5402 %, MAE = 2.25395 px, Bad1 = 62.9544 %, Bad3 = 19.5182 %
Frame 000028, D1 = 21.4575 %, MAE = 2.51063 px, Bad1 = 65.2096 %, Bad3 = 20.4714 %
Frame 000029, D1 = 28.1751 %, MAE = 3.16319 px, Bad1 = 68.9556 %, Bad3 = 27.3145 %
Frame 000030, D1 = 24.1065 %, MAE = 2.80252 px, Bad1 = 66.1883 %, Bad3 = 23.3333 %
Frame 000031, D1 = 21.7226 %, MAE = 2.75336 px, Bad1 = 62.0167 %, Bad3 = 20.925 %
Frame 000032, D1 = 22.9076 %, MAE = 2.50982 px, Bad1 = 63.9682 %, Bad3 = 22.0489 %
Frame 000033, D1 = 23.6111 %, MAE = 2.39046 px, Bad1 = 65.5266 %, Bad3 = 22.6087 %
Frame 000034, D1 = 20.6856 %, MAE = 2.46059 px, Bad1 = 64.3126 %, Bad3 = 19.2224 %
Frame 000035, D1 = 21.0067 %, MAE = 2.22616 px, Bad1 = 63.5377 %, Bad3 = 19.8794 %
Frame 000036, D1 = 23.4949 %, MAE = 2.42555 px, Bad1 = 65.9343 %, Bad3 = 22.3131 %
Frame 000037, D1 = 24.5399 %, MAE = 2.83522 px, Bad1 = 69.3784 %, Bad3 = 23.3393 %
Frame 000038, D1 = 23.1334 %, MAE = 2.70677 px, Bad1 = 66.6006 %, Bad3 = 22.1341 %
Frame 000039, D1 = 21.4616 %, MAE = 2.24221 px, Bad1 = 62.739 %, Bad3 = 20.2468 %
Frame 000040, D1 = 16.8922 %, MAE = 1.9358 px, Bad1 = 60.3198 %, Bad3 = 15.9743 %
Frame 000041, D1 = 19.7742 %, MAE = 2.32031 px, Bad1 = 61.2951 %, Bad3 = 18.8876 %
Frame 000042, D1 = 21.7175 %, MAE = 2.93037 px, Bad1 = 59.9677 %, Bad3 = 20.1431 %
Frame 000043, D1 = 19.5808 %, MAE = 2.41072 px, Bad1 = 60.3976 %, Bad3 = 18.5653 %
Frame 000044, D1 = 18.6218 %, MAE = 2.63467 px, Bad1 = 65.024 %, Bad3 = 17.6345 %
Frame 000045, D1 = 23.6446 %, MAE = 3.10534 px, Bad1 = 73.7941 %, Bad3 = 22.677 %
Frame 000046, D1 = 17.097 %, MAE = 2.38561 px, Bad1 = 64.9683 %, Bad3 = 16.0011 %
Frame 000047, D1 = 25.41 %, MAE = 2.80746 px, Bad1 = 66.7388 %, Bad3 = 24.2863 %
Frame 000048, D1 = 23.5929 %, MAE = 3.24566 px, Bad1 = 60.3276 %, Bad3 = 22.6733 %
Frame 000049, D1 = 26.8116 %, MAE = 3.68268 px, Bad1 = 67.8374 %, Bad3 = 27.7411 %
Frame 000050, D1 = 21.0575 %, MAE = 2.5569 px, Bad1 = 67.8404 %, Bad3 = 19.9751 %
Frame 000051, D1 = 23.2217 %, MAE = 3.54879 px, Bad1 = 65.4055 %, Bad3 = 22.3294 %
Frame 000052, D1 = 22.5398 %, MAE = 2.70847 px, Bad1 = 65.1437 %, Bad3 = 21.563 %
Frame 000053, D1 = 18.0005 %, MAE = 2.3857 px, Bad1 = 57.5292 %, Bad3 = 17.1792 %
Frame 000054, D1 = 17.1773 %, MAE = 1.95582 px, Bad1 = 59.5924 %, Bad3 = 16.1019 %
Frame 000055, D1 = 16.8877 %, MAE = 1.90153 px, Bad1 = 62.0064 %, Bad3 = 16.1406 %
Frame 000056, D1 = 14.836 %, MAE = 1.92502 px, Bad1 = 62.2112 %, Bad3 = 14.0594 %
Frame 000057, D1 = 22.5683 %, MAE = 2.55675 px, Bad1 = 63.872 %, Bad3 = 21.4676 %
Frame 000058, D1 = 34.2516 %, MAE = 5.90975 px, Bad1 = 74.8234 %, Bad3 = 37.0518 %
Frame 000059, D1 = 26.9189 %, MAE = 2.78125 px, Bad1 = 68.8956 %, Bad3 = 25.8913 %
Frame 000060, D1 = 28.875 %, MAE = 2.92131 px, Bad1 = 64.5972 %, Bad3 = 27.8651 %
Frame 000061, D1 = 36.082 %, MAE = 3.4972 px, Bad1 = 75.0652 %, Bad3 = 34.9609 %
Frame 000062, D1 = 23.8151 %, MAE = 2.47116 px, Bad1 = 65.0474 %, Bad3 = 22.7319 %
Frame 000063, D1 = 28.5526 %, MAE = 2.79441 px, Bad1 = 65.7443 %, Bad3 = 27.5162 %
Frame 000064, D1 = 30.113 %, MAE = 3.00945 px, Bad1 = 70.6414 %, Bad3 = 29.3074 %
Frame 000065, D1 = 26.7425 %, MAE = 2.94786 px, Bad1 = 70.9905 %, Bad3 = 25.7759 %
Frame 000066, D1 = 26.7872 %, MAE = 2.76034 px, Bad1 = 66.6551 %, Bad3 = 25.7657 %
Frame 000067, D1 = 27.5119 %, MAE = 2.92285 px, Bad1 = 68.7978 %, Bad3 = 25.9671 %
Frame 000068, D1 = 28.379 %, MAE = 3.23631 px, Bad1 = 71.2596 %, Bad3 = 27.2559 %
Frame 000069, D1 = 26.8701 %, MAE = 2.79508 px, Bad1 = 67.2768 %, Bad3 = 25.8728 %
Frame 000070, D1 = 18.9527 %, MAE = 2.0061 px, Bad1 = 59.9792 %, Bad3 = 17.4603 %
Frame 000071, D1 = 26.1099 %, MAE = 2.59087 px, Bad1 = 64.7996 %, Bad3 = 24.9665 %
Frame 000072, D1 = 18.5484 %, MAE = 2.68275 px, Bad1 = 60.6704 %, Bad3 = 17.5599 %
Frame 000073, D1 = 15.863 %, MAE = 2.1029 px, Bad1 = 57.8699 %, Bad3 = 15.001 %
Frame 000074, D1 = 19.9607 %, MAE = 2.51219 px, Bad1 = 64.8686 %, Bad3 = 19.1481 %
Frame 000075, D1 = 21.2616 %, MAE = 2.14213 px, Bad1 = 64.3693 %, Bad3 = 19.8829 %
Frame 000076, D1 = 22.7609 %, MAE = 2.34288 px, Bad1 = 64.7757 %, Bad3 = 21.3532 %
Frame 000077, D1 = 25.7777 %, MAE = 3.24962 px, Bad1 = 68.4203 %, Bad3 = 26.8754 %
Frame 000078, D1 = 24.0998 %, MAE = 2.67258 px, Bad1 = 68.1541 %, Bad3 = 23.2611 %
Frame 000079, D1 = 21.4524 %, MAE = 2.18516 px, Bad1 = 64.7835 %, Bad3 = 20.4161 %
Frame 000080, D1 = 22.0975 %, MAE = 2.31312 px, Bad1 = 65.1433 %, Bad3 = 20.6897 %
Frame 000081, D1 = 23.8734 %, MAE = 2.42779 px, Bad1 = 63.2233 %, Bad3 = 22.5754 %
Frame 000082, D1 = 21.1132 %, MAE = 2.32998 px, Bad1 = 66.785 %, Bad3 = 19.9645 %
Frame 000083, D1 = 18.3812 %, MAE = 1.96622 px, Bad1 = 63.5509 %, Bad3 = 16.9918 %
Frame 000084, D1 = 20.3716 %, MAE = 2.52933 px, Bad1 = 65.2067 %, Bad3 = 18.9737 %
Frame 000085, D1 = 27.9798 %, MAE = 4.05377 px, Bad1 = 71.234 %, Bad3 = 28.0647 %
Frame 000086, D1 = 31.8707 %, MAE = 5.70804 px, Bad1 = 74.6565 %, Bad3 = 31.775 %
Frame 000087, D1 = 24.8456 %, MAE = 2.41515 px, Bad1 = 64.277 %, Bad3 = 23.3956 %
Frame 000088, D1 = 24.9268 %, MAE = 2.38685 px, Bad1 = 65.5589 %, Bad3 = 23.7109 %
Frame 000089, D1 = 25.2121 %, MAE = 2.69625 px, Bad1 = 64.7398 %, Bad3 = 23.9869 %
Frame 000090, D1 = 34.9516 %, MAE = 4.34283 px, Bad1 = 71.2743 %, Bad3 = 34.7732 %
Frame 000091, D1 = 34.7904 %, MAE = 4.54683 px, Bad1 = 73.6407 %, Bad3 = 34.9518 %
Frame 000092, D1 = 24.5944 %, MAE = 2.55413 px, Bad1 = 66.0463 %, Bad3 = 23.4144 %
Frame 000093, D1 = 29.5222 %, MAE = 4.1469 px, Bad1 = 66.7488 %, Bad3 = 28.9676 %
Frame 000094, D1 = 24.1732 %, MAE = 3.10115 px, Bad1 = 67.2201 %, Bad3 = 23.3575 %
Frame 000095, D1 = 31.6114 %, MAE = 4.40564 px, Bad1 = 67.984 %, Bad3 = 31.744 %
Frame 000096, D1 = 22.7439 %, MAE = 2.40034 px, Bad1 = 65.4471 %, Bad3 = 21.4672 %
Frame 000097, D1 = 23.1654 %, MAE = 2.66385 px, Bad1 = 68.1703 %, Bad3 = 22.082 %
Frame 000098, D1 = 20.6072 %, MAE = 2.39068 px, Bad1 = 62.4271 %, Bad3 = 19.2386 %
Frame 000099, D1 = 20.0503 %, MAE = 2.01965 px, Bad1 = 64.0443 %, Bad3 = 18.8583 %
Frame 000100, D1 = 21.6136 %, MAE = 2.39898 px, Bad1 = 66.7084 %, Bad3 = 20.7618 %
Frame 000101, D1 = 20.6822 %, MAE = 2.09851 px, Bad1 = 65.567 %, Bad3 = 19.7801 %
Frame 000102, D1 = 19.4408 %, MAE = 2.64906 px, Bad1 = 65.7009 %, Bad3 = 18.4894 %
Frame 000103, D1 = 19.3243 %, MAE = 2.11349 px, Bad1 = 63.5067 %, Bad3 = 18.3161 %
Frame 000104, D1 = 77.6821 %, MAE = 16.9683 px, Bad1 = 93.2405 %, Bad3 = 77.4076 %
Frame 000105, D1 = 21.7346 %, MAE = 2.30187 px, Bad1 = 62.89 %, Bad3 = 20.6453 %
Frame 000106, D1 = 18.8432 %, MAE = 2.10701 px, Bad1 = 64.0378 %, Bad3 = 17.5923 %
Frame 000107, D1 = 16.5905 %, MAE = 1.95838 px, Bad1 = 61.3025 %, Bad3 = 15.5861 %
Frame 000108, D1 = 17.2263 %, MAE = 1.93358 px, Bad1 = 62.3457 %, Bad3 = 16.358 %
Frame 000109, D1 = 15.3409 %, MAE = 1.92791 px, Bad1 = 64.6249 %, Bad3 = 14.2034 %
Frame 000110, D1 = 14.7607 %, MAE = 2.015 px, Bad1 = 58.9093 %, Bad3 = 13.4025 %
Frame 000111, D1 = 17.8487 %, MAE = 2.17773 px, Bad1 = 64.5889 %, Bad3 = 16.8091 %
Frame 000112, D1 = 31.9744 %, MAE = 3.8026 px, Bad1 = 70.9634 %, Bad3 = 30.882 %
Frame 000113, D1 = 26.5368 %, MAE = 4.1424 px, Bad1 = 72.1535 %, Bad3 = 25.526 %
Frame 000114, D1 = 34.8552 %, MAE = 4.23848 px, Bad1 = 66.3647 %, Bad3 = 34.0317 %
Frame 000115, D1 = 27.4232 %, MAE = 3.43555 px, Bad1 = 63.5823 %, Bad3 = 26.0562 %
Frame 000116, D1 = 24.8685 %, MAE = 3.37603 px, Bad1 = 64.2352 %, Bad3 = 24.0057 %
Frame 000117, D1 = 19.8675 %, MAE = 2.17775 px, Bad1 = 62.5902 %, Bad3 = 18.5767 %
Frame 000118, D1 = 28.7885 %, MAE = 3.57282 px, Bad1 = 72.6823 %, Bad3 = 27.7909 %
Frame 000119, D1 = 25.1497 %, MAE = 3.17131 px, Bad1 = 61.9714 %, Bad3 = 23.9756 %
Frame 000120, D1 = 22.4822 %, MAE = 3.36478 px, Bad1 = 70.0515 %, Bad3 = 22.5953 %
Frame 000121, D1 = 19.0422 %, MAE = 2.13892 px, Bad1 = 59.0968 %, Bad3 = 17.9469 %
Frame 000122, D1 = 20.4677 %, MAE = 2.51521 px, Bad1 = 58.3725 %, Bad3 = 19.3922 %
Frame 000123, D1 = 19.5629 %, MAE = 2.37336 px, Bad1 = 61.9548 %, Bad3 = 18.0328 %
Frame 000124, D1 = 19.6217 %, MAE = 2.13193 px, Bad1 = 60.4079 %, Bad3 = 17.8622 %
Frame 000125, D1 = 17.5685 %, MAE = 2.07153 px, Bad1 = 61.4009 %, Bad3 = 16.0928 %
Frame 000126, D1 = 19.331 %, MAE = 2.73819 px, Bad1 = 62.7989 %, Bad3 = 18.271 %
Frame 000127, D1 = 19.3901 %, MAE = 2.14214 px, Bad1 = 60.6605 %, Bad3 = 18.1831 %
Frame 000128, D1 = 14.2404 %, MAE = 1.74514 px, Bad1 = 59.1245 %, Bad3 = 12.918 %
Frame 000129, D1 = 17.7691 %, MAE = 2.0155 px, Bad1 = 60.1297 %, Bad3 = 16.5136 %
Frame 000130, D1 = 22.9541 %, MAE = 2.24445 px, Bad1 = 61.0003 %, Bad3 = 21.8916 %
Frame 000131, D1 = 23.6657 %, MAE = 2.84107 px, Bad1 = 66.6826 %, Bad3 = 23.5257 %
Frame 000132, D1 = 21.367 %, MAE = 2.49319 px, Bad1 = 66.7645 %, Bad3 = 20.746 %
Frame 000133, D1 = 24.9155 %, MAE = 2.50756 px, Bad1 = 64.6507 %, Bad3 = 23.7554 %
Frame 000134, D1 = 24.4729 %, MAE = 2.59555 px, Bad1 = 63.8776 %, Bad3 = 23.0068 %
Frame 000135, D1 = 23.7228 %, MAE = 2.20588 px, Bad1 = 64.5494 %, Bad3 = 22.4481 %
Frame 000136, D1 = 36.1304 %, MAE = 5.35777 px, Bad1 = 72.1885 %, Bad3 = 35.6542 %
Frame 000137, D1 = 30.6162 %, MAE = 3.55597 px, Bad1 = 68.8735 %, Bad3 = 29.528 %
Frame 000138, D1 = 23.2168 %, MAE = 2.16637 px, Bad1 = 63.0757 %, Bad3 = 21.875 %
Frame 000139, D1 = 22.9516 %, MAE = 2.21712 px, Bad1 = 62.9841 %, Bad3 = 21.5099 %
Frame 000140, D1 = 19.5386 %, MAE = 2.20096 px, Bad1 = 64.6815 %, Bad3 = 18.1542 %
Frame 000141, D1 = 24.845 %, MAE = 2.56493 px, Bad1 = 70.9617 %, Bad3 = 23.6205 %
Frame 000142, D1 = 27.072 %, MAE = 2.56658 px, Bad1 = 69.6947 %, Bad3 = 26.0758 %
Frame 000143, D1 = 26.0658 %, MAE = 3.08545 px, Bad1 = 67.6412 %, Bad3 = 25.3717 %
Frame 000144, D1 = 25.7637 %, MAE = 3.59722 px, Bad1 = 62.8706 %, Bad3 = 24.479 %
Frame 000145, D1 = 19.5277 %, MAE = 2.80357 px, Bad1 = 64.4581 %, Bad3 = 18.4887 %
Frame 000146, D1 = 19.8852 %, MAE = 2.27446 px, Bad1 = 65.407 %, Bad3 = 18.8611 %
Frame 000147, D1 = 16.9532 %, MAE = 2.28515 px, Bad1 = 57.5981 %, Bad3 = 15.8618 %
Frame 000148, D1 = 16.7927 %, MAE = 1.87538 px, Bad1 = 62.4373 %, Bad3 = 15.1755 %
Frame 000149, D1 = 23.5638 %, MAE = 2.46674 px, Bad1 = 69.1962 %, Bad3 = 22.433 %
Frame 000150, D1 = 36.7837 %, MAE = 4.39275 px, Bad1 = 73.5022 %, Bad3 = 35.6729 %
Frame 000151, D1 = 29.3044 %, MAE = 2.75477 px, Bad1 = 65.0657 %, Bad3 = 27.9357 %
Frame 000152, D1 = 26.456 %, MAE = 2.60647 px, Bad1 = 64.1036 %, Bad3 = 25.0474 %
Frame 000153, D1 = 34.6315 %, MAE = 3.6731 px, Bad1 = 65.7843 %, Bad3 = 33.6275 %
Frame 000154, D1 = 32.6407 %, MAE = 5.14477 px, Bad1 = 72.9101 %, Bad3 = 33.9683 %
Frame 000155, D1 = 25.3603 %, MAE = 2.8408 px, Bad1 = 65.5367 %, Bad3 = 24.435 %
Frame 000156, D1 = 25.3621 %, MAE = 2.64739 px, Bad1 = 59.2614 %, Bad3 = 24.2354 %
Frame 000157, D1 = 24.0857 %, MAE = 2.80085 px, Bad1 = 64.3561 %, Bad3 = 23.1913 %
Frame 000158, D1 = 19.7771 %, MAE = 2.32023 px, Bad1 = 65.375 %, Bad3 = 18.569 %
Frame 000159, D1 = 20.3685 %, MAE = 2.25197 px, Bad1 = 62.2625 %, Bad3 = 19.2223 %
Frame 000160, D1 = 20.576 %, MAE = 2.27762 px, Bad1 = 61.9285 %, Bad3 = 19.4206 %
Frame 000161, D1 = 29.7541 %, MAE = 5.15033 px, Bad1 = 69.0097 %, Bad3 = 32.1998 %
Frame 000162, D1 = 27.1239 %, MAE = 3.88998 px, Bad1 = 74.1859 %, Bad3 = 26.4443 %
Frame 000163, D1 = 27.8814 %, MAE = 4.44698 px, Bad1 = 69.7278 %, Bad3 = 27.7178 %
Frame 000164, D1 = 28.5426 %, MAE = 4.64112 px, Bad1 = 66.4425 %, Bad3 = 29.1709 %
Frame 000165, D1 = 24.0554 %, MAE = 3.09422 px, Bad1 = 67.2461 %, Bad3 = 23.437 %
Frame 000166, D1 = 21.9018 %, MAE = 2.58625 px, Bad1 = 68.3294 %, Bad3 = 20.7268 %
Frame 000167, D1 = 31.7421 %, MAE = 3.20602 px, Bad1 = 69.8261 %, Bad3 = 30.4452 %
Frame 000168, D1 = 25.9731 %, MAE = 4.32105 px, Bad1 = 69.6373 %, Bad3 = 25.5786 %
Frame 000169, D1 = 35.0333 %, MAE = 4.92398 px, Bad1 = 69.6043 %, Bad3 = 35.0547 %
Frame 000170, D1 = 28.8425 %, MAE = 3.50971 px, Bad1 = 66.9056 %, Bad3 = 27.9196 %
Frame 000171, D1 = 31.4942 %, MAE = 3.31888 px, Bad1 = 70.4193 %, Bad3 = 30.4333 %
Frame 000172, D1 = 16.0042 %, MAE = 2.37658 px, Bad1 = 60.111 %, Bad3 = 15.1217 %
Frame 000173, D1 = 27.2763 %, MAE = 4.25474 px, Bad1 = 66.9278 %, Bad3 = 26.5003 %
Frame 000174, D1 = 22.4061 %, MAE = 2.61976 px, Bad1 = 60.8959 %, Bad3 = 21.3875 %
Frame 000175, D1 = 22.0493 %, MAE = 2.84562 px, Bad1 = 65.1289 %, Bad3 = 20.8422 %
Frame 000176, D1 = 30.3296 %, MAE = 4.19791 px, Bad1 = 73.7153 %, Bad3 = 29.8473 %
Frame 000177, D1 = 24.0447 %, MAE = 2.64951 px, Bad1 = 64.6086 %, Bad3 = 23.421 %
Frame 000178, D1 = 24.729 %, MAE = 2.976 px, Bad1 = 69.1176 %, Bad3 = 24.1486 %
Frame 000179, D1 = 23.2218 %, MAE = 2.66002 px, Bad1 = 66.4861 %, Bad3 = 21.904 %
Frame 000180, D1 = 24.9474 %, MAE = 2.68998 px, Bad1 = 64.8401 %, Bad3 = 23.9872 %
Frame 000181, D1 = 27.3148 %, MAE = 2.8544 px, Bad1 = 65.2899 %, Bad3 = 26.531 %
Frame 000182, D1 = 24.7092 %, MAE = 2.69419 px, Bad1 = 68.9256 %, Bad3 = 23.781 %
Frame 000183, D1 = 15.7056 %, MAE = 1.96825 px, Bad1 = 62.7986 %, Bad3 = 14.6223 %
Frame 000184, D1 = 19.8515 %, MAE = 2.33683 px, Bad1 = 60.1126 %, Bad3 = 18.9793 %
Frame 000185, D1 = 17.8472 %, MAE = 2.09617 px, Bad1 = 61.1012 %, Bad3 = 16.786 %
Frame 000186, D1 = 23.9842 %, MAE = 2.66693 px, Bad1 = 65.9705 %, Bad3 = 22.5714 %
Frame 000187, D1 = 24.2447 %, MAE = 2.53459 px, Bad1 = 61.9896 %, Bad3 = 23.1359 %
Frame 000188, D1 = 20.7801 %, MAE = 2.44056 px, Bad1 = 62.3653 %, Bad3 = 20.0213 %
Frame 000189, D1 = 23.1539 %, MAE = 3.07921 px, Bad1 = 65.8158 %, Bad3 = 22.7155 %
Frame 000190, D1 = 27.365 %, MAE = 2.62648 px, Bad1 = 63.4733 %, Bad3 = 26.5826 %
Frame 000191, D1 = 23.5338 %, MAE = 2.38966 px, Bad1 = 65.5976 %, Bad3 = 22.6804 %
Frame 000192, D1 = 21.0128 %, MAE = 2.30135 px, Bad1 = 61.6856 %, Bad3 = 20.1202 %
Frame 000193, D1 = 26.4202 %, MAE = 3.0376 px, Bad1 = 67.2982 %, Bad3 = 26.5767 %
Frame 000194, D1 = 23.8896 %, MAE = 3.42612 px, Bad1 = 65.9174 %, Bad3 = 23.5419 %
Frame 000195, D1 = 23.2045 %, MAE = 2.88838 px, Bad1 = 66.3619 %, Bad3 = 22.4726 %
Frame 000196, D1 = 23.496 %, MAE = 2.45197 px, Bad1 = 65.2528 %, Bad3 = 22.7487 %
Frame 000197, D1 = 28.233 %, MAE = 3.58032 px, Bad1 = 63.9716 %, Bad3 = 27.2694 %
Frame 000198, D1 = 31.6524 %, MAE = 3.1065 px, Bad1 = 66.5669 %, Bad3 = 30.6572 %
Frame 000199, D1 = 18.9499 %, MAE = 2.41451 px, Bad1 = 62.0086 %, Bad3 = 17.5061 %
Invalid Selected disparity count: 0 


 ---KITTI-style Evaluation --- 
 Mean D1: 24.2467 %
D1 Standard Deviation: 6.21351 %
Minimum D1: 14.2404 % (Frame: 128)
Maximum D1: 77.6821 % (Frame: 104)

 --- HW Valid Evaluation --- 
 Mean MAE: 2.93919 px
MAE Standard Deviation: 1.28164 px
Mean Bad >1 px: 65.5429 %
Bad > 1 Standard Deviation: 4.22031 %
Mean Bad >3 px: 23.34 %
Bad > 3 Standard Deviation: 6.48868 %
Minimum MAE: 1.74514 px (Frame: 128)
Maximum MAE: 16.9683 px (Frame: 104)
Minimum Bad > 1: 57.1823 % (Frame: 9)
Maximum Bad > 1: 93.2405 % (Frame: 104)
Minimum Bad > 3: 12.918 % (Frame: 128)
Maximum Bad > 3: 77.4076 % (Frame: 104)
INFO [HLS SIM]: The maximum depth reached by any hls::stream() instance in the design is 8
INFO: [SIM 1] CSim done with 0 errors.
INFO: [SIM 3] *************** CSIM finish ***************
