

================================================================
== Vitis HLS Report for 'col_frontend'
================================================================
* Date:           Wed Sep 16 09:14:04 2026

* Version:        2023.1 (Build 3854077 on May  4 2023)
* Project:        sgm_kernel
* Solution:       solution1 (Vivado IP Flow Target)
* Product family: zynq
* Target device:  xc7z010-clg400-1


================================================================
== Performance Estimates
================================================================
+ Timing: 
    * Summary: 
    +--------+----------+----------+------------+
    |  Clock |  Target  | Estimated| Uncertainty|
    +--------+----------+----------+------------+
    |ap_clk  |  10.00 ns|  7.060 ns|     2.70 ns|
    +--------+----------+----------+------------+

+ Latency: 
    * Summary: 
    +---------+---------+----------+----------+-----+-----+---------+
    |  Latency (cycles) |  Latency (absolute) |  Interval | Pipeline|
    |   min   |   max   |    min   |    max   | min | max |   Type  |
    +---------+---------+----------+----------+-----+-----+---------+
    |       12|       51|  0.120 us|  0.510 us|   12|   51|       no|
    +---------+---------+----------+----------+-----+-----+---------+

    + Detail: 
        * Instance: 
        +---------------------------------------+----------------------------+---------+---------+----------+----------+-----+-----+---------+
        |                                       |                            |  Latency (cycles) |  Latency (absolute) |  Interval | Pipeline|
        |                Instance               |           Module           |   min   |   max   |    min   |    max   | min | max |   Type  |
        +---------------------------------------+----------------------------+---------+---------+----------+----------+-----+-----+---------+
        |grp_compute_census_cost_vector_fu_350  |compute_census_cost_vector  |       38|       38|  0.380 us|  0.380 us|   38|   38|       no|
        +---------------------------------------+----------------------------+---------+---------+----------+----------+-----+-----+---------+

        * Loop: 
        +-------------------+---------+---------+----------+-----------+-----------+------+----------+
        |                   |  Latency (cycles) | Iteration|  Initiation Interval  | Trip |          |
        |     Loop Name     |   min   |   max   |  Latency |  achieved |   target  | Count| Pipelined|
        +-------------------+---------+---------+----------+-----------+-----------+------+----------+
        |- VITIS_LOOP_22_1  |        8|        8|         4|          -|          -|     2|        no|
        +-------------------+---------+---------+----------+-----------+-----------+------+----------+



================================================================
== Utilization Estimates
================================================================
* Summary: 
+-----------------+---------+----+-------+-------+-----+
|       Name      | BRAM_18K| DSP|   FF  |  LUT  | URAM|
+-----------------+---------+----+-------+-------+-----+
|DSP              |        -|   -|      -|      -|    -|
|Expression       |        -|   -|      0|    397|    -|
|FIFO             |        -|   -|      -|      -|    -|
|Instance         |        -|   -|    225|    954|    -|
|Memory           |        -|   -|      -|      -|    -|
|Multiplexer      |        -|   -|      -|    327|    -|
|Register         |        -|   -|    405|      -|    -|
+-----------------+---------+----+-------+-------+-----+
|Total            |        0|   0|    630|   1678|    0|
+-----------------+---------+----+-------+-------+-----+
|Available        |      120|  80|  35200|  17600|    0|
+-----------------+---------+----+-------+-------+-----+
|Utilization (%)  |        0|   0|      1|      9|    0|
+-----------------+---------+----+-------+-------+-----+

+ Detail: 
    * Instance: 
    +---------------------------------------+----------------------------+---------+----+-----+-----+-----+
    |                Instance               |           Module           | BRAM_18K| DSP|  FF | LUT | URAM|
    +---------------------------------------+----------------------------+---------+----+-----+-----+-----+
    |grp_compute_census_cost_vector_fu_350  |compute_census_cost_vector  |        0|   0|  225|  936|    0|
    |mux_2_1_8_1_1_U116                     |mux_2_1_8_1_1               |        0|   0|    0|    9|    0|
    |mux_2_1_8_1_1_U117                     |mux_2_1_8_1_1               |        0|   0|    0|    9|    0|
    +---------------------------------------+----------------------------+---------+----+-----+-----+-----+
    |Total                                  |                            |        0|   0|  225|  954|    0|
    +---------------------------------------+----------------------------+---------+----+-----+-----+-----+

    * DSP: 
    N/A

    * Memory: 
    N/A

    * FIFO: 
    N/A

    * Expression: 
    +---------------------------------+----------+----+---+-----+------------+------------+
    |          Variable Name          | Operation| DSP| FF| LUT | Bitwidth P0| Bitwidth P1|
    +---------------------------------+----------+----+---+-----+------------+------------+
    |add_ln24_fu_452_p2               |         +|   0|  0|   10|           2|           1|
    |add_ln273_fu_396_p2              |         +|   0|  0|   14|          13|          13|
    |add_ln59_fu_495_p2               |         +|   0|  0|   39|          32|           1|
    |pixel_idx_fu_406_p2              |         +|   0|  0|   20|          15|          15|
    |and_ln287_fu_520_p2              |       and|   0|  0|    2|           1|           1|
    |ap_block_state9_on_subcall_done  |       and|   0|  0|    2|           1|           1|
    |icmp_ln22_fu_446_p2              |      icmp|   0|  0|   11|           2|           3|
    |icmp_ln287_fu_509_p2             |      icmp|   0|  0|   14|           6|           1|
    |icmp_ln288_fu_515_p2             |      icmp|   0|  0|   14|           9|           6|
    |icmp_ln60_fu_560_p2              |      icmp|   0|  0|   39|          32|           6|
    |lshr_ln278_fu_477_p2             |      lshr|   0|  0|  100|          32|          32|
    |lshr_ln281_fu_482_p2             |      lshr|   0|  0|  100|          32|          32|
    |select_ln60_fu_565_p3            |    select|   0|  0|   32|           1|           1|
    +---------------------------------+----------+----+---+-----+------------+------------+
    |Total                            |          |   0|  0|  397|         178|         113|
    +---------------------------------+----------+----+---+-----+------------+------------+

    * Multiplexer: 
    +-------------------------------------+----+-----------+-----+-----------+
    |                 Name                | LUT| Input Size| Bits| Total Bits|
    +-------------------------------------+----+-----------+-----+-----------+
    |ap_NS_fsm                            |  53|         10|    1|         10|
    |ap_phi_mux_storemerge_phi_fu_342_p4  |   9|          2|    1|          2|
    |ap_return_0                          |   9|          2|    1|          2|
    |ap_return_1                          |   9|          2|    8|         16|
    |ap_return_2                          |   9|          2|    8|         16|
    |ap_return_3                          |   9|          2|    8|         16|
    |ap_return_4                          |   9|          2|    8|         16|
    |ap_return_5                          |   9|          2|    8|         16|
    |ap_return_6                          |   9|          2|    8|         16|
    |ap_return_7                          |   9|          2|   32|         64|
    |bufL_2_address0                      |  14|          3|    9|         27|
    |bufR_2_address0                      |  14|          3|    9|         27|
    |i_fu_122                             |   9|          2|    2|          4|
    |leftWin_1_2_val_reg_320              |   9|          2|    8|         16|
    |p_0_0_0_1_reg_329                    |   9|          2|    8|         16|
    |rightStripe_0_address0               |  14|          3|    6|         18|
    |rightStripe_0_ce0                    |  14|          3|    1|          3|
    |rightStripe_0_ce1                    |   9|          2|    1|          2|
    |rightStripe_0_ce2                    |   9|          2|    1|          2|
    |rightStripe_1_address0               |  14|          3|    6|         18|
    |rightStripe_1_ce0                    |  14|          3|    1|          3|
    |rightStripe_1_ce1                    |   9|          2|    1|          2|
    |rightStripe_1_ce2                    |   9|          2|    1|          2|
    |rightStripe_2_address0               |  14|          3|    6|         18|
    |rightStripe_2_ce0                    |  14|          3|    1|          3|
    |rightStripe_2_ce1                    |   9|          2|    1|          2|
    |rightStripe_2_ce2                    |   9|          2|    1|          2|
    +-------------------------------------+----+-----------+-----+-----------+
    |Total                                | 327|         70|  146|        339|
    +-------------------------------------+----+-----------+-----+-----------+

    * Register: 
    +----------------------------------------------------+----+----+-----+-----------+
    |                        Name                        | FF | LUT| Bits| Const Bits|
    +----------------------------------------------------+----+----+-----+-----------+
    |add_ln24_reg_756                                    |   2|   0|    2|          0|
    |add_ln273_reg_650                                   |  13|   0|   13|          0|
    |add_ln59_reg_780                                    |  32|   0|   32|          0|
    |and_ln287_reg_786                                   |   1|   0|    1|          0|
    |ap_CS_fsm                                           |   9|   0|    9|          0|
    |ap_return_0_preg                                    |   1|   0|    1|          0|
    |ap_return_1_preg                                    |   8|   0|    8|          0|
    |ap_return_2_preg                                    |   8|   0|    8|          0|
    |ap_return_3_preg                                    |   8|   0|    8|          0|
    |ap_return_4_preg                                    |   8|   0|    8|          0|
    |ap_return_5_preg                                    |   8|   0|    8|          0|
    |ap_return_6_preg                                    |   8|   0|    8|          0|
    |ap_return_7_preg                                    |  32|   0|   32|          0|
    |bufL_0_addr_reg_680                                 |   9|   0|    9|          0|
    |bufL_0_load_reg_814                                 |   8|   0|    8|          0|
    |bufL_1_addr_reg_675                                 |   9|   0|    9|          0|
    |bufL_1_load_reg_790                                 |   8|   0|    8|          0|
    |bufL_2_addr_reg_665                                 |   9|   0|    9|          0|
    |bufL_2_load_reg_743                                 |   8|   0|    8|          0|
    |bufR_0_addr_reg_690                                 |   9|   0|    9|          0|
    |bufR_1_addr_reg_685                                 |   9|   0|    9|          0|
    |bufR_1_load_reg_802                                 |   8|   0|    8|          0|
    |bufR_2_addr_reg_670                                 |   9|   0|    9|          0|
    |bufR_2_load_reg_748                                 |   8|   0|    8|          0|
    |grp_compute_census_cost_vector_fu_350_ap_start_reg  |   1|   0|    1|          0|
    |i_fu_122                                            |   2|   0|    2|          0|
    |leftWin_1_2_val_phi_fu_118                          |   8|   0|    8|          0|
    |leftWin_1_2_val_phi_load_reg_826                    |   8|   0|    8|          0|
    |leftWin_1_2_val_reg_320                             |   8|   0|    8|          0|
    |left_word_reg_733                                   |  32|   0|   32|          0|
    |pL_reg_767                                          |   8|   0|    8|          0|
    |pR_reg_774                                          |   8|   0|    8|          0|
    |p_0_0_0_1_phi_fu_114                                |   8|   0|    8|          0|
    |p_0_0_0_1_reg_329                                   |   8|   0|    8|          0|
    |right_word_reg_738                                  |  32|   0|   32|          0|
    |select_ln60_reg_820                                 |  32|   0|   32|          0|
    |storemerge_reg_338                                  |   1|   0|    1|          0|
    |tmp_1_reg_807                                       |   8|   0|    8|          0|
    |tmp_reg_795                                         |   8|   0|    8|          0|
    |trunc_ln22_reg_761                                  |   1|   0|    1|          0|
    +----------------------------------------------------+----+----+-----+-----------+
    |Total                                               | 405|   0|  405|          0|
    +----------------------------------------------------+----+----+-----+-----------+



================================================================
== Interface
================================================================
* Summary: 
+-----------------------------+-----+-----+------------+--------------------+--------------+
|          RTL Ports          | Dir | Bits|  Protocol  |    Source Object   |    C Type    |
+-----------------------------+-----+-----+------------+--------------------+--------------+
|ap_clk                       |   in|    1|  ap_ctrl_hs|        col_frontend|  return value|
|ap_rst                       |   in|    1|  ap_ctrl_hs|        col_frontend|  return value|
|ap_start                     |   in|    1|  ap_ctrl_hs|        col_frontend|  return value|
|ap_done                      |  out|    1|  ap_ctrl_hs|        col_frontend|  return value|
|ap_idle                      |  out|    1|  ap_ctrl_hs|        col_frontend|  return value|
|ap_ready                     |  out|    1|  ap_ctrl_hs|        col_frontend|  return value|
|ap_return_0                  |  out|    1|  ap_ctrl_hs|        col_frontend|  return value|
|ap_return_1                  |  out|    8|  ap_ctrl_hs|        col_frontend|  return value|
|ap_return_2                  |  out|    8|  ap_ctrl_hs|        col_frontend|  return value|
|ap_return_3                  |  out|    8|  ap_ctrl_hs|        col_frontend|  return value|
|ap_return_4                  |  out|    8|  ap_ctrl_hs|        col_frontend|  return value|
|ap_return_5                  |  out|    8|  ap_ctrl_hs|        col_frontend|  return value|
|ap_return_6                  |  out|    8|  ap_ctrl_hs|        col_frontend|  return value|
|ap_return_7                  |  out|   32|  ap_ctrl_hs|        col_frontend|  return value|
|agg_result_curCost_address0  |  out|    5|   ap_memory|  agg_result_curCost|         array|
|agg_result_curCost_ce0       |  out|    1|   ap_memory|  agg_result_curCost|         array|
|agg_result_curCost_we0       |  out|    1|   ap_memory|  agg_result_curCost|         array|
|agg_result_curCost_d0        |  out|    4|   ap_memory|  agg_result_curCost|         array|
|left_r_Addr_A                |  out|   32|        bram|              left_r|         array|
|left_r_EN_A                  |  out|    1|        bram|              left_r|         array|
|left_r_WEN_A                 |  out|    4|        bram|              left_r|         array|
|left_r_Din_A                 |  out|   32|        bram|              left_r|         array|
|left_r_Dout_A                |   in|   32|        bram|              left_r|         array|
|right_r_Addr_A               |  out|   32|        bram|             right_r|         array|
|right_r_EN_A                 |  out|    1|        bram|             right_r|         array|
|right_r_WEN_A                |  out|    4|        bram|             right_r|         array|
|right_r_Din_A                |  out|   32|        bram|             right_r|         array|
|right_r_Dout_A               |   in|   32|        bram|             right_r|         array|
|bufL_0_address0              |  out|    9|   ap_memory|              bufL_0|         array|
|bufL_0_ce0                   |  out|    1|   ap_memory|              bufL_0|         array|
|bufL_0_we0                   |  out|    1|   ap_memory|              bufL_0|         array|
|bufL_0_d0                    |  out|    8|   ap_memory|              bufL_0|         array|
|bufL_0_q0                    |   in|    8|   ap_memory|              bufL_0|         array|
|bufL_1_address0              |  out|    9|   ap_memory|              bufL_1|         array|
|bufL_1_ce0                   |  out|    1|   ap_memory|              bufL_1|         array|
|bufL_1_we0                   |  out|    1|   ap_memory|              bufL_1|         array|
|bufL_1_d0                    |  out|    8|   ap_memory|              bufL_1|         array|
|bufL_1_q0                    |   in|    8|   ap_memory|              bufL_1|         array|
|bufL_2_address0              |  out|    9|   ap_memory|              bufL_2|         array|
|bufL_2_ce0                   |  out|    1|   ap_memory|              bufL_2|         array|
|bufL_2_we0                   |  out|    1|   ap_memory|              bufL_2|         array|
|bufL_2_d0                    |  out|    8|   ap_memory|              bufL_2|         array|
|bufL_2_q0                    |   in|    8|   ap_memory|              bufL_2|         array|
|bufR_0_address0              |  out|    9|   ap_memory|              bufR_0|         array|
|bufR_0_ce0                   |  out|    1|   ap_memory|              bufR_0|         array|
|bufR_0_we0                   |  out|    1|   ap_memory|              bufR_0|         array|
|bufR_0_d0                    |  out|    8|   ap_memory|              bufR_0|         array|
|bufR_0_q0                    |   in|    8|   ap_memory|              bufR_0|         array|
|bufR_1_address0              |  out|    9|   ap_memory|              bufR_1|         array|
|bufR_1_ce0                   |  out|    1|   ap_memory|              bufR_1|         array|
|bufR_1_we0                   |  out|    1|   ap_memory|              bufR_1|         array|
|bufR_1_d0                    |  out|    8|   ap_memory|              bufR_1|         array|
|bufR_1_q0                    |   in|    8|   ap_memory|              bufR_1|         array|
|bufR_2_address0              |  out|    9|   ap_memory|              bufR_2|         array|
|bufR_2_ce0                   |  out|    1|   ap_memory|              bufR_2|         array|
|bufR_2_we0                   |  out|    1|   ap_memory|              bufR_2|         array|
|bufR_2_d0                    |  out|    8|   ap_memory|              bufR_2|         array|
|bufR_2_q0                    |   in|    8|   ap_memory|              bufR_2|         array|
|r                            |   in|    7|     ap_none|                   r|        scalar|
|c                            |   in|    9|     ap_none|                   c|        scalar|
|p_read2                      |   in|    8|     ap_none|             p_read2|        scalar|
|p_read3                      |   in|    8|     ap_none|             p_read3|        scalar|
|p_read5                      |   in|    8|     ap_none|             p_read5|        scalar|
|p_read6                      |   in|    8|     ap_none|             p_read6|        scalar|
|p_read8                      |   in|    8|     ap_none|             p_read8|        scalar|
|p_read9                      |   in|    8|     ap_none|             p_read9|        scalar|
|rightStripe_0_address0       |  out|    6|   ap_memory|       rightStripe_0|         array|
|rightStripe_0_ce0            |  out|    1|   ap_memory|       rightStripe_0|         array|
|rightStripe_0_we0            |  out|    1|   ap_memory|       rightStripe_0|         array|
|rightStripe_0_d0             |  out|    8|   ap_memory|       rightStripe_0|         array|
|rightStripe_0_q0             |   in|    8|   ap_memory|       rightStripe_0|         array|
|rightStripe_0_address1       |  out|    6|   ap_memory|       rightStripe_0|         array|
|rightStripe_0_ce1            |  out|    1|   ap_memory|       rightStripe_0|         array|
|rightStripe_0_q1             |   in|    8|   ap_memory|       rightStripe_0|         array|
|rightStripe_0_address2       |  out|    6|   ap_memory|       rightStripe_0|         array|
|rightStripe_0_ce2            |  out|    1|   ap_memory|       rightStripe_0|         array|
|rightStripe_0_q2             |   in|    8|   ap_memory|       rightStripe_0|         array|
|rightStripe_1_address0       |  out|    6|   ap_memory|       rightStripe_1|         array|
|rightStripe_1_ce0            |  out|    1|   ap_memory|       rightStripe_1|         array|
|rightStripe_1_we0            |  out|    1|   ap_memory|       rightStripe_1|         array|
|rightStripe_1_d0             |  out|    8|   ap_memory|       rightStripe_1|         array|
|rightStripe_1_q0             |   in|    8|   ap_memory|       rightStripe_1|         array|
|rightStripe_1_address1       |  out|    6|   ap_memory|       rightStripe_1|         array|
|rightStripe_1_ce1            |  out|    1|   ap_memory|       rightStripe_1|         array|
|rightStripe_1_q1             |   in|    8|   ap_memory|       rightStripe_1|         array|
|rightStripe_1_address2       |  out|    6|   ap_memory|       rightStripe_1|         array|
|rightStripe_1_ce2            |  out|    1|   ap_memory|       rightStripe_1|         array|
|rightStripe_1_q2             |   in|    8|   ap_memory|       rightStripe_1|         array|
|rightStripe_2_address0       |  out|    6|   ap_memory|       rightStripe_2|         array|
|rightStripe_2_ce0            |  out|    1|   ap_memory|       rightStripe_2|         array|
|rightStripe_2_we0            |  out|    1|   ap_memory|       rightStripe_2|         array|
|rightStripe_2_d0             |  out|    8|   ap_memory|       rightStripe_2|         array|
|rightStripe_2_q0             |   in|    8|   ap_memory|       rightStripe_2|         array|
|rightStripe_2_address1       |  out|    6|   ap_memory|       rightStripe_2|         array|
|rightStripe_2_ce1            |  out|    1|   ap_memory|       rightStripe_2|         array|
|rightStripe_2_q1             |   in|    8|   ap_memory|       rightStripe_2|         array|
|rightStripe_2_address2       |  out|    6|   ap_memory|       rightStripe_2|         array|
|rightStripe_2_ce2            |  out|    1|   ap_memory|       rightStripe_2|         array|
|rightStripe_2_q2             |   in|    8|   ap_memory|       rightStripe_2|         array|
|p_read10                     |   in|   32|     ap_none|            p_read10|        scalar|
+-----------------------------+-----+-----+------------+--------------------+--------------+

