

================================================================
== Vitis HLS Report for 'compute_census_cost_vector'
================================================================
* Date:           Fri Sep 25 10:23:14 2026

* Version:        2023.1 (Build 3854077 on May  4 2023)
* Project:        sgm_kernel
* Solution:       solution1 (Vivado IP Flow Target)
* Product family: zynq
* Target device:  xc7z010-clg400-1


================================================================
== Performance Estimates
================================================================
+ Timing: 
    * Summary: 
    +--------+----------+----------+------------+
    |  Clock |  Target  | Estimated| Uncertainty|
    +--------+----------+----------+------------+
    |ap_clk  |  10.00 ns|  6.335 ns|     2.70 ns|
    +--------+----------+----------+------------+

+ Latency: 
    * Summary: 
    +---------+---------+----------+----------+-----+-----+---------+
    |  Latency (cycles) |  Latency (absolute) |  Interval | Pipeline|
    |   min   |   max   |    min   |    max   | min | max |   Type  |
    +---------+---------+----------+----------+-----+-----+---------+
    |       34|       34|  0.340 us|  0.340 us|   34|   34|       no|
    +---------+---------+----------+----------+-----+-----+---------+

    + Detail: 
        * Instance: 
        N/A

        * Loop: 
        +--------------------+---------+---------+----------+-----------+-----------+------+----------+
        |                    |  Latency (cycles) | Iteration|  Initiation Interval  | Trip |          |
        |      Loop Name     |   min   |   max   |  Latency |  achieved |   target  | Count| Pipelined|
        +--------------------+---------+---------+----------+-----------+-----------+------+----------+
        |- CENSUS_Disparity  |       32|       32|         2|          1|          1|    32|       yes|
        +--------------------+---------+---------+----------+-----------+-----------+------+----------+



================================================================
== Utilization Estimates
================================================================
* Summary: 
+-----------------+---------+----+-------+-------+-----+
|       Name      | BRAM_18K| DSP|   FF  |  LUT  | URAM|
+-----------------+---------+----+-------+-------+-----+
|DSP              |        -|   -|      -|      -|    -|
|Expression       |        -|   -|      0|    142|    -|
|FIFO             |        -|   -|      -|      -|    -|
|Instance         |        -|   -|      0|    142|    -|
|Memory           |        -|   -|      -|      -|    -|
|Multiplexer      |        -|   -|      -|     36|    -|
|Register         |        -|   -|     21|      -|    -|
+-----------------+---------+----+-------+-------+-----+
|Total            |        0|   0|     21|    320|    0|
+-----------------+---------+----+-------+-------+-----+
|Available        |      120|  80|  35200|  17600|    0|
+-----------------+---------+----+-------+-------+-----+
|Utilization (%)  |        0|   0|     ~0|      1|    0|
+-----------------+---------+----+-------+-------+-----+

+ Detail: 
    * Instance: 
    +---------------------+----------------+---------+----+---+-----+-----+
    |       Instance      |     Module     | BRAM_18K| DSP| FF| LUT | URAM|
    +---------------------+----------------+---------+----+---+-----+-----+
    |mux_32_5_8_1_1_U149  |mux_32_5_8_1_1  |        0|   0|  0|  142|    0|
    +---------------------+----------------+---------+----+---+-----+-----+
    |Total                |                |        0|   0|  0|  142|    0|
    +---------------------+----------------+---------+----+---+-----+-----+

    * DSP: 
    N/A

    * Memory: 
    N/A

    * FIFO: 
    N/A

    * Expression: 
    +-----------------------+----------+----+---+----+------------+------------+
    |     Variable Name     | Operation| DSP| FF| LUT| Bitwidth P0| Bitwidth P1|
    +-----------------------+----------+----+---+----+------------+------------+
    |add_ln139_fu_379_p2    |         +|   0|  0|  14|           6|           1|
    |add_ln148_1_fu_633_p2  |         +|   0|  0|  10|           2|           2|
    |add_ln148_2_fu_643_p2  |         +|   0|  0|  11|           3|           3|
    |add_ln148_3_fu_649_p2  |         +|   0|  0|  10|           2|           2|
    |add_ln148_4_fu_659_p2  |         +|   0|  0|  10|           2|           2|
    |add_ln148_5_fu_669_p2  |         +|   0|  0|  11|           3|           3|
    |add_ln148_fu_623_p2    |         +|   0|  0|  10|           2|           2|
    |curCost_d0             |         +|   0|  0|  13|           4|           4|
    |icmp_ln139_fu_373_p2   |      icmp|   0|  0|  14|           6|           7|
    |ap_enable_pp0          |       xor|   0|  0|   2|           1|           2|
    |diff_fu_487_p2         |       xor|   0|  0|   8|           8|           8|
    |sum_fu_529_p2          |       xor|   0|  0|   2|           1|           1|
    |xor_ln142_1_fu_493_p2  |       xor|   0|  0|   7|           7|           7|
    |xor_ln142_2_fu_499_p2  |       xor|   0|  0|   6|           6|           6|
    |xor_ln142_3_fu_505_p2  |       xor|   0|  0|   5|           5|           5|
    |xor_ln142_4_fu_511_p2  |       xor|   0|  0|   4|           4|           4|
    |xor_ln142_5_fu_517_p2  |       xor|   0|  0|   3|           3|           3|
    |xor_ln142_6_fu_523_p2  |       xor|   0|  0|   2|           2|           2|
    +-----------------------+----------+----+---+----+------------+------------+
    |Total                  |          |   0|  0| 142|          67|          64|
    +-----------------------+----------+----+---+----+------------+------------+

    * Multiplexer: 
    +-------------------------+----+-----------+-----+-----------+
    |           Name          | LUT| Input Size| Bits| Total Bits|
    +-------------------------+----+-----------+-----+-----------+
    |ap_done_int              |   9|          2|    1|          2|
    |ap_enable_reg_pp0_iter1  |   9|          2|    1|          2|
    |ap_sig_allocacmp_d_3     |   9|          2|    6|         12|
    |d_fu_122                 |   9|          2|    6|         12|
    +-------------------------+----+-----------+-----+-----------+
    |Total                    |  36|          8|   14|         28|
    +-------------------------+----+-----------+-----+-----------+

    * Register: 
    +-------------------------+---+----+-----+-----------+
    |           Name          | FF| LUT| Bits| Const Bits|
    +-------------------------+---+----+-----+-----------+
    |add_ln148_2_reg_712      |  3|   0|    3|          0|
    |add_ln148_5_reg_717      |  3|   0|    3|          0|
    |ap_CS_fsm                |  1|   0|    1|          0|
    |ap_done_reg              |  1|   0|    1|          0|
    |ap_enable_reg_pp0_iter1  |  1|   0|    1|          0|
    |d_3_reg_704              |  6|   0|    6|          0|
    |d_fu_122                 |  6|   0|    6|          0|
    +-------------------------+---+----+-----+-----------+
    |Total                    | 21|   0|   21|          0|
    +-------------------------+---+----+-----+-----------+



================================================================
== Interface
================================================================
* Summary: 
+---------------------------+-----+-----+------------+----------------------------+--------------+
|         RTL Ports         | Dir | Bits|  Protocol  |        Source Object       |    C Type    |
+---------------------------+-----+-----+------------+----------------------------+--------------+
|ap_clk                     |   in|    1|  ap_ctrl_hs|  compute_census_cost_vector|  return value|
|ap_rst                     |   in|    1|  ap_ctrl_hs|  compute_census_cost_vector|  return value|
|ap_start                   |   in|    1|  ap_ctrl_hs|  compute_census_cost_vector|  return value|
|ap_done                    |  out|    1|  ap_ctrl_hs|  compute_census_cost_vector|  return value|
|ap_idle                    |  out|    1|  ap_ctrl_hs|  compute_census_cost_vector|  return value|
|ap_ready                   |  out|    1|  ap_ctrl_hs|  compute_census_cost_vector|  return value|
|leftDesc_val               |   in|    8|     ap_none|                leftDesc_val|        scalar|
|rightCensusHistory_0_val   |   in|    8|     ap_none|    rightCensusHistory_0_val|        scalar|
|rightCensusHistory_1_val   |   in|    8|     ap_none|    rightCensusHistory_1_val|        scalar|
|rightCensusHistory_2_val   |   in|    8|     ap_none|    rightCensusHistory_2_val|        scalar|
|rightCensusHistory_3_val   |   in|    8|     ap_none|    rightCensusHistory_3_val|        scalar|
|rightCensusHistory_4_val   |   in|    8|     ap_none|    rightCensusHistory_4_val|        scalar|
|rightCensusHistory_5_val   |   in|    8|     ap_none|    rightCensusHistory_5_val|        scalar|
|rightCensusHistory_6_val   |   in|    8|     ap_none|    rightCensusHistory_6_val|        scalar|
|rightCensusHistory_7_val   |   in|    8|     ap_none|    rightCensusHistory_7_val|        scalar|
|rightCensusHistory_8_val   |   in|    8|     ap_none|    rightCensusHistory_8_val|        scalar|
|rightCensusHistory_9_val   |   in|    8|     ap_none|    rightCensusHistory_9_val|        scalar|
|rightCensusHistory_10_val  |   in|    8|     ap_none|   rightCensusHistory_10_val|        scalar|
|rightCensusHistory_11_val  |   in|    8|     ap_none|   rightCensusHistory_11_val|        scalar|
|rightCensusHistory_12_val  |   in|    8|     ap_none|   rightCensusHistory_12_val|        scalar|
|rightCensusHistory_13_val  |   in|    8|     ap_none|   rightCensusHistory_13_val|        scalar|
|rightCensusHistory_14_val  |   in|    8|     ap_none|   rightCensusHistory_14_val|        scalar|
|rightCensusHistory_15_val  |   in|    8|     ap_none|   rightCensusHistory_15_val|        scalar|
|rightCensusHistory_16_val  |   in|    8|     ap_none|   rightCensusHistory_16_val|        scalar|
|rightCensusHistory_17_val  |   in|    8|     ap_none|   rightCensusHistory_17_val|        scalar|
|rightCensusHistory_18_val  |   in|    8|     ap_none|   rightCensusHistory_18_val|        scalar|
|rightCensusHistory_19_val  |   in|    8|     ap_none|   rightCensusHistory_19_val|        scalar|
|rightCensusHistory_20_val  |   in|    8|     ap_none|   rightCensusHistory_20_val|        scalar|
|rightCensusHistory_21_val  |   in|    8|     ap_none|   rightCensusHistory_21_val|        scalar|
|rightCensusHistory_22_val  |   in|    8|     ap_none|   rightCensusHistory_22_val|        scalar|
|rightCensusHistory_23_val  |   in|    8|     ap_none|   rightCensusHistory_23_val|        scalar|
|rightCensusHistory_24_val  |   in|    8|     ap_none|   rightCensusHistory_24_val|        scalar|
|rightCensusHistory_25_val  |   in|    8|     ap_none|   rightCensusHistory_25_val|        scalar|
|rightCensusHistory_26_val  |   in|    8|     ap_none|   rightCensusHistory_26_val|        scalar|
|rightCensusHistory_27_val  |   in|    8|     ap_none|   rightCensusHistory_27_val|        scalar|
|rightCensusHistory_28_val  |   in|    8|     ap_none|   rightCensusHistory_28_val|        scalar|
|rightCensusHistory_29_val  |   in|    8|     ap_none|   rightCensusHistory_29_val|        scalar|
|rightCensusHistory_30_val  |   in|    8|     ap_none|   rightCensusHistory_30_val|        scalar|
|rightCensusHistory_31_val  |   in|    8|     ap_none|   rightCensusHistory_31_val|        scalar|
|curCost_address0           |  out|    5|   ap_memory|                     curCost|         array|
|curCost_ce0                |  out|    1|   ap_memory|                     curCost|         array|
|curCost_we0                |  out|    1|   ap_memory|                     curCost|         array|
|curCost_d0                 |  out|    4|   ap_memory|                     curCost|         array|
+---------------------------+-----+-----+------------+----------------------------+--------------+

