

================================================================
== Synthesis Summary Report of 'sgm_kernel'
================================================================
+ General Information: 
    * Date:           Sat Apr 18 16:55:12 2026
    * Version:        2023.1 (Build 3854077 on May  4 2023)
    * Project:        sgm_kernel
    * Solution:       solution1 (Vivado IP Flow Target)
    * Product family: zynq
    * Target device:  xc7z010-clg400-1
    

+ Performance & Resource Estimates: 
    
    PS: '+' for module; 'o' for loop; '*' for dataflow
    +--------------------------------------------------------------------------+------+------+---------+-----------+----------+---------+------+----------+----------+----------+------------+-------------+-----+
    |                                  Modules                                 | Issue|      | Latency |  Latency  | Iteration|         | Trip |          |          |          |            |             |     |
    |                                  & Loops                                 | Type | Slack| (cycles)|    (ns)   |  Latency | Interval| Count| Pipelined|   BRAM   |    DSP   |     FF     |     LUT     | URAM|
    +--------------------------------------------------------------------------+------+------+---------+-----------+----------+---------+------+----------+----------+----------+------------+-------------+-----+
    |+ sgm_kernel                                                              |     -|  0.01|  7130320|  7.130e+07|         -|  7130321|     -|        no|  46 (38%)|  26 (32%)|  6842 (19%)|  14237 (80%)|    -|
    | + sgm_kernel_Pipeline_InitBuf_VITIS_LOOP_272_1                           |     -|  0.30|      974|  9.740e+03|         -|      974|     -|        no|         -|    1 (1%)|    444 (1%)|     370 (2%)|    -|
    |  o InitBuf_VITIS_LOOP_272_1                                              |     -|  7.30|      972|  9.720e+03|        14|        1|   960|       yes|         -|         -|           -|            -|    -|
    | o Row                                                                    |     -|  7.30|  7129344|  7.129e+07|     74264|        -|    96|        no|         -|         -|           -|            -|    -|
    |  + sgm_kernel_Pipeline_ResetCosts                                        |     -|  3.89|       18|    180.000|         -|       18|     -|        no|         -|         -|     8 (~0%)|     41 (~0%)|    -|
    |   o ResetCosts                                                           |     -|  7.30|       16|    160.000|         1|        1|    16|       yes|         -|         -|           -|            -|    -|
    |  + sgm_kernel_Pipeline_InitTBRow_InitTBRowD                              |     -|  1.26|     5122|  5.122e+04|         -|     5122|     -|        no|         -|         -|    30 (~0%)|    134 (~0%)|    -|
    |   o InitTBRow_InitTBRowD                                                 |     -|  7.30|     5120|  5.120e+04|         1|        1|  5120|       yes|         -|         -|           -|            -|    -|
    |  o Col                                                                   |     -|  7.30|    69120|  6.912e+05|       216|        -|   320|        no|         -|         -|           -|            -|    -|
    |   + compute_sad_cost_vector                                              |     -|  0.01|      165|  1.650e+03|         -|      165|     -|        no|         -|  25 (31%)|   3014 (8%)|   5820 (33%)|    -|
    |    + compute_sad_cost_vector_Pipeline_VITIS_LOOP_121_1                   |     -|  4.15|        5|     50.000|         -|        5|     -|        no|         -|         -|    76 (~0%)|     89 (~0%)|    -|
    |     o VITIS_LOOP_121_1                                                   |     -|  7.30|        3|     30.000|         1|        1|     3|       yes|         -|         -|           -|            -|    -|
    |    + compute_sad_cost_vector_Pipeline_VITIS_LOOP_132_3_VITIS_LOOP_134_4  |     -|  0.14|      116|  1.160e+03|         -|      116|     -|        no|         -|    1 (1%)|   1379 (3%)|     503 (2%)|    -|
    |     o VITIS_LOOP_132_3_VITIS_LOOP_134_4                                  |     -|  7.30|      114|  1.140e+03|        14|        1|   102|       yes|         -|         -|           -|            -|    -|
    |    + compute_sad_cost_vector_Pipeline_SAD_Loop_Imterior                  |     -|  0.01|       34|    340.000|         -|       34|     -|        no|         -|         -|   104 (~0%)|   1932 (10%)|    -|
    |     o SAD_Loop_Imterior                                                  |     -|  7.30|       32|    320.000|         2|        1|    32|       yes|         -|         -|           -|            -|    -|
    |    + compute_sad_cost_vector_Pipeline_SAD_Loop_Border                    |     -|  0.29|       49|    490.000|         -|       49|     -|        no|         -|  18 (22%)|   1100 (3%)|    1517 (8%)|    -|
    |     o SAD_Loop_Border                                                    |     -|  7.30|       47|    470.000|        17|        1|    32|       yes|         -|         -|           -|            -|    -|
    |   + reduce_min_vec                                                       |     -|  1.22|       18|    180.000|         -|       18|     -|        no|         -|         -|    45 (~0%)|     399 (2%)|    -|
    |    o MinLoop                                                             |     -|  7.30|       16|    160.000|         2|        1|    16|       yes|         -|         -|           -|            -|    -|
    |   + reduce_min_vec                                                       |     -|  1.22|       18|    180.000|         -|       18|     -|        no|         -|         -|    45 (~0%)|     399 (2%)|    -|
    |    o MinLoop                                                             |     -|  7.30|       16|    160.000|         2|        1|    16|       yes|         -|         -|           -|            -|    -|
    |   + aggregate_paths_and_select                                           |     -|  0.26|       23|    230.000|         -|       23|     -|        no|         -|         -|    409 (1%)|   2607 (14%)|    -|
    |    + aggregate_paths_and_select_Pipeline_AggregationLoop                 |     -|  0.26|       20|    200.000|         -|       20|     -|        no|         -|         -|    380 (1%)|   2506 (14%)|    -|
    |     o AggregationLoop                                                    |     -|  7.30|       18|    180.000|         4|        1|    16|       yes|         -|         -|           -|            -|    -|
    |   + commit_prev_costs                                                    |     -|  3.89|       18|    180.000|         -|       18|     -|        no|         -|         -|    425 (1%)|     979 (5%)|    -|
    |    o CopyPrevLR                                                          |     -|  7.30|       16|    160.000|         1|        1|    16|       yes|         -|         -|           -|            -|    -|
    +--------------------------------------------------------------------------+------+------+---------+-----------+----------+---------+------+----------+----------+----------+------------+-------------+-----+


================================================================
== HW Interfaces
================================================================
* AXIS
+-----------+-----------+---------------+-------+--------+--------+
| Interface | Direction | Register Mode | TDATA | TREADY | TVALID |
+-----------+-----------+---------------+-------+--------+--------+
| disp      | out       | both          | 8     | 1      | 1      |
| left_r    | in        | both          | 8     | 1      | 1      |
| right_r   | in        | both          | 8     | 1      | 1      |
+-----------+-----------+---------------+-------+--------+--------+

* TOP LEVEL CONTROL
+-----------+--------------+----------+
| Interface | Type         | Ports    |
+-----------+--------------+----------+
| ap_clk    | clock        | ap_clk   |
| ap_rst_n  | reset        | ap_rst_n |
| ap_ctrl   | ap_ctrl_none |          |
+-----------+--------------+----------+


================================================================
== SW I/O Information
================================================================
* Top Function Arguments
+----------+-----------+------------------------+
| Argument | Direction | Datatype               |
+----------+-----------+------------------------+
| left     | in        | stream<ap_uint<8>, 0>& |
| right    | in        | stream<ap_uint<8>, 0>& |
| disp     | out       | stream<ap_uint<8>, 0>& |
+----------+-----------+------------------------+

* SW-to-HW Mapping
+----------+--------------+-----------+
| Argument | HW Interface | HW Type   |
+----------+--------------+-----------+
| left     | left_r       | interface |
| right    | right_r      | interface |
| disp     | disp         | interface |
+----------+--------------+-----------+


================================================================
== Bind Op Report
================================================================
+------------------------------------------------------------------------+-----+--------+----------------+-----+--------+---------+
| Name                                                                   | DSP | Pragma | Variable       | Op  | Impl   | Latency |
+------------------------------------------------------------------------+-----+--------+----------------+-----+--------+---------+
| + sgm_kernel                                                           | 26  |        |                |     |        |         |
|   r_2_fu_2350_p2                                                       | -   |        | r_2            | add | fabric | 0       |
|   add_ln341_fu_2386_p2                                                 | -   |        | add_ln341      | add | fabric | 0       |
|   add_ln341_1_fu_2392_p2                                               | -   |        | add_ln341_1    | add | fabric | 0       |
|   add_ln355_fu_2777_p2                                                 | -   |        | add_ln355      | add | fabric | 0       |
|  + sgm_kernel_Pipeline_InitBuf_VITIS_LOOP_272_1                        | 1   |        |                |     |        |         |
|    add_ln270_fu_378_p2                                                 | -   |        | add_ln270      | add | fabric | 0       |
|    add_ln270_1_fu_426_p2                                               | -   |        | add_ln270_1    | add | fabric | 0       |
|    mul_9ns_11ns_19_1_1_U2                                              | 1   |        | mul_ln272      | mul | auto   | 0       |
|    add_ln272_fu_407_p2                                                 | -   |        | add_ln272      | add | fabric | 0       |
|  + sgm_kernel_Pipeline_ResetCosts                                      | 0   |        |                |     |        |         |
|    add_ln319_fu_338_p2                                                 | -   |        | add_ln319      | add | fabric | 0       |
|  + sgm_kernel_Pipeline_InitTBRow_InitTBRowD                            | 0   |        |                |     |        |         |
|    add_ln328_fu_628_p2                                                 | -   |        | add_ln328      | add | fabric | 0       |
|    add_ln328_1_fu_656_p2                                               | -   |        | add_ln328_1    | add | fabric | 0       |
|    add_ln332_fu_710_p2                                                 | -   |        | add_ln332      | add | fabric | 0       |
|  + compute_sad_cost_vector                                             | 25  |        |                |     |        |         |
|    add_ln87_fu_1443_p2                                                 | -   |        | add_ln87       | add | fabric | 0       |
|    add_ln88_fu_1449_p2                                                 | -   |        | add_ln88       | add | fabric | 0       |
|    rightBaseCol_fu_1461_p2                                             | -   |        | rightBaseCol   | add | fabric | 0       |
|    mul_9ns_11ns_19_1_1_U463                                            | 1   |        | mul23          | mul | auto   | 0       |
|    mul_9ns_11ns_19_1_1_U464                                            | 1   |        | mul20          | mul | auto   | 0       |
|    mul_9ns_11ns_19_1_1_U465                                            | 1   |        | mul18          | mul | auto   | 0       |
|    add_ln132_fu_1675_p2                                                | -   |        | add_ln132      | add | fabric | 0       |
|    mul_9ns_11ns_19_1_1_U475                                            | 1   |        | mul7           | mul | auto   | 0       |
|    mul_9ns_11ns_19_1_1_U476                                            | 1   |        | mul4           | mul | auto   | 0       |
|    mul_9ns_11ns_19_1_1_U477                                            | 1   |        | mul            | mul | auto   | 0       |
|   + compute_sad_cost_vector_Pipeline_VITIS_LOOP_121_1                  | 0   |        |                |     |        |         |
|     add_ln121_fu_263_p2                                                | -   |        | add_ln121      | add | fabric | 0       |
|   + compute_sad_cost_vector_Pipeline_VITIS_LOOP_132_3_VITIS_LOOP_134_4 | 1   |        |                |     |        |         |
|     add_ln132_1_fu_1601_p2                                             | -   |        | add_ln132_1    | add | fabric | 0       |
|     add_ln132_2_fu_1643_p2                                             | -   |        | add_ln132_2    | add | fabric | 0       |
|     grp_fu_1664_p0                                                     | -   |        | add_ln137      | add | fabric | 0       |
|     mul_9ns_11ns_19_1_1_U106                                           | 1   |        | mul_ln770      | mul | auto   | 0       |
|     add_ln134_fu_1624_p2                                               | -   |        | add_ln134      | add | fabric | 0       |
|   + compute_sad_cost_vector_Pipeline_SAD_Loop_Imterior                 | 0   |        |                |     |        |         |
|     add_ln141_fu_1060_p2                                               | -   |        | add_ln141      | add | fabric | 0       |
|     sub_ln21_fu_1751_p2                                                | -   |        | sub_ln21       | sub | fabric | 0       |
|     sub_ln21_1_fu_1755_p2                                              | -   |        | sub_ln21_1     | sub | fabric | 0       |
|     sub_ln21_2_fu_1775_p2                                              | -   |        | sub_ln21_2     | sub | fabric | 0       |
|     sub_ln21_3_fu_1779_p2                                              | -   |        | sub_ln21_3     | sub | fabric | 0       |
|     sub_ln21_4_fu_1292_p2                                              | -   |        | sub_ln21_4     | sub | fabric | 0       |
|     sub_ln21_5_fu_1298_p2                                              | -   |        | sub_ln21_5     | sub | fabric | 0       |
|     sub_ln21_6_fu_1808_p2                                              | -   |        | sub_ln21_6     | sub | fabric | 0       |
|     sub_ln21_7_fu_1812_p2                                              | -   |        | sub_ln21_7     | sub | fabric | 0       |
|     sub_ln21_8_fu_1832_p2                                              | -   |        | sub_ln21_8     | sub | fabric | 0       |
|     sub_ln21_9_fu_1836_p2                                              | -   |        | sub_ln21_9     | sub | fabric | 0       |
|     sub_ln21_10_fu_1856_p2                                             | -   |        | sub_ln21_10    | sub | fabric | 0       |
|     sub_ln21_11_fu_1860_p2                                             | -   |        | sub_ln21_11    | sub | fabric | 0       |
|     sub_ln21_12_fu_1880_p2                                             | -   |        | sub_ln21_12    | sub | fabric | 0       |
|     sub_ln21_13_fu_1884_p2                                             | -   |        | sub_ln21_13    | sub | fabric | 0       |
|     sub_ln21_14_fu_1904_p2                                             | -   |        | sub_ln21_14    | sub | fabric | 0       |
|     sub_ln21_15_fu_1908_p2                                             | -   |        | sub_ln21_15    | sub | fabric | 0       |
|     sub_ln21_16_fu_1730_p2                                             | -   |        | sub_ln21_16    | sub | fabric | 0       |
|     sub_ln21_17_fu_1736_p2                                             | -   |        | sub_ln21_17    | sub | fabric | 0       |
|     add_ln155_fu_1933_p2                                               | -   |        | add_ln155      | add | fabric | 0       |
|     add_ln155_1_fu_1943_p2                                             | -   |        | add_ln155_1    | add | fabric | 0       |
|     add_ln155_2_fu_1953_p2                                             | -   |        | add_ln155_2    | add | fabric | 0       |
|     add_ln155_3_fu_1963_p2                                             | -   |        | add_ln155_3    | add | fabric | 0       |
|     add_ln155_4_fu_1973_p2                                             | -   |        | add_ln155_4    | add | fabric | 0       |
|     add_ln155_5_fu_1983_p2                                             | -   |        | add_ln155_5    | add | fabric | 0       |
|     add_ln155_6_fu_1993_p2                                             | -   |        | add_ln155_6    | add | fabric | 0       |
|     sum_1_fu_2003_p2                                                   | -   |        | sum_1          | add | fabric | 0       |
|   + compute_sad_cost_vector_Pipeline_SAD_Loop_Border                   | 18  |        |                |     |        |         |
|     add_ln93_fu_634_p2                                                 | -   |        | add_ln93       | add | fabric | 0       |
|     sub_ln105_fu_648_p2                                                | -   |        | sub_ln105      | sub | fabric | 0       |
|     mul_9ns_11ns_19_1_1_U378                                           | 1   |        | mul_ln96       | mul | auto   | 0       |
|     add_ln105_fu_668_p2                                                | -   |        | add_ln105      | add | fabric | 0       |
|     mul_64ns_66ns_129_5_1_U376                                         | 16  |        | mul_ln107      | mul | auto   | 4       |
|     sub_ln21_fu_951_p2                                                 | -   |        | sub_ln21       | sub | fabric | 0       |
|     sub_ln21_1_fu_956_p2                                               | -   |        | sub_ln21_1     | sub | fabric | 0       |
|     sub_ln21_2_fu_986_p2                                               | -   |        | sub_ln21_2     | sub | fabric | 0       |
|     sub_ln21_3_fu_991_p2                                               | -   |        | sub_ln21_3     | sub | fabric | 0       |
|     add_ln105_1_fu_706_p2                                              | -   |        | add_ln105_1    | add | fabric | 0       |
|     mul_9ns_11ns_19_1_1_U379                                           | 1   |        | mul_ln107_1    | mul | auto   | 0       |
|     sub_ln21_18_fu_1028_p2                                             | -   |        | sub_ln21_18    | sub | fabric | 0       |
|     sub_ln21_19_fu_1033_p2                                             | -   |        | sub_ln21_19    | sub | fabric | 0       |
|     sub_ln21_20_fu_1367_p2                                             | -   |        | sub_ln21_20    | sub | fabric | 0       |
|     sub_ln21_21_fu_1373_p2                                             | -   |        | sub_ln21_21    | sub | fabric | 0       |
|     sub_ln21_22_fu_1074_p2                                             | -   |        | sub_ln21_22    | sub | fabric | 0       |
|     sub_ln21_23_fu_1080_p2                                             | -   |        | sub_ln21_23    | sub | fabric | 0       |
|     sub_ln21_24_fu_1124_p2                                             | -   |        | sub_ln21_24    | sub | fabric | 0       |
|     sub_ln21_25_fu_1130_p2                                             | -   |        | sub_ln21_25    | sub | fabric | 0       |
|     sub_ln21_26_fu_1180_p2                                             | -   |        | sub_ln21_26    | sub | fabric | 0       |
|     sub_ln21_27_fu_1186_p2                                             | -   |        | sub_ln21_27    | sub | fabric | 0       |
|     sub_ln21_28_fu_1224_p2                                             | -   |        | sub_ln21_28    | sub | fabric | 0       |
|     sub_ln21_29_fu_1230_p2                                             | -   |        | sub_ln21_29    | sub | fabric | 0       |
|     sub_ln21_30_fu_1285_p2                                             | -   |        | sub_ln21_30    | sub | fabric | 0       |
|     sub_ln21_31_fu_1291_p2                                             | -   |        | sub_ln21_31    | sub | fabric | 0       |
|     add_ln113_fu_1313_p2                                               | -   |        | add_ln113      | add | fabric | 0       |
|     add_ln113_1_fu_1323_p2                                             | -   |        | add_ln113_1    | add | fabric | 0       |
|     add_ln113_2_fu_1333_p2                                             | -   |        | add_ln113_2    | add | fabric | 0       |
|     add_ln113_3_fu_1339_p2                                             | -   |        | add_ln113_3    | add | fabric | 0       |
|     add_ln113_4_fu_1345_p2                                             | -   |        | add_ln113_4    | add | fabric | 0       |
|     add_ln113_5_fu_1404_p2                                             | -   |        | add_ln113_5    | add | fabric | 0       |
|     add_ln113_6_fu_1414_p2                                             | -   |        | add_ln113_6    | add | fabric | 0       |
|     sum_2_fu_1424_p2                                                   | -   |        | sum_2          | add | fabric | 0       |
|  + reduce_min_vec (grp_reduce_min_vec_fu_1454)                         | 0   |        |                |     |        |         |
|    add_ln168_fu_459_p2                                                 | -   |        | add_ln168      | add | fabric | 0       |
|  + reduce_min_vec (grp_reduce_min_vec_fu_1490)                         | 0   |        |                |     |        |         |
|    add_ln168_fu_459_p2                                                 | -   |        | add_ln168      | add | fabric | 0       |
|  + aggregate_paths_and_select                                          | 0   |        |                |     |        |         |
|    add_i279_fu_817_p2                                                  | -   |        | add_i279       | add | fabric | 0       |
|    conv2_i_i_i254_fu_831_p2                                            | -   |        | conv2_i_i_i254 | add | fabric | 0       |
|    add_i108_fu_841_p2                                                  | -   |        | add_i108       | add | fabric | 0       |
|    conv2_i_i_i83_fu_855_p2                                             | -   |        | conv2_i_i_i83  | add | fabric | 0       |
|   + aggregate_paths_and_select_Pipeline_AggregationLoop                | 0   |        |                |     |        |         |
|     add_ln198_fu_1219_p2                                               | -   |        | add_ln198      | add | fabric | 0       |
|     p2_LR_fu_1233_p2                                                   | -   |        | p2_LR          | add | fabric | 0       |
|     add_ln197_fu_1455_p2                                               | -   |        | add_ln197      | add | fabric | 0       |
|     p1_LR_fu_1469_p2                                                   | -   |        | p1_LR          | add | fabric | 0       |
|     add_ln210_fu_1555_p2                                               | -   |        | add_ln210      | add | fabric | 0       |
|     p1_TB_fu_1569_p2                                                   | -   |        | p1_TB          | add | fabric | 0       |
|     add_ln206_fu_1967_p2                                               | -   |        | add_ln206      | add | fabric | 0       |
|     sub_ln206_fu_2209_p2                                               | -   |        | sub_ln206      | sub | fabric | 0       |
|     add_ln211_fu_1677_p2                                               | -   |        | add_ln211      | add | fabric | 0       |
|     p2_TB_fu_1691_p2                                                   | -   |        | p2_TB          | add | fabric | 0       |
|     add_ln219_fu_2006_p2                                               | -   |        | add_ln219      | add | fabric | 0       |
|     sub_ln219_fu_2245_p2                                               | -   |        | sub_ln219      | sub | fabric | 0       |
|     add_ln222_fu_2286_p2                                               | -   |        | add_ln222      | add | fabric | 0       |
|     sum2_fu_2300_p2                                                    | -   |        | sum2           | add | fabric | 0       |
|     add_ln197_1_fu_2015_p2                                             | -   |        | add_ln197_1    | add | fabric | 0       |
|     p1_LR_2_fu_2029_p2                                                 | -   |        | p1_LR_2        | add | fabric | 0       |
|     d_6_fu_1711_p2                                                     | -   |        | d_6            | add | fabric | 0       |
|     add_ln210_1_fu_2063_p2                                             | -   |        | add_ln210_1    | add | fabric | 0       |
|     p1_TB_3_fu_2077_p2                                                 | -   |        | p1_TB_3        | add | fabric | 0       |
|     add_ln198_1_fu_2093_p2                                             | -   |        | add_ln198_1    | add | fabric | 0       |
|     p2_LR_2_fu_2107_p2                                                 | -   |        | p2_LR_2        | add | fabric | 0       |
|     add_ln211_1_fu_2123_p2                                             | -   |        | add_ln211_1    | add | fabric | 0       |
|     p2_TB_17_fu_2137_p2                                                | -   |        | p2_TB_17       | add | fabric | 0       |
|     add_ln206_1_fu_2523_p2                                             | -   |        | add_ln206_1    | add | fabric | 0       |
|     sub_ln206_1_fu_2533_p2                                             | -   |        | sub_ln206_1    | sub | fabric | 0       |
|     add_ln219_1_fu_2580_p2                                             | -   |        | add_ln219_1    | add | fabric | 0       |
|     sub_ln219_1_fu_2590_p2                                             | -   |        | sub_ln219_1    | sub | fabric | 0       |
|     add_ln222_1_fu_2850_p2                                             | -   |        | add_ln222_1    | add | fabric | 0       |
|     sum2_2_fu_2864_p2                                                  | -   |        | sum2_2         | add | fabric | 0       |
|  + commit_prev_costs                                                   | 0   |        |                |     |        |         |
|    add_ln243_fu_1932_p2                                                | -   |        | add_ln243      | add | fabric | 0       |
+------------------------------------------------------------------------+-----+--------+----------------+-----+--------+---------+


================================================================
== Bind Storage Report
================================================================
+----------------------------------------------------------------------------+------+------+--------+------------------------------------------------------------------------+---------+------+---------+
| Name                                                                       | BRAM | URAM | Pragma | Variable                                                               | Storage | Impl | Latency |
+----------------------------------------------------------------------------+------+------+--------+------------------------------------------------------------------------+---------+------+---------+
| + sgm_kernel                                                               | 46   | 0    |        |                                                                        |         |      |         |
|   bufL_U                                                                   | 1    | -    | yes    | bufL                                                                   | ram_s2p | bram | 1       |
|   bufL_1_U                                                                 | 1    | -    | yes    | bufL_1                                                                 | ram_s2p | bram | 1       |
|   bufL_2_U                                                                 | 1    | -    | yes    | bufL_2                                                                 | ram_s2p | bram | 1       |
|   bufL_3_U                                                                 | 1    | -    | yes    | bufL_3                                                                 | ram_s2p | bram | 1       |
|   bufL_4_U                                                                 | 1    | -    | yes    | bufL_4                                                                 | ram_s2p | bram | 1       |
|   bufL_5_U                                                                 | 1    | -    | yes    | bufL_5                                                                 | ram_s2p | bram | 1       |
|   bufL_6_U                                                                 | 1    | -    | yes    | bufL_6                                                                 | ram_s2p | bram | 1       |
|   bufR_U                                                                   | 1    | -    | yes    | bufR                                                                   | ram_s2p | bram | 1       |
|   bufR_1_U                                                                 | 1    | -    | yes    | bufR_1                                                                 | ram_s2p | bram | 1       |
|   bufR_2_U                                                                 | 1    | -    | yes    | bufR_2                                                                 | ram_s2p | bram | 1       |
|   bufR_3_U                                                                 | 1    | -    | yes    | bufR_3                                                                 | ram_s2p | bram | 1       |
|   bufR_4_U                                                                 | 1    | -    | yes    | bufR_4                                                                 | ram_s2p | bram | 1       |
|   bufR_5_U                                                                 | 1    | -    | yes    | bufR_5                                                                 | ram_s2p | bram | 1       |
|   bufR_6_U                                                                 | 1    | -    | yes    | bufR_6                                                                 | ram_s2p | bram | 1       |
|   sgm_kernel_stream_stream_ap_uint_8_0_stream_ap_uint_8_0_prevCostT_9_U    | 1    | -    | pragma | sgm_kernel_stream_stream_ap_uint_8_0_stream_ap_uint_8_0_prevCostT_9    | ram_1p  | bram | 1       |
|   sgm_kernel_stream_stream_ap_uint_8_0_stream_ap_uint_8_0_prevCostT_8_U    | 1    | -    | pragma | sgm_kernel_stream_stream_ap_uint_8_0_stream_ap_uint_8_0_prevCostT_8    | ram_1p  | bram | 1       |
|   sgm_kernel_stream_stream_ap_uint_8_0_stream_ap_uint_8_0_prevCostT_7_U    | 1    | -    | pragma | sgm_kernel_stream_stream_ap_uint_8_0_stream_ap_uint_8_0_prevCostT_7    | ram_1p  | bram | 1       |
|   sgm_kernel_stream_stream_ap_uint_8_0_stream_ap_uint_8_0_prevCostT_6_U    | 1    | -    | pragma | sgm_kernel_stream_stream_ap_uint_8_0_stream_ap_uint_8_0_prevCostT_6    | ram_1p  | bram | 1       |
|   sgm_kernel_stream_stream_ap_uint_8_0_stream_ap_uint_8_0_prevCostT_5_U    | 1    | -    | pragma | sgm_kernel_stream_stream_ap_uint_8_0_stream_ap_uint_8_0_prevCostT_5    | ram_1p  | bram | 1       |
|   sgm_kernel_stream_stream_ap_uint_8_0_stream_ap_uint_8_0_prevCostT_4_U    | 1    | -    | pragma | sgm_kernel_stream_stream_ap_uint_8_0_stream_ap_uint_8_0_prevCostT_4    | ram_1p  | bram | 1       |
|   sgm_kernel_stream_stream_ap_uint_8_0_stream_ap_uint_8_0_prevCostT_3_U    | 1    | -    | pragma | sgm_kernel_stream_stream_ap_uint_8_0_stream_ap_uint_8_0_prevCostT_3    | ram_1p  | bram | 1       |
|   sgm_kernel_stream_stream_ap_uint_8_0_stream_ap_uint_8_0_prevCostT_2_U    | 1    | -    | pragma | sgm_kernel_stream_stream_ap_uint_8_0_stream_ap_uint_8_0_prevCostT_2    | ram_1p  | bram | 1       |
|   sgm_kernel_stream_stream_ap_uint_8_0_stream_ap_uint_8_0_prevCostT_1_U    | 1    | -    | pragma | sgm_kernel_stream_stream_ap_uint_8_0_stream_ap_uint_8_0_prevCostT_1    | ram_1p  | bram | 1       |
|   sgm_kernel_stream_stream_ap_uint_8_0_stream_ap_uint_8_0_prevCostT_U      | 1    | -    | pragma | sgm_kernel_stream_stream_ap_uint_8_0_stream_ap_uint_8_0_prevCostT      | ram_1p  | bram | 1       |
|   p_ZZ10sgm_kernelRN3hls6streamI7ap_uintILi8EELi0EEES4_S4_E9prevCostT_10_U | 1    | -    | pragma | p_ZZ10sgm_kernelRN3hls6streamI7ap_uintILi8EELi0EEES4_S4_E9prevCostT_10 | ram_1p  | bram | 1       |
|   p_ZZ10sgm_kernelRN3hls6streamI7ap_uintILi8EELi0EEES4_S4_E9prevCostT_11_U | 1    | -    | pragma | p_ZZ10sgm_kernelRN3hls6streamI7ap_uintILi8EELi0EEES4_S4_E9prevCostT_11 | ram_1p  | bram | 1       |
|   p_ZZ10sgm_kernelRN3hls6streamI7ap_uintILi8EELi0EEES4_S4_E9prevCostT_12_U | 1    | -    | pragma | p_ZZ10sgm_kernelRN3hls6streamI7ap_uintILi8EELi0EEES4_S4_E9prevCostT_12 | ram_1p  | bram | 1       |
|   p_ZZ10sgm_kernelRN3hls6streamI7ap_uintILi8EELi0EEES4_S4_E9prevCostT_13_U | 1    | -    | pragma | p_ZZ10sgm_kernelRN3hls6streamI7ap_uintILi8EELi0EEES4_S4_E9prevCostT_13 | ram_1p  | bram | 1       |
|   p_ZZ10sgm_kernelRN3hls6streamI7ap_uintILi8EELi0EEES4_S4_E9prevCostT_14_U | 1    | -    | pragma | p_ZZ10sgm_kernelRN3hls6streamI7ap_uintILi8EELi0EEES4_S4_E9prevCostT_14 | ram_1p  | bram | 1       |
|   p_ZZ10sgm_kernelRN3hls6streamI7ap_uintILi8EELi0EEES4_S4_E9prevCostT_15_U | 1    | -    | pragma | p_ZZ10sgm_kernelRN3hls6streamI7ap_uintILi8EELi0EEES4_S4_E9prevCostT_15 | ram_1p  | bram | 1       |
|   p_ZZ10sgm_kernelRN3hls6streamI7ap_uintILi8EELi0EEES4_S4_E9prevCostT_16_U | 1    | -    | pragma | p_ZZ10sgm_kernelRN3hls6streamI7ap_uintILi8EELi0EEES4_S4_E9prevCostT_16 | ram_1p  | bram | 1       |
|   p_ZZ10sgm_kernelRN3hls6streamI7ap_uintILi8EELi0EEES4_S4_E9prevCostT_17_U | 1    | -    | pragma | p_ZZ10sgm_kernelRN3hls6streamI7ap_uintILi8EELi0EEES4_S4_E9prevCostT_17 | ram_1p  | bram | 1       |
|   p_ZZ10sgm_kernelRN3hls6streamI7ap_uintILi8EELi0EEES4_S4_E9prevCostT_18_U | 1    | -    | pragma | p_ZZ10sgm_kernelRN3hls6streamI7ap_uintILi8EELi0EEES4_S4_E9prevCostT_18 | ram_1p  | bram | 1       |
|   p_ZZ10sgm_kernelRN3hls6streamI7ap_uintILi8EELi0EEES4_S4_E9prevCostT_19_U | 1    | -    | pragma | p_ZZ10sgm_kernelRN3hls6streamI7ap_uintILi8EELi0EEES4_S4_E9prevCostT_19 | ram_1p  | bram | 1       |
|   p_ZZ10sgm_kernelRN3hls6streamI7ap_uintILi8EELi0EEES4_S4_E9prevCostT_20_U | 1    | -    | pragma | p_ZZ10sgm_kernelRN3hls6streamI7ap_uintILi8EELi0EEES4_S4_E9prevCostT_20 | ram_1p  | bram | 1       |
|   p_ZZ10sgm_kernelRN3hls6streamI7ap_uintILi8EELi0EEES4_S4_E9prevCostT_21_U | 1    | -    | pragma | p_ZZ10sgm_kernelRN3hls6streamI7ap_uintILi8EELi0EEES4_S4_E9prevCostT_21 | ram_1p  | bram | 1       |
|   p_ZZ10sgm_kernelRN3hls6streamI7ap_uintILi8EELi0EEES4_S4_E9prevCostT_22_U | 1    | -    | pragma | p_ZZ10sgm_kernelRN3hls6streamI7ap_uintILi8EELi0EEES4_S4_E9prevCostT_22 | ram_1p  | bram | 1       |
|   p_ZZ10sgm_kernelRN3hls6streamI7ap_uintILi8EELi0EEES4_S4_E9prevCostT_23_U | 1    | -    | pragma | p_ZZ10sgm_kernelRN3hls6streamI7ap_uintILi8EELi0EEES4_S4_E9prevCostT_23 | ram_1p  | bram | 1       |
|   p_ZZ10sgm_kernelRN3hls6streamI7ap_uintILi8EELi0EEES4_S4_E9prevCostT_24_U | 1    | -    | pragma | p_ZZ10sgm_kernelRN3hls6streamI7ap_uintILi8EELi0EEES4_S4_E9prevCostT_24 | ram_1p  | bram | 1       |
|   p_ZZ10sgm_kernelRN3hls6streamI7ap_uintILi8EELi0EEES4_S4_E9prevCostT_25_U | 1    | -    | pragma | p_ZZ10sgm_kernelRN3hls6streamI7ap_uintILi8EELi0EEES4_S4_E9prevCostT_25 | ram_1p  | bram | 1       |
|   p_ZZ10sgm_kernelRN3hls6streamI7ap_uintILi8EELi0EEES4_S4_E9prevCostT_26_U | 1    | -    | pragma | p_ZZ10sgm_kernelRN3hls6streamI7ap_uintILi8EELi0EEES4_S4_E9prevCostT_26 | ram_1p  | bram | 1       |
|   p_ZZ10sgm_kernelRN3hls6streamI7ap_uintILi8EELi0EEES4_S4_E9prevCostT_27_U | 1    | -    | pragma | p_ZZ10sgm_kernelRN3hls6streamI7ap_uintILi8EELi0EEES4_S4_E9prevCostT_27 | ram_1p  | bram | 1       |
|   p_ZZ10sgm_kernelRN3hls6streamI7ap_uintILi8EELi0EEES4_S4_E9prevCostT_28_U | 1    | -    | pragma | p_ZZ10sgm_kernelRN3hls6streamI7ap_uintILi8EELi0EEES4_S4_E9prevCostT_28 | ram_1p  | bram | 1       |
|   p_ZZ10sgm_kernelRN3hls6streamI7ap_uintILi8EELi0EEES4_S4_E9prevCostT_29_U | 1    | -    | pragma | p_ZZ10sgm_kernelRN3hls6streamI7ap_uintILi8EELi0EEES4_S4_E9prevCostT_29 | ram_1p  | bram | 1       |
|   p_ZZ10sgm_kernelRN3hls6streamI7ap_uintILi8EELi0EEES4_S4_E9prevCostT_30_U | 1    | -    | pragma | p_ZZ10sgm_kernelRN3hls6streamI7ap_uintILi8EELi0EEES4_S4_E9prevCostT_30 | ram_1p  | bram | 1       |
|   p_ZZ10sgm_kernelRN3hls6streamI7ap_uintILi8EELi0EEES4_S4_E9prevCostT_31_U | 1    | -    | pragma | p_ZZ10sgm_kernelRN3hls6streamI7ap_uintILi8EELi0EEES4_S4_E9prevCostT_31 | ram_1p  | bram | 1       |
+----------------------------------------------------------------------------+------+------+--------+------------------------------------------------------------------------+---------+------+---------+


================================================================
== Pragma Report
================================================================
* Pragmas with Warnings
+---------------+------------------------------------------+------------------------------------------------------------------------------------------------------------------------------+----------------------------------------------------+
| Type          | Options                                  | Location                                                                                                                     | Messages                                           |
+---------------+------------------------------------------+------------------------------------------------------------------------------------------------------------------------------+----------------------------------------------------+
| array_reshape | variable=val factor=RESHAPE_FACTOR dim=1 | ../Vitis_Libraries/vision/L1/include/common/xf_video_mem.hpp:759 in linebuffer<rows, cols, t, mem_type, reshape_factor>, val | 'factor' in '#pragma HLS array_reshape' is ignored |
+---------------+------------------------------------------+------------------------------------------------------------------------------------------------------------------------------+----------------------------------------------------+

* Valid Pragma Syntax
+-----------------+--------------------------------------------------+------------------------------------------------------------------------------------------------------------------------------+
| Type            | Options                                          | Location                                                                                                                     |
+-----------------+--------------------------------------------------+------------------------------------------------------------------------------------------------------------------------------+
| inline          |                                                  | ../Vitis_Libraries/vision/L1/include/common/xf_structs.hpp:245 in scalar<n, t>                                               |
| array_partition | variable=val dim=1 complete                      | ../Vitis_Libraries/vision/L1/include/common/xf_structs.hpp:246 in scalar<n, t>, val                                          |
| inline          |                                                  | ../Vitis_Libraries/vision/L1/include/common/xf_structs.hpp:252 in scalar<n, t>                                               |
| array_partition | variable=val dim=1 complete                      | ../Vitis_Libraries/vision/L1/include/common/xf_structs.hpp:253 in scalar<n, t>, val                                          |
| array_partition | variable=val dim=1 complete                      | ../Vitis_Libraries/vision/L1/include/common/xf_structs.hpp:260 in scalar<n, t>, val                                          |
| inline          |                                                  | ../Vitis_Libraries/vision/L1/include/common/xf_structs.hpp:261 in scalar<n, t>                                               |
| array_partition | variable=val dim=1 complete                      | ../Vitis_Libraries/vision/L1/include/common/xf_structs.hpp:269 in scalar<n, t>, val                                          |
| inline          |                                                  | ../Vitis_Libraries/vision/L1/include/common/xf_structs.hpp:270 in scalar<n, t>                                               |
| array_partition | variable=val dim=1 complete                      | ../Vitis_Libraries/vision/L1/include/common/xf_structs.hpp:279 in scalar<n, t>, val                                          |
| inline          |                                                  | ../Vitis_Libraries/vision/L1/include/common/xf_structs.hpp:280 in scalar<n, t>                                               |
| inline          |                                                  | ../Vitis_Libraries/vision/L1/include/common/xf_structs.hpp:305 in operator=                                                  |
| unroll          |                                                  | ../Vitis_Libraries/vision/L1/include/common/xf_structs.hpp:309 in operator=                                                  |
| inline          |                                                  | ../Vitis_Libraries/vision/L1/include/common/xf_structs.hpp:318 in operator+                                                  |
| unroll          |                                                  | ../Vitis_Libraries/vision/L1/include/common/xf_structs.hpp:323 in operator+                                                  |
| inline          |                                                  | ../Vitis_Libraries/vision/L1/include/common/xf_structs.hpp:333 in operator+                                                  |
| unroll          |                                                  | ../Vitis_Libraries/vision/L1/include/common/xf_structs.hpp:338 in operator+                                                  |
| inline          |                                                  | ../Vitis_Libraries/vision/L1/include/common/xf_structs.hpp:348 in operator-                                                  |
| unroll          |                                                  | ../Vitis_Libraries/vision/L1/include/common/xf_structs.hpp:353 in operator-                                                  |
| inline          |                                                  | ../Vitis_Libraries/vision/L1/include/common/xf_structs.hpp:363 in operator-                                                  |
| unroll          |                                                  | ../Vitis_Libraries/vision/L1/include/common/xf_structs.hpp:368 in operator-                                                  |
| inline          |                                                  | ../Vitis_Libraries/vision/L1/include/common/xf_structs.hpp:378 in operator*                                                  |
| unroll          |                                                  | ../Vitis_Libraries/vision/L1/include/common/xf_structs.hpp:383 in operator*                                                  |
| inline          |                                                  | ../Vitis_Libraries/vision/L1/include/common/xf_structs.hpp:393 in operator*                                                  |
| unroll          |                                                  | ../Vitis_Libraries/vision/L1/include/common/xf_structs.hpp:398 in operator*                                                  |
| inline          |                                                  | ../Vitis_Libraries/vision/L1/include/common/xf_structs.hpp:408 in operator/                                                  |
| unroll          |                                                  | ../Vitis_Libraries/vision/L1/include/common/xf_structs.hpp:413 in operator/                                                  |
| inline          |                                                  | ../Vitis_Libraries/vision/L1/include/common/xf_structs.hpp:423 in operator/                                                  |
| unroll          |                                                  | ../Vitis_Libraries/vision/L1/include/common/xf_structs.hpp:428 in operator/                                                  |
| inline          |                                                  | ../Vitis_Libraries/vision/L1/include/common/xf_structs.hpp:584 in type                                                       |
| inline          |                                                  | ../Vitis_Libraries/vision/L1/include/common/xf_structs.hpp:592 in depth                                                      |
| inline          |                                                  | ../Vitis_Libraries/vision/L1/include/common/xf_structs.hpp:599 in channels                                                   |
| inline          |                                                  | ../Vitis_Libraries/vision/L1/include/common/xf_structs.hpp:607 in init                                                       |
| inline          |                                                  | ../Vitis_Libraries/vision/L1/include/common/xf_structs.hpp:654 in mat<t, rows, cols, npc, xfcvdepth>                         |
| inline          |                                                  | ../Vitis_Libraries/vision/L1/include/common/xf_structs.hpp:663 in mat<t, rows, cols, npc, xfcvdepth>                         |
| inline          |                                                  | ../Vitis_Libraries/vision/L1/include/common/xf_structs.hpp:672 in mat<t, rows, cols, npc, xfcvdepth>                         |
| inline          |                                                  | ../Vitis_Libraries/vision/L1/include/common/xf_structs.hpp:681 in mat<t, rows, cols, npc, xfcvdepth>                         |
| inline          |                                                  | ../Vitis_Libraries/vision/L1/include/common/xf_structs.hpp:708 in copyto                                                     |
| inline          |                                                  | ../Vitis_Libraries/vision/L1/include/common/xf_structs.hpp:742 in copyfrom                                                   |
| bind_op         | variable=mul_rows_cols op=mul impl=dsp latency=2 | ../Vitis_Libraries/vision/L1/include/common/xf_structs.hpp:949 in addrbound, mul_rows_cols                                   |
| loop_tripcount  | min=1 max=ADDRBOUND                              | ../Vitis_Libraries/vision/L1/include/common/xf_structs.hpp:984 in axi2axistream                                              |
| pipeline        |                                                  | ../Vitis_Libraries/vision/L1/include/common/xf_structs.hpp:985 in axi2axistream                                              |
| loop_tripcount  | min=1 max=ADDRBOUND                              | ../Vitis_Libraries/vision/L1/include/common/xf_structs.hpp:998 in axi2axistream                                              |
| pipeline        |                                                  | ../Vitis_Libraries/vision/L1/include/common/xf_structs.hpp:999 in axi2axistream                                              |
| loop_tripcount  | min=1 max=ROWS                                   | ../Vitis_Libraries/vision/L1/include/common/xf_structs.hpp:1019 in axi2axistream                                             |
| loop_tripcount  | min=1 max=COLS_ADDRBOUND                         | ../Vitis_Libraries/vision/L1/include/common/xf_structs.hpp:1023 in axi2axistream                                             |
| pipeline        | II=1                                             | ../Vitis_Libraries/vision/L1/include/common/xf_structs.hpp:1024 in axi2axistream                                             |
| loop_tripcount  | min=1 max=LOOPBOUND                              | ../Vitis_Libraries/vision/L1/include/common/xf_structs.hpp:1056 in axistream2matstream                                       |
| pipeline        |                                                  | ../Vitis_Libraries/vision/L1/include/common/xf_structs.hpp:1057 in axistream2matstream                                       |
| loop_tripcount  | min=1 max=LOOPBOUND                              | ../Vitis_Libraries/vision/L1/include/common/xf_structs.hpp:1100 in matstream2mat                                             |
| pipeline        |                                                  | ../Vitis_Libraries/vision/L1/include/common/xf_structs.hpp:1101 in matstream2mat                                             |
| dataflow        |                                                  | ../Vitis_Libraries/vision/L1/include/common/xf_structs.hpp:1113 in axistream2mat                                             |
| dataflow        |                                                  | ../Vitis_Libraries/vision/L1/include/common/xf_structs.hpp:1126 in axistream2mat                                             |
| dataflow        |                                                  | ../Vitis_Libraries/vision/L1/include/common/xf_structs.hpp:1141 in axi2mat                                                   |
| dataflow        |                                                  | ../Vitis_Libraries/vision/L1/include/common/xf_structs.hpp:1164 in axi2mat                                                   |
| dataflow        |                                                  | ../Vitis_Libraries/vision/L1/include/common/xf_structs.hpp:1176 in axi2mat                                                   |
| dataflow        |                                                  | ../Vitis_Libraries/vision/L1/include/common/xf_structs.hpp:1199 in axi2mat                                                   |
| loop_tripcount  | min=1 max=LOOPBOUND                              | ../Vitis_Libraries/vision/L1/include/common/xf_structs.hpp:1273 in mat2matstream                                             |
| pipeline        |                                                  | ../Vitis_Libraries/vision/L1/include/common/xf_structs.hpp:1274 in mat2matstream                                             |
| loop_tripcount  | min=1 max=ROWS                                   | ../Vitis_Libraries/vision/L1/include/common/xf_structs.hpp:1303 in matstream2axistream                                       |
| loop_tripcount  | min=1 max=COLS_BOUND_PER_NPC                     | ../Vitis_Libraries/vision/L1/include/common/xf_structs.hpp:1308 in matstream2axistream                                       |
| pipeline        |                                                  | ../Vitis_Libraries/vision/L1/include/common/xf_structs.hpp:1309 in matstream2axistream                                       |
| dataflow        |                                                  | ../Vitis_Libraries/vision/L1/include/common/xf_structs.hpp:1351 in mat2axistream                                             |
| dataflow        |                                                  | ../Vitis_Libraries/vision/L1/include/common/xf_structs.hpp:1364 in mat2axistream                                             |
| loop_tripcount  | min=1 max=ADDRBOUND                              | ../Vitis_Libraries/vision/L1/include/common/xf_structs.hpp:1381 in axistream2axi                                             |
| pipeline        |                                                  | ../Vitis_Libraries/vision/L1/include/common/xf_structs.hpp:1382 in axistream2axi                                             |
| loop_tripcount  | min=1 max=ADDRBOUND                              | ../Vitis_Libraries/vision/L1/include/common/xf_structs.hpp:1396 in axistream2axi                                             |
| pipeline        |                                                  | ../Vitis_Libraries/vision/L1/include/common/xf_structs.hpp:1397 in axistream2axi                                             |
| dataflow        |                                                  | ../Vitis_Libraries/vision/L1/include/common/xf_structs.hpp:1411 in mat2axi                                                   |
| dataflow        |                                                  | ../Vitis_Libraries/vision/L1/include/common/xf_structs.hpp:1438 in mat2axi                                                   |
| dataflow        |                                                  | ../Vitis_Libraries/vision/L1/include/common/xf_structs.hpp:1469 in mat2axi                                                   |
| dataflow        |                                                  | ../Vitis_Libraries/vision/L1/include/common/xf_structs.hpp:1499 in mat2axi                                                   |
| inline          |                                                  | ../Vitis_Libraries/vision/L1/include/common/xf_video_mem.hpp:46 in window<rows, cols, t>                                     |
| array_partition | variable=val dim=1 complete                      | ../Vitis_Libraries/vision/L1/include/common/xf_video_mem.hpp:47 in window<rows, cols, t>, val                                |
| array_partition | variable=val dim=2 complete                      | ../Vitis_Libraries/vision/L1/include/common/xf_video_mem.hpp:48 in window<rows, cols, t>, val                                |
| inline          |                                                  | ../Vitis_Libraries/vision/L1/include/common/xf_video_mem.hpp:112 in shift_pixels_left                                        |
| unroll          |                                                  | ../Vitis_Libraries/vision/L1/include/common/xf_video_mem.hpp:124 in shift_pixels_left                                        |
| unroll          |                                                  | ../Vitis_Libraries/vision/L1/include/common/xf_video_mem.hpp:128 in shift_pixels_left                                        |
| inline          |                                                  | ../Vitis_Libraries/vision/L1/include/common/xf_video_mem.hpp:156 in shift_pixels_right                                       |
| unroll          |                                                  | ../Vitis_Libraries/vision/L1/include/common/xf_video_mem.hpp:168 in shift_pixels_right                                       |
| unroll          |                                                  | ../Vitis_Libraries/vision/L1/include/common/xf_video_mem.hpp:172 in shift_pixels_right                                       |
| inline          |                                                  | ../Vitis_Libraries/vision/L1/include/common/xf_video_mem.hpp:200 in shift_pixels_up                                          |
| unroll          |                                                  | ../Vitis_Libraries/vision/L1/include/common/xf_video_mem.hpp:212 in shift_pixels_up                                          |
| unroll          |                                                  | ../Vitis_Libraries/vision/L1/include/common/xf_video_mem.hpp:216 in shift_pixels_up                                          |
| inline          |                                                  | ../Vitis_Libraries/vision/L1/include/common/xf_video_mem.hpp:244 in shift_pixels_down                                        |
| unroll          |                                                  | ../Vitis_Libraries/vision/L1/include/common/xf_video_mem.hpp:256 in shift_pixels_down                                        |
| unroll          |                                                  | ../Vitis_Libraries/vision/L1/include/common/xf_video_mem.hpp:260 in shift_pixels_down                                        |
| inline          |                                                  | ../Vitis_Libraries/vision/L1/include/common/xf_video_mem.hpp:287 in insert_pixel                                             |
| inline          |                                                  | ../Vitis_Libraries/vision/L1/include/common/xf_video_mem.hpp:320 in insert_row                                               |
| unroll          |                                                  | ../Vitis_Libraries/vision/L1/include/common/xf_video_mem.hpp:332 in insert_row                                               |
| inline          |                                                  | ../Vitis_Libraries/vision/L1/include/common/xf_video_mem.hpp:359 in insert_top_row                                           |
| inline          |                                                  | ../Vitis_Libraries/vision/L1/include/common/xf_video_mem.hpp:392 in insert_bottom_row                                        |
| inline          |                                                  | ../Vitis_Libraries/vision/L1/include/common/xf_video_mem.hpp:425 in insert_col                                               |
| unroll          |                                                  | ../Vitis_Libraries/vision/L1/include/common/xf_video_mem.hpp:437 in insert_col                                               |
| inline          |                                                  | ../Vitis_Libraries/vision/L1/include/common/xf_video_mem.hpp:464 in insert_left_col                                          |
| inline          |                                                  | ../Vitis_Libraries/vision/L1/include/common/xf_video_mem.hpp:497 in insert_right_col                                         |
| inline          |                                                  | ../Vitis_Libraries/vision/L1/include/common/xf_video_mem.hpp:530 in getval                                                   |
| inline          |                                                  | ../Vitis_Libraries/vision/L1/include/common/xf_video_mem.hpp:542 in operator()                                               |
| inline          |                                                  | ../Vitis_Libraries/vision/L1/include/common/xf_video_mem.hpp:579 in shift_left                                               |
| inline          |                                                  | ../Vitis_Libraries/vision/L1/include/common/xf_video_mem.hpp:592 in shift_right                                              |
| inline          |                                                  | ../Vitis_Libraries/vision/L1/include/common/xf_video_mem.hpp:605 in shift_up                                                 |
| inline          |                                                  | ../Vitis_Libraries/vision/L1/include/common/xf_video_mem.hpp:618 in shift_down                                               |
| inline          |                                                  | ../Vitis_Libraries/vision/L1/include/common/xf_video_mem.hpp:631 in insert                                                   |
| inline          |                                                  | ../Vitis_Libraries/vision/L1/include/common/xf_video_mem.hpp:644 in insert_top                                               |
| inline          |                                                  | ../Vitis_Libraries/vision/L1/include/common/xf_video_mem.hpp:657 in insert_bottom                                            |
| inline          |                                                  | ../Vitis_Libraries/vision/L1/include/common/xf_video_mem.hpp:670 in insert_left                                              |
| inline          |                                                  | ../Vitis_Libraries/vision/L1/include/common/xf_video_mem.hpp:683 in insert_right                                             |
| inline          |                                                  | ../Vitis_Libraries/vision/L1/include/common/xf_video_mem.hpp:700 in linebuffer<rows, cols, t, mem_type, reshape_factor>      |
| dependence      | variable=val inter false                         | ../Vitis_Libraries/vision/L1/include/common/xf_video_mem.hpp:701 in linebuffer<rows, cols, t, mem_type, reshape_factor>, val |
| dependence      | variable=val intra false                         | ../Vitis_Libraries/vision/L1/include/common/xf_video_mem.hpp:702 in linebuffer<rows, cols, t, mem_type, reshape_factor>, val |
| bind_storage    | variable=val type=RAM_1P impl=BRAM               | ../Vitis_Libraries/vision/L1/include/common/xf_video_mem.hpp:711 in linebuffer<rows, cols, t, mem_type, reshape_factor>, val |
| bind_storage    | variable=val type=RAM_1P impl=URAM               | ../Vitis_Libraries/vision/L1/include/common/xf_video_mem.hpp:716 in linebuffer<rows, cols, t, mem_type, reshape_factor>, val |
| bind_storage    | variable=val type=RAM_2P impl=BRAM               | ../Vitis_Libraries/vision/L1/include/common/xf_video_mem.hpp:721 in linebuffer<rows, cols, t, mem_type, reshape_factor>, val |
| bind_storage    | variable=val type=RAM_2P impl=URAM               | ../Vitis_Libraries/vision/L1/include/common/xf_video_mem.hpp:726 in linebuffer<rows, cols, t, mem_type, reshape_factor>, val |
| bind_storage    | variable=val type=RAM_S2P impl=BRAM              | ../Vitis_Libraries/vision/L1/include/common/xf_video_mem.hpp:731 in linebuffer<rows, cols, t, mem_type, reshape_factor>, val |
| bind_storage    | variable=val type=RAM_S2P impl=URAM              | ../Vitis_Libraries/vision/L1/include/common/xf_video_mem.hpp:736 in linebuffer<rows, cols, t, mem_type, reshape_factor>, val |
| bind_storage    | variable=val type=RAM_T2P impl=BRAM              | ../Vitis_Libraries/vision/L1/include/common/xf_video_mem.hpp:741 in linebuffer<rows, cols, t, mem_type, reshape_factor>, val |
| bind_storage    | variable=val type=RAM_T2P impl=URAM              | ../Vitis_Libraries/vision/L1/include/common/xf_video_mem.hpp:746 in linebuffer<rows, cols, t, mem_type, reshape_factor>, val |
| array_partition | variable=val complete dim=1                      | ../Vitis_Libraries/vision/L1/include/common/xf_video_mem.hpp:755 in linebuffer<rows, cols, t, mem_type, reshape_factor>, val |
| inline          |                                                  | ../Vitis_Libraries/vision/L1/include/common/xf_video_mem.hpp:813 in shift_pixels_down                                        |
| unroll          |                                                  | ../Vitis_Libraries/vision/L1/include/common/xf_video_mem.hpp:826 in shift_pixels_down                                        |
| inline          |                                                  | ../Vitis_Libraries/vision/L1/include/common/xf_video_mem.hpp:856 in shift_pixels_up                                          |
| unroll          |                                                  | ../Vitis_Libraries/vision/L1/include/common/xf_video_mem.hpp:869 in shift_pixels_up                                          |
| inline          |                                                  | ../Vitis_Libraries/vision/L1/include/common/xf_video_mem.hpp:898 in insert_bottom_row                                        |
| inline          |                                                  | ../Vitis_Libraries/vision/L1/include/common/xf_video_mem.hpp:931 in insert_top_row                                           |
| inline          |                                                  | ../Vitis_Libraries/vision/L1/include/common/xf_video_mem.hpp:964 in get_col                                                  |
| unroll          |                                                  | ../Vitis_Libraries/vision/L1/include/common/xf_video_mem.hpp:970 in get_col                                                  |
| inline          |                                                  | ../Vitis_Libraries/vision/L1/include/common/xf_video_mem.hpp:981 in getval                                                   |
| inline          |                                                  | ../Vitis_Libraries/vision/L1/include/common/xf_video_mem.hpp:992 in operator()                                               |
| inline          |                                                  | ../Vitis_Libraries/vision/L1/include/common/xf_video_mem.hpp:1004 in shift_down                                              |
| inline          |                                                  | ../Vitis_Libraries/vision/L1/include/common/xf_video_mem.hpp:1016 in shift_up                                                |
| inline          |                                                  | ../Vitis_Libraries/vision/L1/include/common/xf_video_mem.hpp:1028 in insert_bottom                                           |
| inline          |                                                  | ../Vitis_Libraries/vision/L1/include/common/xf_video_mem.hpp:1040 in insert_top                                              |
| inline          |                                                  | sgm_kernel/sgm_kernel.cpp:23 in update_line_buffers                                                                          |
| inline          |                                                  | sgm_kernel/sgm_kernel.cpp:40 in update_windows                                                                               |
| unroll          | factor=2                                         | sgm_kernel/sgm_kernel.cpp:48 in update_windows                                                                               |
| inline          |                                                  | sgm_kernel/sgm_kernel.cpp:63 in safe_get                                                                                     |
| inline          | off                                              | sgm_kernel/sgm_kernel.cpp:76 in compute_sad_cost_vector                                                                      |
| array_partition | variable=leftWin complete dim=0                  | sgm_kernel/sgm_kernel.cpp:83 in compute_sad_cost_vector, leftWin                                                             |
| array_partition | variable=rightStripe complete dim=1              | sgm_kernel/sgm_kernel.cpp:84 in compute_sad_cost_vector, rightStripe                                                         |
| array_partition | variable=rightStripe complete dim=2              | sgm_kernel/sgm_kernel.cpp:85 in compute_sad_cost_vector, rightStripe                                                         |
| pipeline        | II=1                                             | sgm_kernel/sgm_kernel.cpp:95 in compute_sad_cost_vector                                                                      |
| unroll          |                                                  | sgm_kernel/sgm_kernel.cpp:125 in compute_sad_cost_vector                                                                     |
| pipeline        | II=1                                             | sgm_kernel/sgm_kernel.cpp:136 in compute_sad_cost_vector                                                                     |
| pipeline        | II=1                                             | sgm_kernel/sgm_kernel.cpp:143 in compute_sad_cost_vector                                                                     |
| unroll          |                                                  | sgm_kernel/sgm_kernel.cpp:148 in compute_sad_cost_vector                                                                     |
| unroll          |                                                  | sgm_kernel/sgm_kernel.cpp:151 in compute_sad_cost_vector                                                                     |
| inline          | off                                              | sgm_kernel/sgm_kernel.cpp:164 in reduce_min_vec                                                                              |
| unroll          | factor=2                                         | sgm_kernel/sgm_kernel.cpp:170 in reduce_min_vec                                                                              |
| inline          | off                                              | sgm_kernel/sgm_kernel.cpp:187 in aggregate_paths_and_select                                                                  |
| unroll          | factor=2                                         | sgm_kernel/sgm_kernel.cpp:195 in aggregate_paths_and_select                                                                  |
| inline          | off                                              | sgm_kernel/sgm_kernel.cpp:240 in commit_prev_costs                                                                           |
| unroll          | factor=2                                         | sgm_kernel/sgm_kernel.cpp:245 in commit_prev_costs                                                                           |
| interface       | axis port=left register                          | sgm_kernel/sgm_kernel.cpp:259 in sgm_kernel, left                                                                            |
| interface       | axis port=right register                         | sgm_kernel/sgm_kernel.cpp:260 in sgm_kernel, right                                                                           |
| interface       | axis port=disp register                          | sgm_kernel/sgm_kernel.cpp:261 in sgm_kernel, disp                                                                            |
| interface       | ap_ctrl_none port=return                         | sgm_kernel/sgm_kernel.cpp:262 in sgm_kernel, return                                                                          |
| array_partition | variable=prevCostL complete dim=1                | sgm_kernel/sgm_kernel.cpp:293 in sgm_kernel, prevCostL                                                                       |
| bind_storage    | variable=prevCostT type=RAM_1P impl=BRAM         | sgm_kernel/sgm_kernel.cpp:296 in sgm_kernel, prevCostT                                                                       |
| array_partition | variable=prevCostT complete dim=2                | sgm_kernel/sgm_kernel.cpp:297 in sgm_kernel, prevCostT                                                                       |
| array_partition | variable=curCost complete dim=1                  | sgm_kernel/sgm_kernel.cpp:300 in sgm_kernel, curCost                                                                         |
| array_partition | variable=aggCost complete dim=1                  | sgm_kernel/sgm_kernel.cpp:303 in sgm_kernel, aggCost                                                                         |
| array_partition | variable=aggLR_arr complete dim=1                | sgm_kernel/sgm_kernel.cpp:307 in sgm_kernel, aggLR_arr                                                                       |
| array_partition | variable=aggTB_arr complete dim=1                | sgm_kernel/sgm_kernel.cpp:308 in sgm_kernel, aggTB_arr                                                                       |
| unroll          | factor=2                                         | sgm_kernel/sgm_kernel.cpp:321 in sgm_kernel                                                                                  |
| loop_tripcount  | min=IMG_W max=IMG_W                              | sgm_kernel/sgm_kernel.cpp:330 in sgm_kernel                                                                                  |
| unroll          | factor=2                                         | sgm_kernel/sgm_kernel.cpp:334 in sgm_kernel                                                                                  |
| dependence      | variable=bufL inter false                        | sgm_kernel/sgm_kernel.cpp:344 in sgm_kernel, bufL                                                                            |
| dependence      | variable=bufR inter false                        | sgm_kernel/sgm_kernel.cpp:345 in sgm_kernel, bufR                                                                            |
| inline          |                                                  | sgm_kernel/sgm_params.hpp:20 in absdiff                                                                                      |
| inline          |                                                  | sgm_kernel/sgm_params.hpp:26 in sat12                                                                                        |
+-----------------+--------------------------------------------------+------------------------------------------------------------------------------------------------------------------------------+

* Inferred Pragmas
+---------------------------------------+-----------------+--------------------------------------------+-------------------------------+
| Source Pragma                         | Inferred Pragma | Options                                    | Location                      |
+---------------------------------------+-----------------+--------------------------------------------+-------------------------------+
| pipeline sgm_kernel/sgm_kernel.cpp:95 | array_partition | dim=1 type=cyclic factor=3 variable=bufL_0 | variable bufL_0 in sgm_kernel |
| pipeline sgm_kernel/sgm_kernel.cpp:95 | array_partition | dim=1 type=cyclic factor=3 variable=bufL_1 | variable bufL_1 in sgm_kernel |
| pipeline sgm_kernel/sgm_kernel.cpp:95 | array_partition | dim=1 type=cyclic factor=3 variable=bufL_2 | variable bufL_2 in sgm_kernel |
| pipeline sgm_kernel/sgm_kernel.cpp:95 | array_partition | dim=1 type=cyclic factor=3 variable=bufR_0 | variable bufR_0 in sgm_kernel |
| pipeline sgm_kernel/sgm_kernel.cpp:95 | array_partition | dim=1 type=cyclic factor=3 variable=bufR_1 | variable bufR_1 in sgm_kernel |
| pipeline sgm_kernel/sgm_kernel.cpp:95 | array_partition | dim=1 type=cyclic factor=3 variable=bufR_2 | variable bufR_2 in sgm_kernel |
+---------------------------------------+-----------------+--------------------------------------------+-------------------------------+


