

================================================================
== Synthesis Summary Report of 'sgm_kernel'
================================================================
+ General Information: 
    * Date:           Sun Sep 27 07:04:32 2026
    * Version:        2023.1 (Build 3854077 on May  4 2023)
    * Project:        sgm_kernel
    * Solution:       solution1 (Vivado IP Flow Target)
    * Product family: zynq
    * Target device:  xc7z010-clg400-1
    

+ Performance & Resource Estimates: 
    
    PS: '+' for module; 'o' for loop; '*' for dataflow
    +----------------------------------------------------------+------+------+---------+-----------+----------+---------+------+----------+----------+----+------------+-------------+-----+
    |                          Modules                         | Issue|      | Latency |  Latency  | Iteration|         | Trip |          |          |    |            |             |     |
    |                          & Loops                         | Type | Slack| (cycles)|    (ns)   |  Latency | Interval| Count| Pipelined|   BRAM   | DSP|     FF     |     LUT     | URAM|
    +----------------------------------------------------------+------+------+---------+-----------+----------+---------+------+----------+----------+----+------------+-------------+-----+
    |+ sgm_kernel                                              |     -|  0.23|  1795204|  1.795e+07|         -|  1795205|     -|        no|  39 (32%)|   -|  5293 (15%)|  10465 (59%)|    -|
    | + sgm_kernel_Pipeline_InitBuf_VITIS_LOOP_503_1           |     -|  1.10|      962|  9.620e+03|         -|      962|     -|        no|         -|   -|    35 (~0%)|    149 (~0%)|    -|
    |  o InitBuf_VITIS_LOOP_503_1                              |     -|  7.30|      960|  9.600e+03|         2|        1|   960|       yes|         -|   -|           -|            -|    -|
    | o Row                                                    |     -|  7.30|  1794240|  1.794e+07|     18690|        -|    96|        no|         -|   -|           -|            -|    -|
    |  + sgm_kernel_Pipeline_VITIS_LOOP_546_2                  |     -|  3.89|       18|    180.000|         -|       18|     -|        no|         -|   -|   256 (~0%)|     322 (1%)|    -|
    |   o VITIS_LOOP_546_2                                     |     -|  7.30|       16|    160.000|         1|        1|    16|       yes|         -|   -|           -|            -|    -|
    |  + sgm_kernel_Pipeline_ResetCosts                        |     -|  3.89|       18|    180.000|         -|       18|     -|        no|         -|   -|     8 (~0%)|     41 (~0%)|    -|
    |   o ResetCosts                                           |     -|  7.30|       16|    160.000|         1|        1|    16|       yes|         -|   -|           -|            -|    -|
    |  + sgm_kernel_Pipeline_InitLeftWin_VITIS_LOOP_579_3      |     -|  1.59|       11|    110.000|         -|       11|     -|        no|         -|   -|    58 (~0%)|     189 (1%)|    -|
    |   o InitLeftWin_VITIS_LOOP_579_3                         |     -|  7.30|        9|     90.000|         1|        1|     9|       yes|         -|   -|           -|            -|    -|
    |  + sgm_kernel_Pipeline_InitRightStripe_VITIS_LOOP_588_4  |     -|  0.87|      104|  1.040e+03|         -|      104|     -|        no|         -|   -|    17 (~0%)|    137 (~0%)|    -|
    |   o InitRightStripe_VITIS_LOOP_588_4                     |     -|  7.30|      102|  1.020e+03|         1|        1|   102|       yes|         -|   -|           -|            -|    -|
    |  o InitTBRow                                             |     -|  7.30|     6400|  6.400e+04|        20|        -|   320|        no|         -|   -|           -|            -|    -|
    |   + sgm_kernel_Pipeline_InitTBRowD                       |     -|  3.07|       18|    180.000|         -|       18|     -|        no|         -|   -|     8 (~0%)|     41 (~0%)|    -|
    |    o InitTBRowD                                          |     -|  7.30|       16|    160.000|         1|        1|    16|       yes|         -|   -|           -|            -|    -|
    |  o VITIS_LOOP_596_5                                      |     -|  7.30|    12161|  1.216e+05|        38|        -|   320|        no|         -|   -|           -|            -|    -|
    |   + prepare_census_column                                |     -|  0.42|       14|    140.000|         -|       14|     -|        no|         -|   -|    676 (1%)|    1382 (7%)|    -|
    |    o VITIS_LOOP_30_1                                     |     -|  7.30|        8|     80.000|         4|        -|     2|        no|         -|   -|           -|            -|    -|
    |   + process_cost_groups*                                 |     -|  0.23|       17|    170.000|         -|       17|     -|  dataflow|         -|   -|   2560 (7%)|   4156 (23%)|    -|
    |    + col_frontend                                        |     -|  1.94|       11|    110.000|         -|       11|     -|        no|         -|   -|    86 (~0%)|     509 (2%)|    -|
    |     o FrontendGroups                                     |     -|  7.30|        9|     90.000|         3|        1|     8|       yes|         -|   -|           -|            -|    -|
    |    + entry_proc                                          |     -|  3.67|        0|      0.000|         -|        0|     -|        no|         -|   -|     2 (~0%)|     20 (~0%)|    -|
    |    + col_backend                                         |     -|  0.23|       16|    160.000|         -|       16|     -|        no|         -|   -|   2271 (6%)|   3448 (19%)|    -|
    |     + col_backend_Pipeline_BackendGroups                 |     -|  0.23|       13|    130.000|         -|       13|     -|        no|         -|   -|    772 (2%)|   2710 (15%)|    -|
    |      o BackendGroups                                     |     -|  7.30|       11|    110.000|         5|        1|     8|       yes|         -|   -|           -|            -|    -|
    |     + commit_prev_costs                                  |     -|  7.30|        0|      0.000|         -|        0|     -|        no|         -|   -|           -|            -|    -|
    +----------------------------------------------------------+------+------+---------+-----------+----------+---------+------+----------+----------+----+------------+-------------+-----+


================================================================
== HW Interfaces
================================================================
* S_AXILITE Interfaces
+---------------+------------+---------------+
| Interface     | Data Width | Address Width |
+---------------+------------+---------------+
| s_axi_control | 32         | 4             |
+---------------+------------+---------------+

* S_AXILITE Registers
+---------------+----------+--------+-------+--------+----------------------------------+----------------------------------------------------------------------+
| Interface     | Register | Offset | Width | Access | Description                      | Bit Fields                                                           |
+---------------+----------+--------+-------+--------+----------------------------------+----------------------------------------------------------------------+
| s_axi_control | CTRL     | 0x00   | 32    | RW     | Control signals                  | 0=AP_START 1=AP_DONE 2=AP_IDLE 3=AP_READY 7=AUTO_RESTART 9=INTERRUPT |
| s_axi_control | GIER     | 0x04   | 32    | RW     | Global Interrupt Enable Register | 0=Enable                                                             |
| s_axi_control | IP_IER   | 0x08   | 32    | RW     | IP Interrupt Enable Register     | 0=CHAN0_INT_EN 1=CHAN1_INT_EN                                        |
| s_axi_control | IP_ISR   | 0x0c   | 32    | RW     | IP Interrupt Status Register     | 0=CHAN0_INT_ST 1=CHAN1_INT_ST                                        |
+---------------+----------+--------+-------+--------+----------------------------------+----------------------------------------------------------------------+

* BRAM
+---------------+------------+---------------+
| Interface     | Data Width | Address Width |
+---------------+------------+---------------+
| disp_PORTA    | 32         | 32            |
| left_r_PORTA  | 32         | 32            |
| right_r_PORTA | 32         | 32            |
+---------------+------------+---------------+

* TOP LEVEL CONTROL
+-----------+------------+-----------+
| Interface | Type       | Ports     |
+-----------+------------+-----------+
| ap_clk    | clock      | ap_clk    |
| ap_rst_n  | reset      | ap_rst_n  |
| interrupt | interrupt  | interrupt |
| ap_ctrl   | ap_ctrl_hs |           |
+-----------+------------+-----------+


================================================================
== SW I/O Information
================================================================
* Top Function Arguments
+----------+-----------+--------------+
| Argument | Direction | Datatype     |
+----------+-----------+--------------+
| left     | in        | ap_uint<32>* |
| right    | in        | ap_uint<32>* |
| disp     | out       | ap_uint<32>* |
+----------+-----------+--------------+

* SW-to-HW Mapping
+----------+---------------+-----------+
| Argument | HW Interface  | HW Type   |
+----------+---------------+-----------+
| left     | left_r_PORTA  | interface |
| right    | right_r_PORTA | interface |
| disp     | disp_PORTA    | interface |
+----------+---------------+-----------+


================================================================
== Bind Op Report
================================================================
+---------------------------------------------------------+-----+--------+------------------+-----+--------+---------+
| Name                                                    | DSP | Pragma | Variable         | Op  | Impl   | Latency |
+---------------------------------------------------------+-----+--------+------------------+-----+--------+---------+
| + sgm_kernel                                            | 0   |        |                  |     |        |         |
|   add_ln538_fu_1841_p2                                  | -   |        | add_ln538        | add | fabric | 0       |
|   add_ln563_fu_2081_p2                                  | -   |        | add_ln563        | add | fabric | 0       |
|   empty_fu_2152_p2                                      | -   |        | empty            | add | fabric | 0       |
|   add_ln596_fu_2164_p2                                  | -   |        | add_ln596        | add | fabric | 0       |
|   add_ln616_fu_2560_p2                                  | -   |        | add_ln616        | add | fabric | 0       |
|   disp_byte_indx_fu_2591_p2                             | -   |        | disp_byte_indx   | add | fabric | 0       |
|   add_ln631_fu_2576_p2                                  | -   |        | add_ln631        | add | fabric | 0       |
|   add_ln644_fu_2170_p2                                  | -   |        | add_ln644        | add | fabric | 0       |
|  + sgm_kernel_Pipeline_InitBuf_VITIS_LOOP_503_1         | 0   |        |                  |     |        |         |
|    add_ln501_fu_172_p2                                  | -   |        | add_ln501        | add | fabric | 0       |
|    add_ln501_1_fu_198_p2                                | -   |        | add_ln501_1      | add | fabric | 0       |
|    add_ln503_fu_212_p2                                  | -   |        | add_ln503        | add | fabric | 0       |
|  + sgm_kernel_Pipeline_VITIS_LOOP_546_2                 | 0   |        |                  |     |        |         |
|    add_ln546_fu_1047_p2                                 | -   |        | add_ln546        | add | fabric | 0       |
|  + sgm_kernel_Pipeline_ResetCosts                       | 0   |        |                  |     |        |         |
|    add_ln554_fu_338_p2                                  | -   |        | add_ln554        | add | fabric | 0       |
|  + sgm_kernel_Pipeline_InitTBRowD                       | 0   |        |                  |     |        |         |
|    add_ln568_fu_778_p2                                  | -   |        | add_ln568        | add | fabric | 0       |
|  + sgm_kernel_Pipeline_InitLeftWin_VITIS_LOOP_579_3     | 0   |        |                  |     |        |         |
|    add_ln577_fu_230_p2                                  | -   |        | add_ln577        | add | fabric | 0       |
|    add_ln577_1_fu_256_p2                                | -   |        | add_ln577_1      | add | fabric | 0       |
|    add_ln579_fu_300_p2                                  | -   |        | add_ln579        | add | fabric | 0       |
|  + sgm_kernel_Pipeline_InitRightStripe_VITIS_LOOP_588_4 | 0   |        |                  |     |        |         |
|    add_ln586_fu_124_p2                                  | -   |        | add_ln586        | add | fabric | 0       |
|    add_ln586_1_fu_150_p2                                | -   |        | add_ln586_1      | add | fabric | 0       |
|    add_ln588_fu_171_p2                                  | -   |        | add_ln588        | add | fabric | 0       |
|  + prepare_census_column                                | 0   |        |                  |     |        |         |
|    add_ln313_fu_718_p2                                  | -   |        | add_ln313        | add | fabric | 0       |
|    pixel_idx_fu_728_p2                                  | -   |        | pixel_idx        | add | fabric | 0       |
|    add_ln32_fu_774_p2                                   | -   |        | add_ln32         | add | fabric | 0       |
|    add_ln67_fu_817_p2                                   | -   |        | add_ln67         | add | fabric | 0       |
|    center_idx_fu_936_p2                                 | -   |        | center_idx       | add | fabric | 0       |
|    center_idx_2_fu_957_p2                               | -   |        | center_idx_2     | add | fabric | 0       |
|    physIndex_fu_969_p2                                  | -   |        | physIndex        | add | fabric | 0       |
|    add_ln126_1_fu_974_p2                                | -   |        | add_ln126_1      | add | fabric | 0       |
|    physIndex_6_fu_1007_p2                               | -   |        | physIndex_6      | add | fabric | 0       |
|  + process_cost_groups                                  | 0   |        |                  |     |        |         |
|   + col_frontend                                        | 0   |        |                  |     |        |         |
|     add_ln355_fu_393_p2                                 | -   |        | add_ln355        | add | fabric | 0       |
|     sum_8_fu_1189_p2                                    | -   |        | sum_8            | add | fabric | 0       |
|     sum_9_fu_1240_p2                                    | -   |        | sum_9            | add | fabric | 0       |
|     sum_10_fu_1291_p2                                   | -   |        | sum_10           | add | fabric | 0       |
|     sum_11_fu_1342_p2                                   | -   |        | sum_11           | add | fabric | 0       |
|   + col_backend                                         | 0   |        |                  |     |        |         |
|     add_i337_i_fu_1385_p2                               | -   |        | add_i337_i       | add | fabric | 0       |
|     conv2_i_i_i312_i_fu_1399_p2                         | -   |        | conv2_i_i_i312_i | add | fabric | 0       |
|     add_i166_i_fu_1409_p2                               | -   |        | add_i166_i       | add | fabric | 0       |
|     conv2_i_i_i141_i_fu_1423_p2                         | -   |        | conv2_i_i_i141_i | add | fabric | 0       |
|    + col_backend_Pipeline_BackendGroups                 | 0   |        |                  |     |        |         |
|      g_3_fu_897_p2                                      | -   |        | g_3              | add | fabric | 0       |
|      add_ln194_fu_979_p2                                | -   |        | add_ln194        | add | fabric | 0       |
|      p2_LR_7_fu_993_p2                                  | -   |        | p2_LR_7          | add | fabric | 0       |
|      add_ln193_fu_1038_p2                               | -   |        | add_ln193        | add | fabric | 0       |
|      p1_LR_fu_1052_p2                                   | -   |        | p1_LR            | add | fabric | 0       |
|      add_ln208_fu_1076_p2                               | -   |        | add_ln208        | add | fabric | 0       |
|      p1_TB_fu_1090_p2                                   | -   |        | p1_TB            | add | fabric | 0       |
|      add_ln203_fu_1686_p2                               | -   |        | add_ln203        | add | fabric | 0       |
|      sub_ln203_fu_1696_p2                               | -   |        | sub_ln203        | sub | fabric | 0       |
|      add_ln193_1_fu_1156_p2                             | -   |        | add_ln193_1      | add | fabric | 0       |
|      p1_LR_1_fu_1170_p2                                 | -   |        | p1_LR_1          | add | fabric | 0       |
|      add_ln208_1_fu_1202_p2                             | -   |        | add_ln208_1      | add | fabric | 0       |
|      p1_TB_2_fu_1216_p2                                 | -   |        | p1_TB_2          | add | fabric | 0       |
|      add_ln194_1_fu_1247_p2                             | -   |        | add_ln194_1      | add | fabric | 0       |
|      p1_LR_5_fu_1261_p2                                 | -   |        | p1_LR_5          | add | fabric | 0       |
|      add_ln203_1_fu_1744_p2                             | -   |        | add_ln203_1      | add | fabric | 0       |
|      sub_ln203_1_fu_1754_p2                             | -   |        | sub_ln203_1      | sub | fabric | 0       |
|      add_ln194_2_fu_1302_p2                             | -   |        | add_ln194_2      | add | fabric | 0       |
|      p2_LR_fu_1316_p2                                   | -   |        | p2_LR            | add | fabric | 0       |
|      add_ln203_2_fu_1802_p2                             | -   |        | add_ln203_2      | add | fabric | 0       |
|      sub_ln203_2_fu_1812_p2                             | -   |        | sub_ln203_2      | sub | fabric | 0       |
|      add_ln210_fu_1371_p2                               | -   |        | add_ln210        | add | fabric | 0       |
|      p1_TB_4_fu_1385_p2                                 | -   |        | p1_TB_4          | add | fabric | 0       |
|      add_ln219_fu_1857_p2                               | -   |        | add_ln219        | add | fabric | 0       |
|      sub_ln219_fu_1867_p2                               | -   |        | sub_ln219        | sub | fabric | 0       |
|      add_ln223_fu_2169_p2                               | -   |        | add_ln223        | add | fabric | 0       |
|      sum2_9_fu_2183_p2                                  | -   |        | sum2_9           | add | fabric | 0       |
|      add_ln210_1_fu_1430_p2                             | -   |        | add_ln210_1      | add | fabric | 0       |
|      p1_TB_6_fu_1444_p2                                 | -   |        | p1_TB_6          | add | fabric | 0       |
|      add_ln219_1_fu_1912_p2                             | -   |        | add_ln219_1      | add | fabric | 0       |
|      sub_ln219_1_fu_1922_p2                             | -   |        | sub_ln219_1      | sub | fabric | 0       |
|      add_ln223_1_fu_2213_p2                             | -   |        | add_ln223_1      | add | fabric | 0       |
|      sum2_10_fu_2227_p2                                 | -   |        | sum2_10          | add | fabric | 0       |
|      add_ln210_2_fu_1475_p2                             | -   |        | add_ln210_2      | add | fabric | 0       |
|      p2_TB_fu_1489_p2                                   | -   |        | p2_TB            | add | fabric | 0       |
|      add_ln219_2_fu_1967_p2                             | -   |        | add_ln219_2      | add | fabric | 0       |
|      sub_ln219_2_fu_1977_p2                             | -   |        | sub_ln219_2      | sub | fabric | 0       |
|      add_ln223_2_fu_2549_p2                             | -   |        | add_ln223_2      | add | fabric | 0       |
|      sum2_fu_2563_p2                                    | -   |        | sum2             | add | fabric | 0       |
|      add_ln194_3_fu_1559_p2                             | -   |        | add_ln194_3      | add | fabric | 0       |
|      p2_LR_6_fu_1573_p2                                 | -   |        | p2_LR_6          | add | fabric | 0       |
|      add_ln210_3_fu_1595_p2                             | -   |        | add_ln210_3      | add | fabric | 0       |
|      p2_TB_13_fu_1609_p2                                | -   |        | p2_TB_13         | add | fabric | 0       |
|      add_ln203_3_fu_2025_p2                             | -   |        | add_ln203_3      | add | fabric | 0       |
|      sub_ln203_3_fu_2035_p2                             | -   |        | sub_ln203_3      | sub | fabric | 0       |
|      add_ln219_3_fu_2080_p2                             | -   |        | add_ln219_3      | add | fabric | 0       |
|      sub_ln219_3_fu_2090_p2                             | -   |        | sub_ln219_3      | sub | fabric | 0       |
|      add_ln223_3_fu_2705_p2                             | -   |        | add_ln223_3      | add | fabric | 0       |
|      sum2_6_fu_2719_p2                                  | -   |        | sum2_6           | add | fabric | 0       |
+---------------------------------------------------------+-----+--------+------------------+-----+--------+---------+


================================================================
== Bind Storage Report
================================================================
+--------------------------------------------------------------+------+------+--------+----------------------------------------------------------+---------+------+---------+
| Name                                                         | BRAM | URAM | Pragma | Variable                                                 | Storage | Impl | Latency |
+--------------------------------------------------------------+------+------+--------+----------------------------------------------------------+---------+------+---------+
| + sgm_kernel                                                 | 39   | 0    |        |                                                          |         |      |         |
|   bufL_U                                                     | 1    | -    |        | bufL                                                     | ram_1p  | auto | 1       |
|   bufL_1_U                                                   | 1    | -    |        | bufL_1                                                   | ram_1p  | auto | 1       |
|   bufL_2_U                                                   | 1    | -    |        | bufL_2                                                   | ram_1p  | auto | 1       |
|   bufR_U                                                     | 1    | -    |        | bufR                                                     | ram_1p  | auto | 1       |
|   bufR_1_U                                                   | 1    | -    |        | bufR_1                                                   | ram_1p  | auto | 1       |
|   bufR_2_U                                                   | 1    | -    |        | bufR_2                                                   | ram_1p  | auto | 1       |
|   rightStripe_U                                              | -    | -    |        | rightStripe                                              | ram_s2p | auto | 1       |
|   rightStripe_1_U                                            | -    | -    |        | rightStripe_1                                            | ram_s2p | auto | 1       |
|   rightStripe_2_U                                            | -    | -    |        | rightStripe_2                                            | ram_s2p | auto | 1       |
|   minPrevT_U                                                 | 1    | -    |        | minPrevT                                                 | ram_1p  | auto | 1       |
|   sgm_kernel_ap_uint_32_ap_uint_32_ap_uint_32_prevCostT_U    | 1    | -    | pragma | sgm_kernel_ap_uint_32_ap_uint_32_ap_uint_32_prevCostT    | ram_2p  | bram | 1       |
|   sgm_kernel_ap_uint_32_ap_uint_32_ap_uint_32_prevCostT_10_U | 1    | -    | pragma | sgm_kernel_ap_uint_32_ap_uint_32_ap_uint_32_prevCostT_10 | ram_2p  | bram | 1       |
|   sgm_kernel_ap_uint_32_ap_uint_32_ap_uint_32_prevCostT_11_U | 1    | -    | pragma | sgm_kernel_ap_uint_32_ap_uint_32_ap_uint_32_prevCostT_11 | ram_2p  | bram | 1       |
|   sgm_kernel_ap_uint_32_ap_uint_32_ap_uint_32_prevCostT_12_U | 1    | -    | pragma | sgm_kernel_ap_uint_32_ap_uint_32_ap_uint_32_prevCostT_12 | ram_2p  | bram | 1       |
|   sgm_kernel_ap_uint_32_ap_uint_32_ap_uint_32_prevCostT_13_U | 1    | -    | pragma | sgm_kernel_ap_uint_32_ap_uint_32_ap_uint_32_prevCostT_13 | ram_2p  | bram | 1       |
|   sgm_kernel_ap_uint_32_ap_uint_32_ap_uint_32_prevCostT_14_U | 1    | -    | pragma | sgm_kernel_ap_uint_32_ap_uint_32_ap_uint_32_prevCostT_14 | ram_2p  | bram | 1       |
|   sgm_kernel_ap_uint_32_ap_uint_32_ap_uint_32_prevCostT_15_U | 1    | -    | pragma | sgm_kernel_ap_uint_32_ap_uint_32_ap_uint_32_prevCostT_15 | ram_2p  | bram | 1       |
|   sgm_kernel_ap_uint_32_ap_uint_32_ap_uint_32_prevCostT_16_U | 1    | -    | pragma | sgm_kernel_ap_uint_32_ap_uint_32_ap_uint_32_prevCostT_16 | ram_2p  | bram | 1       |
|   sgm_kernel_ap_uint_32_ap_uint_32_ap_uint_32_prevCostT_17_U | 1    | -    | pragma | sgm_kernel_ap_uint_32_ap_uint_32_ap_uint_32_prevCostT_17 | ram_2p  | bram | 1       |
|   sgm_kernel_ap_uint_32_ap_uint_32_ap_uint_32_prevCostT_18_U | 1    | -    | pragma | sgm_kernel_ap_uint_32_ap_uint_32_ap_uint_32_prevCostT_18 | ram_2p  | bram | 1       |
|   p_ZZ10sgm_kernelP7ap_uintILi32EES1_S1_E9prevCostT_10_U     | 1    | -    | pragma | p_ZZ10sgm_kernelP7ap_uintILi32EES1_S1_E9prevCostT_10     | ram_2p  | bram | 1       |
|   p_ZZ10sgm_kernelP7ap_uintILi32EES1_S1_E9prevCostT_11_U     | 1    | -    | pragma | p_ZZ10sgm_kernelP7ap_uintILi32EES1_S1_E9prevCostT_11     | ram_2p  | bram | 1       |
|   p_ZZ10sgm_kernelP7ap_uintILi32EES1_S1_E9prevCostT_12_U     | 1    | -    | pragma | p_ZZ10sgm_kernelP7ap_uintILi32EES1_S1_E9prevCostT_12     | ram_2p  | bram | 1       |
|   p_ZZ10sgm_kernelP7ap_uintILi32EES1_S1_E9prevCostT_13_U     | 1    | -    | pragma | p_ZZ10sgm_kernelP7ap_uintILi32EES1_S1_E9prevCostT_13     | ram_2p  | bram | 1       |
|   p_ZZ10sgm_kernelP7ap_uintILi32EES1_S1_E9prevCostT_14_U     | 1    | -    | pragma | p_ZZ10sgm_kernelP7ap_uintILi32EES1_S1_E9prevCostT_14     | ram_2p  | bram | 1       |
|   p_ZZ10sgm_kernelP7ap_uintILi32EES1_S1_E9prevCostT_15_U     | 1    | -    | pragma | p_ZZ10sgm_kernelP7ap_uintILi32EES1_S1_E9prevCostT_15     | ram_2p  | bram | 1       |
|   p_ZZ10sgm_kernelP7ap_uintILi32EES1_S1_E9prevCostT_16_U     | 1    | -    | pragma | p_ZZ10sgm_kernelP7ap_uintILi32EES1_S1_E9prevCostT_16     | ram_2p  | bram | 1       |
|   p_ZZ10sgm_kernelP7ap_uintILi32EES1_S1_E9prevCostT_17_U     | 1    | -    | pragma | p_ZZ10sgm_kernelP7ap_uintILi32EES1_S1_E9prevCostT_17     | ram_2p  | bram | 1       |
|   p_ZZ10sgm_kernelP7ap_uintILi32EES1_S1_E9prevCostT_18_U     | 1    | -    | pragma | p_ZZ10sgm_kernelP7ap_uintILi32EES1_S1_E9prevCostT_18     | ram_2p  | bram | 1       |
|   p_ZZ10sgm_kernelP7ap_uintILi32EES1_S1_E9prevCostT_19_U     | 1    | -    | pragma | p_ZZ10sgm_kernelP7ap_uintILi32EES1_S1_E9prevCostT_19     | ram_2p  | bram | 1       |
|   p_ZZ10sgm_kernelP7ap_uintILi32EES1_S1_E9prevCostT_20_U     | 1    | -    | pragma | p_ZZ10sgm_kernelP7ap_uintILi32EES1_S1_E9prevCostT_20     | ram_2p  | bram | 1       |
|   p_ZZ10sgm_kernelP7ap_uintILi32EES1_S1_E9prevCostT_21_U     | 1    | -    | pragma | p_ZZ10sgm_kernelP7ap_uintILi32EES1_S1_E9prevCostT_21     | ram_2p  | bram | 1       |
|   p_ZZ10sgm_kernelP7ap_uintILi32EES1_S1_E9prevCostT_22_U     | 1    | -    | pragma | p_ZZ10sgm_kernelP7ap_uintILi32EES1_S1_E9prevCostT_22     | ram_2p  | bram | 1       |
|   p_ZZ10sgm_kernelP7ap_uintILi32EES1_S1_E9prevCostT_23_U     | 1    | -    | pragma | p_ZZ10sgm_kernelP7ap_uintILi32EES1_S1_E9prevCostT_23     | ram_2p  | bram | 1       |
|   p_ZZ10sgm_kernelP7ap_uintILi32EES1_S1_E9prevCostT_24_U     | 1    | -    | pragma | p_ZZ10sgm_kernelP7ap_uintILi32EES1_S1_E9prevCostT_24     | ram_2p  | bram | 1       |
|   p_ZZ10sgm_kernelP7ap_uintILi32EES1_S1_E9prevCostT_25_U     | 1    | -    | pragma | p_ZZ10sgm_kernelP7ap_uintILi32EES1_S1_E9prevCostT_25     | ram_2p  | bram | 1       |
|   p_ZZ10sgm_kernelP7ap_uintILi32EES1_S1_E9prevCostT_26_U     | 1    | -    | pragma | p_ZZ10sgm_kernelP7ap_uintILi32EES1_S1_E9prevCostT_26     | ram_2p  | bram | 1       |
|   p_ZZ10sgm_kernelP7ap_uintILi32EES1_S1_E9prevCostT_27_U     | 1    | -    | pragma | p_ZZ10sgm_kernelP7ap_uintILi32EES1_S1_E9prevCostT_27     | ram_2p  | bram | 1       |
|   p_ZZ10sgm_kernelP7ap_uintILi32EES1_S1_E9prevCostT_28_U     | 1    | -    | pragma | p_ZZ10sgm_kernelP7ap_uintILi32EES1_S1_E9prevCostT_28     | ram_2p  | bram | 1       |
|   p_ZZ10sgm_kernelP7ap_uintILi32EES1_S1_E9prevCostT_29_U     | 1    | -    | pragma | p_ZZ10sgm_kernelP7ap_uintILi32EES1_S1_E9prevCostT_29     | ram_2p  | bram | 1       |
|   p_ZZ10sgm_kernelP7ap_uintILi32EES1_S1_E9prevCostT_30_U     | 1    | -    | pragma | p_ZZ10sgm_kernelP7ap_uintILi32EES1_S1_E9prevCostT_30     | ram_2p  | bram | 1       |
|   p_ZZ10sgm_kernelP7ap_uintILi32EES1_S1_E9prevCostT_31_U     | 1    | -    | pragma | p_ZZ10sgm_kernelP7ap_uintILi32EES1_S1_E9prevCostT_31     | ram_2p  | bram | 1       |
|  + process_cost_groups                                       | 0    | 0    |        |                                                          |         |      |         |
|    prevCostT_col_0_offset_c_U                                | -    | -    |        | prevCostT_col_0_offset_c                                 | fifo    | srl  | 0       |
|    coststream_U                                              | -    | -    |        | coststream                                               | fifo    | srl  | 0       |
+--------------------------------------------------------------+------+------+--------+----------------------------------------------------------+---------+------+---------+


================================================================
== Pragma Report
================================================================
* Pragmas with Warnings
+---------------+------------------------------------------+------------------------------------------------------------------------------------------------------------------------------+----------------------------------------------------+
| Type          | Options                                  | Location                                                                                                                     | Messages                                           |
+---------------+------------------------------------------+------------------------------------------------------------------------------------------------------------------------------+----------------------------------------------------+
| array_reshape | variable=val factor=RESHAPE_FACTOR dim=1 | ../Vitis_Libraries/vision/L1/include/common/xf_video_mem.hpp:759 in linebuffer<rows, cols, t, mem_type, reshape_factor>, val | 'factor' in '#pragma HLS array_reshape' is ignored |
+---------------+------------------------------------------+------------------------------------------------------------------------------------------------------------------------------+----------------------------------------------------+

* Valid Pragma Syntax
+-----------------+--------------------------------------------------+------------------------------------------------------------------------------------------------------------------------------+
| Type            | Options                                          | Location                                                                                                                     |
+-----------------+--------------------------------------------------+------------------------------------------------------------------------------------------------------------------------------+
| inline          |                                                  | ../Vitis_Libraries/vision/L1/include/common/xf_structs.hpp:245 in scalar<n, t>                                               |
| array_partition | variable=val dim=1 complete                      | ../Vitis_Libraries/vision/L1/include/common/xf_structs.hpp:246 in scalar<n, t>, val                                          |
| inline          |                                                  | ../Vitis_Libraries/vision/L1/include/common/xf_structs.hpp:252 in scalar<n, t>                                               |
| array_partition | variable=val dim=1 complete                      | ../Vitis_Libraries/vision/L1/include/common/xf_structs.hpp:253 in scalar<n, t>, val                                          |
| array_partition | variable=val dim=1 complete                      | ../Vitis_Libraries/vision/L1/include/common/xf_structs.hpp:260 in scalar<n, t>, val                                          |
| inline          |                                                  | ../Vitis_Libraries/vision/L1/include/common/xf_structs.hpp:261 in scalar<n, t>                                               |
| array_partition | variable=val dim=1 complete                      | ../Vitis_Libraries/vision/L1/include/common/xf_structs.hpp:269 in scalar<n, t>, val                                          |
| inline          |                                                  | ../Vitis_Libraries/vision/L1/include/common/xf_structs.hpp:270 in scalar<n, t>                                               |
| array_partition | variable=val dim=1 complete                      | ../Vitis_Libraries/vision/L1/include/common/xf_structs.hpp:279 in scalar<n, t>, val                                          |
| inline          |                                                  | ../Vitis_Libraries/vision/L1/include/common/xf_structs.hpp:280 in scalar<n, t>                                               |
| inline          |                                                  | ../Vitis_Libraries/vision/L1/include/common/xf_structs.hpp:305 in operator=                                                  |
| unroll          |                                                  | ../Vitis_Libraries/vision/L1/include/common/xf_structs.hpp:309 in operator=                                                  |
| inline          |                                                  | ../Vitis_Libraries/vision/L1/include/common/xf_structs.hpp:318 in operator+                                                  |
| unroll          |                                                  | ../Vitis_Libraries/vision/L1/include/common/xf_structs.hpp:323 in operator+                                                  |
| inline          |                                                  | ../Vitis_Libraries/vision/L1/include/common/xf_structs.hpp:333 in operator+                                                  |
| unroll          |                                                  | ../Vitis_Libraries/vision/L1/include/common/xf_structs.hpp:338 in operator+                                                  |
| inline          |                                                  | ../Vitis_Libraries/vision/L1/include/common/xf_structs.hpp:348 in operator-                                                  |
| unroll          |                                                  | ../Vitis_Libraries/vision/L1/include/common/xf_structs.hpp:353 in operator-                                                  |
| inline          |                                                  | ../Vitis_Libraries/vision/L1/include/common/xf_structs.hpp:363 in operator-                                                  |
| unroll          |                                                  | ../Vitis_Libraries/vision/L1/include/common/xf_structs.hpp:368 in operator-                                                  |
| inline          |                                                  | ../Vitis_Libraries/vision/L1/include/common/xf_structs.hpp:378 in operator*                                                  |
| unroll          |                                                  | ../Vitis_Libraries/vision/L1/include/common/xf_structs.hpp:383 in operator*                                                  |
| inline          |                                                  | ../Vitis_Libraries/vision/L1/include/common/xf_structs.hpp:393 in operator*                                                  |
| unroll          |                                                  | ../Vitis_Libraries/vision/L1/include/common/xf_structs.hpp:398 in operator*                                                  |
| inline          |                                                  | ../Vitis_Libraries/vision/L1/include/common/xf_structs.hpp:408 in operator/                                                  |
| unroll          |                                                  | ../Vitis_Libraries/vision/L1/include/common/xf_structs.hpp:413 in operator/                                                  |
| inline          |                                                  | ../Vitis_Libraries/vision/L1/include/common/xf_structs.hpp:423 in operator/                                                  |
| unroll          |                                                  | ../Vitis_Libraries/vision/L1/include/common/xf_structs.hpp:428 in operator/                                                  |
| inline          |                                                  | ../Vitis_Libraries/vision/L1/include/common/xf_structs.hpp:584 in type                                                       |
| inline          |                                                  | ../Vitis_Libraries/vision/L1/include/common/xf_structs.hpp:592 in depth                                                      |
| inline          |                                                  | ../Vitis_Libraries/vision/L1/include/common/xf_structs.hpp:599 in channels                                                   |
| inline          |                                                  | ../Vitis_Libraries/vision/L1/include/common/xf_structs.hpp:607 in init                                                       |
| inline          |                                                  | ../Vitis_Libraries/vision/L1/include/common/xf_structs.hpp:654 in mat<t, rows, cols, npc, xfcvdepth>                         |
| inline          |                                                  | ../Vitis_Libraries/vision/L1/include/common/xf_structs.hpp:663 in mat<t, rows, cols, npc, xfcvdepth>                         |
| inline          |                                                  | ../Vitis_Libraries/vision/L1/include/common/xf_structs.hpp:672 in mat<t, rows, cols, npc, xfcvdepth>                         |
| inline          |                                                  | ../Vitis_Libraries/vision/L1/include/common/xf_structs.hpp:681 in mat<t, rows, cols, npc, xfcvdepth>                         |
| inline          |                                                  | ../Vitis_Libraries/vision/L1/include/common/xf_structs.hpp:708 in copyto                                                     |
| inline          |                                                  | ../Vitis_Libraries/vision/L1/include/common/xf_structs.hpp:742 in copyfrom                                                   |
| bind_op         | variable=mul_rows_cols op=mul impl=dsp latency=2 | ../Vitis_Libraries/vision/L1/include/common/xf_structs.hpp:949 in addrbound, mul_rows_cols                                   |
| loop_tripcount  | min=1 max=ADDRBOUND                              | ../Vitis_Libraries/vision/L1/include/common/xf_structs.hpp:984 in axi2axistream                                              |
| pipeline        |                                                  | ../Vitis_Libraries/vision/L1/include/common/xf_structs.hpp:985 in axi2axistream                                              |
| loop_tripcount  | min=1 max=ADDRBOUND                              | ../Vitis_Libraries/vision/L1/include/common/xf_structs.hpp:998 in axi2axistream                                              |
| pipeline        |                                                  | ../Vitis_Libraries/vision/L1/include/common/xf_structs.hpp:999 in axi2axistream                                              |
| loop_tripcount  | min=1 max=ROWS                                   | ../Vitis_Libraries/vision/L1/include/common/xf_structs.hpp:1019 in axi2axistream                                             |
| loop_tripcount  | min=1 max=COLS_ADDRBOUND                         | ../Vitis_Libraries/vision/L1/include/common/xf_structs.hpp:1023 in axi2axistream                                             |
| pipeline        | II=1                                             | ../Vitis_Libraries/vision/L1/include/common/xf_structs.hpp:1024 in axi2axistream                                             |
| loop_tripcount  | min=1 max=LOOPBOUND                              | ../Vitis_Libraries/vision/L1/include/common/xf_structs.hpp:1056 in axistream2matstream                                       |
| pipeline        |                                                  | ../Vitis_Libraries/vision/L1/include/common/xf_structs.hpp:1057 in axistream2matstream                                       |
| loop_tripcount  | min=1 max=LOOPBOUND                              | ../Vitis_Libraries/vision/L1/include/common/xf_structs.hpp:1100 in matstream2mat                                             |
| pipeline        |                                                  | ../Vitis_Libraries/vision/L1/include/common/xf_structs.hpp:1101 in matstream2mat                                             |
| dataflow        |                                                  | ../Vitis_Libraries/vision/L1/include/common/xf_structs.hpp:1113 in axistream2mat                                             |
| dataflow        |                                                  | ../Vitis_Libraries/vision/L1/include/common/xf_structs.hpp:1126 in axistream2mat                                             |
| dataflow        |                                                  | ../Vitis_Libraries/vision/L1/include/common/xf_structs.hpp:1141 in axi2mat                                                   |
| dataflow        |                                                  | ../Vitis_Libraries/vision/L1/include/common/xf_structs.hpp:1164 in axi2mat                                                   |
| dataflow        |                                                  | ../Vitis_Libraries/vision/L1/include/common/xf_structs.hpp:1176 in axi2mat                                                   |
| dataflow        |                                                  | ../Vitis_Libraries/vision/L1/include/common/xf_structs.hpp:1199 in axi2mat                                                   |
| loop_tripcount  | min=1 max=LOOPBOUND                              | ../Vitis_Libraries/vision/L1/include/common/xf_structs.hpp:1273 in mat2matstream                                             |
| pipeline        |                                                  | ../Vitis_Libraries/vision/L1/include/common/xf_structs.hpp:1274 in mat2matstream                                             |
| loop_tripcount  | min=1 max=ROWS                                   | ../Vitis_Libraries/vision/L1/include/common/xf_structs.hpp:1303 in matstream2axistream                                       |
| loop_tripcount  | min=1 max=COLS_BOUND_PER_NPC                     | ../Vitis_Libraries/vision/L1/include/common/xf_structs.hpp:1308 in matstream2axistream                                       |
| pipeline        |                                                  | ../Vitis_Libraries/vision/L1/include/common/xf_structs.hpp:1309 in matstream2axistream                                       |
| dataflow        |                                                  | ../Vitis_Libraries/vision/L1/include/common/xf_structs.hpp:1351 in mat2axistream                                             |
| dataflow        |                                                  | ../Vitis_Libraries/vision/L1/include/common/xf_structs.hpp:1364 in mat2axistream                                             |
| loop_tripcount  | min=1 max=ADDRBOUND                              | ../Vitis_Libraries/vision/L1/include/common/xf_structs.hpp:1381 in axistream2axi                                             |
| pipeline        |                                                  | ../Vitis_Libraries/vision/L1/include/common/xf_structs.hpp:1382 in axistream2axi                                             |
| loop_tripcount  | min=1 max=ADDRBOUND                              | ../Vitis_Libraries/vision/L1/include/common/xf_structs.hpp:1396 in axistream2axi                                             |
| pipeline        |                                                  | ../Vitis_Libraries/vision/L1/include/common/xf_structs.hpp:1397 in axistream2axi                                             |
| dataflow        |                                                  | ../Vitis_Libraries/vision/L1/include/common/xf_structs.hpp:1411 in mat2axi                                                   |
| dataflow        |                                                  | ../Vitis_Libraries/vision/L1/include/common/xf_structs.hpp:1438 in mat2axi                                                   |
| dataflow        |                                                  | ../Vitis_Libraries/vision/L1/include/common/xf_structs.hpp:1469 in mat2axi                                                   |
| dataflow        |                                                  | ../Vitis_Libraries/vision/L1/include/common/xf_structs.hpp:1499 in mat2axi                                                   |
| inline          |                                                  | ../Vitis_Libraries/vision/L1/include/common/xf_video_mem.hpp:46 in window<rows, cols, t>                                     |
| array_partition | variable=val dim=1 complete                      | ../Vitis_Libraries/vision/L1/include/common/xf_video_mem.hpp:47 in window<rows, cols, t>, val                                |
| array_partition | variable=val dim=2 complete                      | ../Vitis_Libraries/vision/L1/include/common/xf_video_mem.hpp:48 in window<rows, cols, t>, val                                |
| inline          |                                                  | ../Vitis_Libraries/vision/L1/include/common/xf_video_mem.hpp:112 in shift_pixels_left                                        |
| unroll          |                                                  | ../Vitis_Libraries/vision/L1/include/common/xf_video_mem.hpp:124 in shift_pixels_left                                        |
| unroll          |                                                  | ../Vitis_Libraries/vision/L1/include/common/xf_video_mem.hpp:128 in shift_pixels_left                                        |
| inline          |                                                  | ../Vitis_Libraries/vision/L1/include/common/xf_video_mem.hpp:156 in shift_pixels_right                                       |
| unroll          |                                                  | ../Vitis_Libraries/vision/L1/include/common/xf_video_mem.hpp:168 in shift_pixels_right                                       |
| unroll          |                                                  | ../Vitis_Libraries/vision/L1/include/common/xf_video_mem.hpp:172 in shift_pixels_right                                       |
| inline          |                                                  | ../Vitis_Libraries/vision/L1/include/common/xf_video_mem.hpp:200 in shift_pixels_up                                          |
| unroll          |                                                  | ../Vitis_Libraries/vision/L1/include/common/xf_video_mem.hpp:212 in shift_pixels_up                                          |
| unroll          |                                                  | ../Vitis_Libraries/vision/L1/include/common/xf_video_mem.hpp:216 in shift_pixels_up                                          |
| inline          |                                                  | ../Vitis_Libraries/vision/L1/include/common/xf_video_mem.hpp:244 in shift_pixels_down                                        |
| unroll          |                                                  | ../Vitis_Libraries/vision/L1/include/common/xf_video_mem.hpp:256 in shift_pixels_down                                        |
| unroll          |                                                  | ../Vitis_Libraries/vision/L1/include/common/xf_video_mem.hpp:260 in shift_pixels_down                                        |
| inline          |                                                  | ../Vitis_Libraries/vision/L1/include/common/xf_video_mem.hpp:287 in insert_pixel                                             |
| inline          |                                                  | ../Vitis_Libraries/vision/L1/include/common/xf_video_mem.hpp:320 in insert_row                                               |
| unroll          |                                                  | ../Vitis_Libraries/vision/L1/include/common/xf_video_mem.hpp:332 in insert_row                                               |
| inline          |                                                  | ../Vitis_Libraries/vision/L1/include/common/xf_video_mem.hpp:359 in insert_top_row                                           |
| inline          |                                                  | ../Vitis_Libraries/vision/L1/include/common/xf_video_mem.hpp:392 in insert_bottom_row                                        |
| inline          |                                                  | ../Vitis_Libraries/vision/L1/include/common/xf_video_mem.hpp:425 in insert_col                                               |
| unroll          |                                                  | ../Vitis_Libraries/vision/L1/include/common/xf_video_mem.hpp:437 in insert_col                                               |
| inline          |                                                  | ../Vitis_Libraries/vision/L1/include/common/xf_video_mem.hpp:464 in insert_left_col                                          |
| inline          |                                                  | ../Vitis_Libraries/vision/L1/include/common/xf_video_mem.hpp:497 in insert_right_col                                         |
| inline          |                                                  | ../Vitis_Libraries/vision/L1/include/common/xf_video_mem.hpp:530 in getval                                                   |
| inline          |                                                  | ../Vitis_Libraries/vision/L1/include/common/xf_video_mem.hpp:542 in operator()                                               |
| inline          |                                                  | ../Vitis_Libraries/vision/L1/include/common/xf_video_mem.hpp:579 in shift_left                                               |
| inline          |                                                  | ../Vitis_Libraries/vision/L1/include/common/xf_video_mem.hpp:592 in shift_right                                              |
| inline          |                                                  | ../Vitis_Libraries/vision/L1/include/common/xf_video_mem.hpp:605 in shift_up                                                 |
| inline          |                                                  | ../Vitis_Libraries/vision/L1/include/common/xf_video_mem.hpp:618 in shift_down                                               |
| inline          |                                                  | ../Vitis_Libraries/vision/L1/include/common/xf_video_mem.hpp:631 in insert                                                   |
| inline          |                                                  | ../Vitis_Libraries/vision/L1/include/common/xf_video_mem.hpp:644 in insert_top                                               |
| inline          |                                                  | ../Vitis_Libraries/vision/L1/include/common/xf_video_mem.hpp:657 in insert_bottom                                            |
| inline          |                                                  | ../Vitis_Libraries/vision/L1/include/common/xf_video_mem.hpp:670 in insert_left                                              |
| inline          |                                                  | ../Vitis_Libraries/vision/L1/include/common/xf_video_mem.hpp:683 in insert_right                                             |
| inline          |                                                  | ../Vitis_Libraries/vision/L1/include/common/xf_video_mem.hpp:700 in linebuffer<rows, cols, t, mem_type, reshape_factor>      |
| dependence      | variable=val inter false                         | ../Vitis_Libraries/vision/L1/include/common/xf_video_mem.hpp:701 in linebuffer<rows, cols, t, mem_type, reshape_factor>, val |
| dependence      | variable=val intra false                         | ../Vitis_Libraries/vision/L1/include/common/xf_video_mem.hpp:702 in linebuffer<rows, cols, t, mem_type, reshape_factor>, val |
| bind_storage    | variable=val type=RAM_1P impl=BRAM               | ../Vitis_Libraries/vision/L1/include/common/xf_video_mem.hpp:711 in linebuffer<rows, cols, t, mem_type, reshape_factor>, val |
| bind_storage    | variable=val type=RAM_1P impl=URAM               | ../Vitis_Libraries/vision/L1/include/common/xf_video_mem.hpp:716 in linebuffer<rows, cols, t, mem_type, reshape_factor>, val |
| bind_storage    | variable=val type=RAM_2P impl=BRAM               | ../Vitis_Libraries/vision/L1/include/common/xf_video_mem.hpp:721 in linebuffer<rows, cols, t, mem_type, reshape_factor>, val |
| bind_storage    | variable=val type=RAM_2P impl=URAM               | ../Vitis_Libraries/vision/L1/include/common/xf_video_mem.hpp:726 in linebuffer<rows, cols, t, mem_type, reshape_factor>, val |
| bind_storage    | variable=val type=RAM_S2P impl=BRAM              | ../Vitis_Libraries/vision/L1/include/common/xf_video_mem.hpp:731 in linebuffer<rows, cols, t, mem_type, reshape_factor>, val |
| bind_storage    | variable=val type=RAM_S2P impl=URAM              | ../Vitis_Libraries/vision/L1/include/common/xf_video_mem.hpp:736 in linebuffer<rows, cols, t, mem_type, reshape_factor>, val |
| bind_storage    | variable=val type=RAM_T2P impl=BRAM              | ../Vitis_Libraries/vision/L1/include/common/xf_video_mem.hpp:741 in linebuffer<rows, cols, t, mem_type, reshape_factor>, val |
| bind_storage    | variable=val type=RAM_T2P impl=URAM              | ../Vitis_Libraries/vision/L1/include/common/xf_video_mem.hpp:746 in linebuffer<rows, cols, t, mem_type, reshape_factor>, val |
| array_partition | variable=val complete dim=1                      | ../Vitis_Libraries/vision/L1/include/common/xf_video_mem.hpp:755 in linebuffer<rows, cols, t, mem_type, reshape_factor>, val |
| inline          |                                                  | ../Vitis_Libraries/vision/L1/include/common/xf_video_mem.hpp:813 in shift_pixels_down                                        |
| unroll          |                                                  | ../Vitis_Libraries/vision/L1/include/common/xf_video_mem.hpp:826 in shift_pixels_down                                        |
| inline          |                                                  | ../Vitis_Libraries/vision/L1/include/common/xf_video_mem.hpp:856 in shift_pixels_up                                          |
| unroll          |                                                  | ../Vitis_Libraries/vision/L1/include/common/xf_video_mem.hpp:869 in shift_pixels_up                                          |
| inline          |                                                  | ../Vitis_Libraries/vision/L1/include/common/xf_video_mem.hpp:898 in insert_bottom_row                                        |
| inline          |                                                  | ../Vitis_Libraries/vision/L1/include/common/xf_video_mem.hpp:931 in insert_top_row                                           |
| inline          |                                                  | ../Vitis_Libraries/vision/L1/include/common/xf_video_mem.hpp:964 in get_col                                                  |
| unroll          |                                                  | ../Vitis_Libraries/vision/L1/include/common/xf_video_mem.hpp:970 in get_col                                                  |
| inline          |                                                  | ../Vitis_Libraries/vision/L1/include/common/xf_video_mem.hpp:981 in getval                                                   |
| inline          |                                                  | ../Vitis_Libraries/vision/L1/include/common/xf_video_mem.hpp:992 in operator()                                               |
| inline          |                                                  | ../Vitis_Libraries/vision/L1/include/common/xf_video_mem.hpp:1004 in shift_down                                              |
| inline          |                                                  | ../Vitis_Libraries/vision/L1/include/common/xf_video_mem.hpp:1016 in shift_up                                                |
| inline          |                                                  | ../Vitis_Libraries/vision/L1/include/common/xf_video_mem.hpp:1028 in insert_bottom                                           |
| inline          |                                                  | ../Vitis_Libraries/vision/L1/include/common/xf_video_mem.hpp:1040 in insert_top                                              |
| inline          |                                                  | sgm_kernel/sgm_kernel.cpp:28 in update_line_buffers                                                                          |
| inline          |                                                  | sgm_kernel/sgm_kernel.cpp:47 in update_sliding_windows                                                                       |
| unroll          |                                                  | sgm_kernel/sgm_kernel.cpp:52 in update_sliding_windows                                                                       |
| unroll          |                                                  | sgm_kernel/sgm_kernel.cpp:55 in update_sliding_windows                                                                       |
| unroll          |                                                  | sgm_kernel/sgm_kernel.cpp:63 in update_sliding_windows                                                                       |
| unroll          |                                                  | sgm_kernel/sgm_kernel.cpp:74 in update_sliding_windows                                                                       |
| unroll          |                                                  | sgm_kernel/sgm_kernel.cpp:87 in compute_census_descriptor                                                                    |
| unroll          |                                                  | sgm_kernel/sgm_kernel.cpp:92 in compute_census_descriptor                                                                    |
| unroll          |                                                  | sgm_kernel/sgm_kernel.cpp:117 in compute_right_census_descriptor                                                             |
| unroll          |                                                  | sgm_kernel/sgm_kernel.cpp:122 in compute_right_census_descriptor                                                             |
| inline          |                                                  | sgm_kernel/sgm_kernel.cpp:145 in compute_census_cost_vector                                                                  |
| unroll          |                                                  | sgm_kernel/sgm_kernel.cpp:148 in compute_census_cost_vector                                                                  |
| unroll          |                                                  | sgm_kernel/sgm_kernel.cpp:155 in compute_census_cost_vector                                                                  |
| inline          |                                                  | sgm_kernel/sgm_kernel.cpp:176 in aggregate_group                                                                             |
| array_partition | variable=laneAggLR type=complete                 | sgm_kernel/sgm_kernel.cpp:182 in aggregate_group, laneAggLR                                                                  |
| array_partition | variable=laneAggTB type=complete                 | sgm_kernel/sgm_kernel.cpp:183 in aggregate_group, laneAggTB                                                                  |
| array_partition | variable=laneSum type=complete                   | sgm_kernel/sgm_kernel.cpp:184 in aggregate_group, laneSum                                                                    |
| unroll          |                                                  | sgm_kernel/sgm_kernel.cpp:189 in aggregate_group                                                                             |
| inline          | off                                              | sgm_kernel/sgm_kernel.cpp:285 in commit_prev_costs                                                                           |
| unroll          |                                                  | sgm_kernel/sgm_kernel.cpp:290 in commit_prev_costs                                                                           |
| inline          | off                                              | sgm_kernel/sgm_kernel.cpp:311 in prepare_census_column                                                                       |
| unroll          |                                                  | sgm_kernel/sgm_kernel.cpp:333 in prepare_census_column                                                                       |
| inline          | off                                              | sgm_kernel/sgm_kernel.cpp:353 in col_frontend                                                                                |
| pipeline        | II=1                                             | sgm_kernel/sgm_kernel.cpp:357 in col_frontend                                                                                |
| inline          | off                                              | sgm_kernel/sgm_kernel.cpp:384 in col_backend                                                                                 |
| pipeline        | II=1                                             | sgm_kernel/sgm_kernel.cpp:397 in col_backend                                                                                 |
| dataflow        |                                                  | sgm_kernel/sgm_kernel.cpp:458 in process_cost_groups                                                                         |
| stream          | variable=coststream depth=2                      | sgm_kernel/sgm_kernel.cpp:461 in process_cost_groups, coststream                                                             |
| interface       | mode=bram port=left                              | sgm_kernel/sgm_kernel.cpp:487 in sgm_kernel, left                                                                            |
| interface       | mode=bram port=right                             | sgm_kernel/sgm_kernel.cpp:488 in sgm_kernel, right                                                                           |
| interface       | mode=bram port=disp                              | sgm_kernel/sgm_kernel.cpp:489 in sgm_kernel, disp                                                                            |
| interface       | mode=s_axilite port=return bundle=control        | sgm_kernel/sgm_kernel.cpp:491 in sgm_kernel, return                                                                          |
| array_partition | variable=bufL complete dim=1                     | sgm_kernel/sgm_kernel.cpp:497 in sgm_kernel, bufL                                                                            |
| array_partition | variable=bufR complete dim=1                     | sgm_kernel/sgm_kernel.cpp:498 in sgm_kernel, bufR                                                                            |
| array_partition | variable=prevCostL complete dim=1                | sgm_kernel/sgm_kernel.cpp:512 in sgm_kernel, prevCostL                                                                       |
| bind_storage    | variable=prevCostT type=RAM_2P impl=BRAM         | sgm_kernel/sgm_kernel.cpp:515 in sgm_kernel, prevCostT                                                                       |
| array_partition | variable=prevCostT complete dim=2                | sgm_kernel/sgm_kernel.cpp:516 in sgm_kernel, prevCostT                                                                       |
| array_partition | variable=aggLR_arr complete dim=1                | sgm_kernel/sgm_kernel.cpp:520 in sgm_kernel, aggLR_arr                                                                       |
| array_partition | variable=aggTB_arr complete dim=1                | sgm_kernel/sgm_kernel.cpp:521 in sgm_kernel, aggTB_arr                                                                       |
| array_partition | variable=leftWin complete dim=0                  | sgm_kernel/sgm_kernel.cpp:526 in sgm_kernel, leftWin                                                                         |
| array_partition | variable=rightStripe complete dim=1              | sgm_kernel/sgm_kernel.cpp:527 in sgm_kernel, rightStripe                                                                     |
| array_partition | variable=rightCensusHistory complete             | sgm_kernel/sgm_kernel.cpp:530 in sgm_kernel, rightCensusHistory                                                              |
| unroll          | factor=2                                         | sgm_kernel/sgm_kernel.cpp:548 in sgm_kernel                                                                                  |
| unroll          | factor=2                                         | sgm_kernel/sgm_kernel.cpp:556 in sgm_kernel                                                                                  |
| loop_tripcount  | min=IMG_W max=IMG_W                              | sgm_kernel/sgm_kernel.cpp:565 in sgm_kernel                                                                                  |
| unroll          | factor=2                                         | sgm_kernel/sgm_kernel.cpp:570 in sgm_kernel                                                                                  |
| dependence      | variable=bufL inter false                        | sgm_kernel/sgm_kernel.cpp:599 in sgm_kernel, bufL                                                                            |
| dependence      | variable=bufR inter false                        | sgm_kernel/sgm_kernel.cpp:600 in sgm_kernel, bufR                                                                            |
| inline          |                                                  | sgm_kernel/sgm_params.hpp:26 in absdiff                                                                                      |
| inline          |                                                  | sgm_kernel/sgm_params.hpp:32 in sat12                                                                                        |
+-----------------+--------------------------------------------------+------------------------------------------------------------------------------------------------------------------------------+


