

================================================================
== Vitis HLS Report for 'sgm_kernel'
================================================================
* Date:           Fri Sep 25 11:15:35 2026

* Version:        2023.1 (Build 3854077 on May  4 2023)
* Project:        sgm_kernel
* Solution:       solution1 (Vivado IP Flow Target)
* Product family: zynq
* Target device:  xc7z010-clg400-1


================================================================
== Performance Estimates
================================================================
+ Timing: 
    * Summary: 
    +--------+----------+----------+------------+
    |  Clock |  Target  | Estimated| Uncertainty|
    +--------+----------+----------+------------+
    |ap_clk  |  10.00 ns|  6.996 ns|     2.70 ns|
    +--------+----------+----------+------------+

+ Latency: 
    * Summary: 
    +---------+---------+----------+-----------+--------+---------+---------+
    |  Latency (cycles) |  Latency (absolute)  |     Interval     | Pipeline|
    |   min   |   max   |    min   |    max    |   min  |   max   |   Type  |
    +---------+---------+----------+-----------+--------+---------+---------+
    |   597124|  2901124|  5.971 ms|  29.011 ms|  597125|  2901125|       no|
    +---------+---------+----------+-----------+--------+---------+---------+

    + Detail: 
        * Instance: 
        +------------------------------------------------------------------+------------------------------------------------------+---------+---------+-----------+----------+-----+-----+---------+
        |                                                                  |                                                      |  Latency (cycles) |  Latency (absolute)  |  Interval | Pipeline|
        |                             Instance                             |                        Module                        |   min   |   max   |    min    |    max   | min | max |   Type  |
        +------------------------------------------------------------------+------------------------------------------------------+---------+---------+-----------+----------+-----+-----+---------+
        |grp_sgm_kernel_Pipeline_InitBuf_VITIS_LOOP_374_1_fu_1770          |sgm_kernel_Pipeline_InitBuf_VITIS_LOOP_374_1          |      962|      962|   9.620 us|  9.620 us|  962|  962|       no|
        |grp_sgm_kernel_Pipeline_VITIS_LOOP_420_2_fu_1786                  |sgm_kernel_Pipeline_VITIS_LOOP_420_2                  |       18|       18|   0.180 us|  0.180 us|   18|   18|       no|
        |grp_sgm_kernel_Pipeline_ResetCosts_fu_1852                        |sgm_kernel_Pipeline_ResetCosts                        |       18|       18|   0.180 us|  0.180 us|   18|   18|       no|
        |grp_sgm_kernel_Pipeline_InitTBRowD_fu_1920                        |sgm_kernel_Pipeline_InitTBRowD                        |       18|       18|   0.180 us|  0.180 us|   18|   18|       no|
        |grp_sgm_kernel_Pipeline_InitLeftWin_VITIS_LOOP_453_3_fu_1990      |sgm_kernel_Pipeline_InitLeftWin_VITIS_LOOP_453_3      |       11|       11|   0.110 us|  0.110 us|   11|   11|       no|
        |grp_sgm_kernel_Pipeline_InitRightStripe_VITIS_LOOP_462_4_fu_2006  |sgm_kernel_Pipeline_InitRightStripe_VITIS_LOOP_462_4  |      104|      104|   1.040 us|  1.040 us|  104|  104|       no|
        |grp_col_frontend_fu_2013                                          |col_frontend                                          |       15|       26|   0.150 us|  0.260 us|   15|   26|       no|
        |grp_col_backend_fu_2111                                           |col_backend                                           |        1|       41|  10.000 ns|  0.410 us|    1|   41|       no|
        +------------------------------------------------------------------+------------------------------------------------------+---------+---------+-----------+----------+-----+-----+---------+

        * Loop: 
        +---------------------+---------+---------+--------------+-----------+-----------+------+----------+
        |                     |  Latency (cycles) |   Iteration  |  Initiation Interval  | Trip |          |
        |      Loop Name      |   min   |   max   |    Latency   |  achieved |   target  | Count| Pipelined|
        +---------------------+---------+---------+--------------+-----------+-----------+------+----------+
        |- Row                |   596160|  2900160|  6210 ~ 30210|          -|          -|    96|        no|
        | + InitTBRow         |     6400|     6400|            20|          -|          -|   320|        no|
        | + VITIS_LOOP_468_5  |     6081|    23681|       19 ~ 74|          -|          -|   320|        no|
        +---------------------+---------+---------+--------------+-----------+-----------+------+----------+



================================================================
== Utilization Estimates
================================================================
* Summary: 
+-----------------+---------+----+-------+-------+-----+
|       Name      | BRAM_18K| DSP|   FF  |  LUT  | URAM|
+-----------------+---------+----+-------+-------+-----+
|DSP              |        -|   -|      -|      -|    -|
|Expression       |        -|   -|      0|    534|    -|
|FIFO             |        -|   -|      -|      -|    -|
|Instance         |        0|   -|   3090|   6538|    -|
|Memory           |       39|   -|     64|     17|    0|
|Multiplexer      |        -|   -|      -|   3306|    -|
|Register         |        -|   -|   2283|      -|    -|
+-----------------+---------+----+-------+-------+-----+
|Total            |       39|   0|   5437|  10395|    0|
+-----------------+---------+----+-------+-------+-----+
|Available        |      120|  80|  35200|  17600|    0|
+-----------------+---------+----+-------+-------+-----+
|Utilization (%)  |       32|   0|     15|     59|    0|
+-----------------+---------+----+-------+-------+-----+

+ Detail: 
    * Instance: 
    +------------------------------------------------------------------+------------------------------------------------------+---------+----+------+------+-----+
    |                             Instance                             |                        Module                        | BRAM_18K| DSP|  FF  |  LUT | URAM|
    +------------------------------------------------------------------+------------------------------------------------------+---------+----+------+------+-----+
    |grp_col_backend_fu_2111                                           |col_backend                                           |        0|   0|  1942|  3233|    0|
    |grp_col_frontend_fu_2013                                          |col_frontend                                          |        0|   0|   730|  2386|    0|
    |control_s_axi_U                                                   |control_s_axi                                         |        0|   0|    36|    40|    0|
    |grp_sgm_kernel_Pipeline_InitBuf_VITIS_LOOP_374_1_fu_1770          |sgm_kernel_Pipeline_InitBuf_VITIS_LOOP_374_1          |        0|   0|    35|   149|    0|
    |grp_sgm_kernel_Pipeline_InitLeftWin_VITIS_LOOP_453_3_fu_1990      |sgm_kernel_Pipeline_InitLeftWin_VITIS_LOOP_453_3      |        0|   0|    58|   189|    0|
    |grp_sgm_kernel_Pipeline_InitRightStripe_VITIS_LOOP_462_4_fu_2006  |sgm_kernel_Pipeline_InitRightStripe_VITIS_LOOP_462_4  |        0|   0|    17|   137|    0|
    |grp_sgm_kernel_Pipeline_InitTBRowD_fu_1920                        |sgm_kernel_Pipeline_InitTBRowD                        |        0|   0|     8|    41|    0|
    |grp_sgm_kernel_Pipeline_ResetCosts_fu_1852                        |sgm_kernel_Pipeline_ResetCosts                        |        0|   0|     8|    41|    0|
    |grp_sgm_kernel_Pipeline_VITIS_LOOP_420_2_fu_1786                  |sgm_kernel_Pipeline_VITIS_LOOP_420_2                  |        0|   0|   256|   322|    0|
    +------------------------------------------------------------------+------------------------------------------------------+---------+----+------+------+-----+
    |Total                                                             |                                                      |        0|   0|  3090|  6538|    0|
    +------------------------------------------------------------------+------------------------------------------------------+---------+----+------+------+-----+

    * DSP: 
    N/A

    * Memory: 
    +------------------------------------------------------------+------------------------------------------------------------------------+---------+----+----+-----+------+-----+------+-------------+
    |                           Memory                           |                                 Module                                 | BRAM_18K| FF | LUT| URAM| Words| Bits| Banks| W*Bits*Banks|
    +------------------------------------------------------------+------------------------------------------------------------------------+---------+----+----+-----+------+-----+------+-------------+
    |bufL_U                                                      |bufL_RAM_AUTO_1R1W                                                      |        1|   0|   0|    0|   320|    8|     1|         2560|
    |bufL_1_U                                                    |bufL_RAM_AUTO_1R1W                                                      |        1|   0|   0|    0|   320|    8|     1|         2560|
    |bufL_2_U                                                    |bufL_RAM_AUTO_1R1W                                                      |        1|   0|   0|    0|   320|    8|     1|         2560|
    |bufR_U                                                      |bufL_RAM_AUTO_1R1W                                                      |        1|   0|   0|    0|   320|    8|     1|         2560|
    |bufR_1_U                                                    |bufL_RAM_AUTO_1R1W                                                      |        1|   0|   0|    0|   320|    8|     1|         2560|
    |bufR_2_U                                                    |bufL_RAM_AUTO_1R1W                                                      |        1|   0|   0|    0|   320|    8|     1|         2560|
    |minPrevT_U                                                  |minPrevT_RAM_AUTO_1R1W                                                  |        1|   0|   0|    0|   320|   12|     1|         3840|
    |pkt_curCost_U                                               |pkt_curCost_RAM_AUTO_1R1W                                               |        0|   8|   1|    0|    16|    4|     1|           64|
    |pkt_curCost_1_U                                             |pkt_curCost_RAM_AUTO_1R1W                                               |        0|   8|   1|    0|    16|    4|     1|           64|
    |rightStripe_U                                               |rightStripe_RAM_AUTO_1R1W                                               |        0|  16|   5|    0|    34|    8|     1|          272|
    |rightStripe_1_U                                             |rightStripe_RAM_AUTO_1R1W                                               |        0|  16|   5|    0|    34|    8|     1|          272|
    |rightStripe_2_U                                             |rightStripe_RAM_AUTO_1R1W                                               |        0|  16|   5|    0|    34|    8|     1|          272|
    |sgm_kernel_ap_uint_32_ap_uint_32_ap_uint_32_prevCostT_U     |sgm_kernel_ap_uint_32_ap_uint_32_ap_uint_32_prevCostT_RAM_2P_BRAM_1R1W  |        1|   0|   0|    0|   320|   12|     1|         3840|
    |sgm_kernel_ap_uint_32_ap_uint_32_ap_uint_32_prevCostT_10_U  |sgm_kernel_ap_uint_32_ap_uint_32_ap_uint_32_prevCostT_RAM_2P_BRAM_1R1W  |        1|   0|   0|    0|   320|   12|     1|         3840|
    |sgm_kernel_ap_uint_32_ap_uint_32_ap_uint_32_prevCostT_11_U  |sgm_kernel_ap_uint_32_ap_uint_32_ap_uint_32_prevCostT_RAM_2P_BRAM_1R1W  |        1|   0|   0|    0|   320|   12|     1|         3840|
    |sgm_kernel_ap_uint_32_ap_uint_32_ap_uint_32_prevCostT_12_U  |sgm_kernel_ap_uint_32_ap_uint_32_ap_uint_32_prevCostT_RAM_2P_BRAM_1R1W  |        1|   0|   0|    0|   320|   12|     1|         3840|
    |sgm_kernel_ap_uint_32_ap_uint_32_ap_uint_32_prevCostT_13_U  |sgm_kernel_ap_uint_32_ap_uint_32_ap_uint_32_prevCostT_RAM_2P_BRAM_1R1W  |        1|   0|   0|    0|   320|   12|     1|         3840|
    |sgm_kernel_ap_uint_32_ap_uint_32_ap_uint_32_prevCostT_14_U  |sgm_kernel_ap_uint_32_ap_uint_32_ap_uint_32_prevCostT_RAM_2P_BRAM_1R1W  |        1|   0|   0|    0|   320|   12|     1|         3840|
    |sgm_kernel_ap_uint_32_ap_uint_32_ap_uint_32_prevCostT_15_U  |sgm_kernel_ap_uint_32_ap_uint_32_ap_uint_32_prevCostT_RAM_2P_BRAM_1R1W  |        1|   0|   0|    0|   320|   12|     1|         3840|
    |sgm_kernel_ap_uint_32_ap_uint_32_ap_uint_32_prevCostT_16_U  |sgm_kernel_ap_uint_32_ap_uint_32_ap_uint_32_prevCostT_RAM_2P_BRAM_1R1W  |        1|   0|   0|    0|   320|   12|     1|         3840|
    |sgm_kernel_ap_uint_32_ap_uint_32_ap_uint_32_prevCostT_17_U  |sgm_kernel_ap_uint_32_ap_uint_32_ap_uint_32_prevCostT_RAM_2P_BRAM_1R1W  |        1|   0|   0|    0|   320|   12|     1|         3840|
    |sgm_kernel_ap_uint_32_ap_uint_32_ap_uint_32_prevCostT_18_U  |sgm_kernel_ap_uint_32_ap_uint_32_ap_uint_32_prevCostT_RAM_2P_BRAM_1R1W  |        1|   0|   0|    0|   320|   12|     1|         3840|
    |p_ZZ10sgm_kernelP7ap_uintILi32EES1_S1_E9prevCostT_10_U      |sgm_kernel_ap_uint_32_ap_uint_32_ap_uint_32_prevCostT_RAM_2P_BRAM_1R1W  |        1|   0|   0|    0|   320|   12|     1|         3840|
    |p_ZZ10sgm_kernelP7ap_uintILi32EES1_S1_E9prevCostT_11_U      |sgm_kernel_ap_uint_32_ap_uint_32_ap_uint_32_prevCostT_RAM_2P_BRAM_1R1W  |        1|   0|   0|    0|   320|   12|     1|         3840|
    |p_ZZ10sgm_kernelP7ap_uintILi32EES1_S1_E9prevCostT_12_U      |sgm_kernel_ap_uint_32_ap_uint_32_ap_uint_32_prevCostT_RAM_2P_BRAM_1R1W  |        1|   0|   0|    0|   320|   12|     1|         3840|
    |p_ZZ10sgm_kernelP7ap_uintILi32EES1_S1_E9prevCostT_13_U      |sgm_kernel_ap_uint_32_ap_uint_32_ap_uint_32_prevCostT_RAM_2P_BRAM_1R1W  |        1|   0|   0|    0|   320|   12|     1|         3840|
    |p_ZZ10sgm_kernelP7ap_uintILi32EES1_S1_E9prevCostT_14_U      |sgm_kernel_ap_uint_32_ap_uint_32_ap_uint_32_prevCostT_RAM_2P_BRAM_1R1W  |        1|   0|   0|    0|   320|   12|     1|         3840|
    |p_ZZ10sgm_kernelP7ap_uintILi32EES1_S1_E9prevCostT_15_U      |sgm_kernel_ap_uint_32_ap_uint_32_ap_uint_32_prevCostT_RAM_2P_BRAM_1R1W  |        1|   0|   0|    0|   320|   12|     1|         3840|
    |p_ZZ10sgm_kernelP7ap_uintILi32EES1_S1_E9prevCostT_16_U      |sgm_kernel_ap_uint_32_ap_uint_32_ap_uint_32_prevCostT_RAM_2P_BRAM_1R1W  |        1|   0|   0|    0|   320|   12|     1|         3840|
    |p_ZZ10sgm_kernelP7ap_uintILi32EES1_S1_E9prevCostT_17_U      |sgm_kernel_ap_uint_32_ap_uint_32_ap_uint_32_prevCostT_RAM_2P_BRAM_1R1W  |        1|   0|   0|    0|   320|   12|     1|         3840|
    |p_ZZ10sgm_kernelP7ap_uintILi32EES1_S1_E9prevCostT_18_U      |sgm_kernel_ap_uint_32_ap_uint_32_ap_uint_32_prevCostT_RAM_2P_BRAM_1R1W  |        1|   0|   0|    0|   320|   12|     1|         3840|
    |p_ZZ10sgm_kernelP7ap_uintILi32EES1_S1_E9prevCostT_19_U      |sgm_kernel_ap_uint_32_ap_uint_32_ap_uint_32_prevCostT_RAM_2P_BRAM_1R1W  |        1|   0|   0|    0|   320|   12|     1|         3840|
    |p_ZZ10sgm_kernelP7ap_uintILi32EES1_S1_E9prevCostT_20_U      |sgm_kernel_ap_uint_32_ap_uint_32_ap_uint_32_prevCostT_RAM_2P_BRAM_1R1W  |        1|   0|   0|    0|   320|   12|     1|         3840|
    |p_ZZ10sgm_kernelP7ap_uintILi32EES1_S1_E9prevCostT_21_U      |sgm_kernel_ap_uint_32_ap_uint_32_ap_uint_32_prevCostT_RAM_2P_BRAM_1R1W  |        1|   0|   0|    0|   320|   12|     1|         3840|
    |p_ZZ10sgm_kernelP7ap_uintILi32EES1_S1_E9prevCostT_22_U      |sgm_kernel_ap_uint_32_ap_uint_32_ap_uint_32_prevCostT_RAM_2P_BRAM_1R1W  |        1|   0|   0|    0|   320|   12|     1|         3840|
    |p_ZZ10sgm_kernelP7ap_uintILi32EES1_S1_E9prevCostT_23_U      |sgm_kernel_ap_uint_32_ap_uint_32_ap_uint_32_prevCostT_RAM_2P_BRAM_1R1W  |        1|   0|   0|    0|   320|   12|     1|         3840|
    |p_ZZ10sgm_kernelP7ap_uintILi32EES1_S1_E9prevCostT_24_U      |sgm_kernel_ap_uint_32_ap_uint_32_ap_uint_32_prevCostT_RAM_2P_BRAM_1R1W  |        1|   0|   0|    0|   320|   12|     1|         3840|
    |p_ZZ10sgm_kernelP7ap_uintILi32EES1_S1_E9prevCostT_25_U      |sgm_kernel_ap_uint_32_ap_uint_32_ap_uint_32_prevCostT_RAM_2P_BRAM_1R1W  |        1|   0|   0|    0|   320|   12|     1|         3840|
    |p_ZZ10sgm_kernelP7ap_uintILi32EES1_S1_E9prevCostT_26_U      |sgm_kernel_ap_uint_32_ap_uint_32_ap_uint_32_prevCostT_RAM_2P_BRAM_1R1W  |        1|   0|   0|    0|   320|   12|     1|         3840|
    |p_ZZ10sgm_kernelP7ap_uintILi32EES1_S1_E9prevCostT_27_U      |sgm_kernel_ap_uint_32_ap_uint_32_ap_uint_32_prevCostT_RAM_2P_BRAM_1R1W  |        1|   0|   0|    0|   320|   12|     1|         3840|
    |p_ZZ10sgm_kernelP7ap_uintILi32EES1_S1_E9prevCostT_28_U      |sgm_kernel_ap_uint_32_ap_uint_32_ap_uint_32_prevCostT_RAM_2P_BRAM_1R1W  |        1|   0|   0|    0|   320|   12|     1|         3840|
    |p_ZZ10sgm_kernelP7ap_uintILi32EES1_S1_E9prevCostT_29_U      |sgm_kernel_ap_uint_32_ap_uint_32_ap_uint_32_prevCostT_RAM_2P_BRAM_1R1W  |        1|   0|   0|    0|   320|   12|     1|         3840|
    |p_ZZ10sgm_kernelP7ap_uintILi32EES1_S1_E9prevCostT_30_U      |sgm_kernel_ap_uint_32_ap_uint_32_ap_uint_32_prevCostT_RAM_2P_BRAM_1R1W  |        1|   0|   0|    0|   320|   12|     1|         3840|
    |p_ZZ10sgm_kernelP7ap_uintILi32EES1_S1_E9prevCostT_31_U      |sgm_kernel_ap_uint_32_ap_uint_32_ap_uint_32_prevCostT_RAM_2P_BRAM_1R1W  |        1|   0|   0|    0|   320|   12|     1|         3840|
    +------------------------------------------------------------+------------------------------------------------------------------------+---------+----+----+-----+------+-----+------+-------------+
    |Total                                                       |                                                                        |       39|  64|  17|    0| 12614|  476|    44|       143024|
    +------------------------------------------------------------+------------------------------------------------------------------------+---------+----+----+-----+------+-----+------+-------------+

    * FIFO: 
    N/A

    * Expression: 
    +---------------------------------+----------+----+---+-----+------------+------------+
    |          Variable Name          | Operation| DSP| FF| LUT | Bitwidth P0| Bitwidth P1|
    +---------------------------------+----------+----+---+-----+------------+------------+
    |add_ln412_fu_2359_p2             |         +|   0|  0|   14|           7|           1|
    |add_ln437_fu_2593_p2             |         +|   0|  0|   14|           9|           1|
    |add_ln468_fu_2672_p2             |         +|   0|  0|   14|           9|           1|
    |add_ln487_fu_3069_p2             |         +|   0|  0|   14|           9|           2|
    |add_ln501_1_fu_3118_p2           |         +|   0|  0|   14|          13|          13|
    |add_ln501_2_fu_2660_p2           |         +|   0|  0|   20|          15|           2|
    |add_ln501_fu_3131_p2             |         +|   0|  0|   20|          15|          15|
    |add_ln514_1_fu_2678_p2           |         +|   0|  0|   14|          13|           9|
    |add_ln514_fu_2687_p2             |         +|   0|  0|   20|          15|          15|
    |disp_byte_indx_fu_3319_p2        |         +|   0|  0|   10|           2|           2|
    |and_ln505_fu_3348_p2             |       and|   0|  0|   32|          32|          32|
    |icmp_ln412_fu_2353_p2            |      icmp|   0|  0|   14|           7|           7|
    |icmp_ln434_fu_2582_p2            |      icmp|   0|  0|   14|           7|           1|
    |icmp_ln437_fu_2587_p2            |      icmp|   0|  0|   14|           9|           9|
    |icmp_ln468_fu_2666_p2            |      icmp|   0|  0|   14|           9|           9|
    |icmp_ln488_fu_3112_p2            |      icmp|   0|  0|   14|           9|           1|
    |icmp_ln507_fu_3370_p2            |      icmp|   0|  0|   10|           2|           1|
    |ap_block_state4_on_subcall_done  |        or|   0|  0|    2|           1|           1|
    |ap_block_state8_on_subcall_done  |        or|   0|  0|    2|           1|           1|
    |disp_word_3_fu_3364_p2           |        or|   0|  0|   32|          32|          32|
    |shl_ln505_1_fu_3358_p2           |       shl|   0|  0|  100|          32|          32|
    |shl_ln505_fu_3336_p2             |       shl|   0|  0|  100|           8|          32|
    |xor_ln505_fu_3342_p2             |       xor|   0|  0|   32|          32|           2|
    +---------------------------------+----------+----+---+-----+------------+------------+
    |Total                            |          |   0|  0|  534|         288|         221|
    +---------------------------------+----------+----+---+-----+------------+------------+

    * Multiplexer: 
    +-------------------------------------------------------------------+----+-----------+-----+-----------+
    |                                Name                               | LUT| Input Size| Bits| Total Bits|
    +-------------------------------------------------------------------+----+-----------+-----+-----------+
    |ap_NS_fsm                                                          |  81|         17|    1|         17|
    |ap_phi_mux_disp_word_2_phi_fu_1759_p6                              |  14|          3|   32|         96|
    |ap_phi_mux_minPrevLR_1_phi_fu_1745_p6                              |   9|          2|   12|         24|
    |bufL_1_address0                                                    |  14|          3|    9|         27|
    |bufL_1_ce0                                                         |  14|          3|    1|          3|
    |bufL_1_d0                                                          |  14|          3|    8|         24|
    |bufL_1_we0                                                         |  14|          3|    1|          3|
    |bufL_2_address0                                                    |  14|          3|    9|         27|
    |bufL_2_ce0                                                         |  14|          3|    1|          3|
    |bufL_2_d0                                                          |  14|          3|    8|         24|
    |bufL_2_we0                                                         |  14|          3|    1|          3|
    |bufL_address0                                                      |  14|          3|    9|         27|
    |bufL_ce0                                                           |  14|          3|    1|          3|
    |bufL_d0                                                            |  14|          3|    8|         24|
    |bufL_we0                                                           |  14|          3|    1|          3|
    |bufR_1_address0                                                    |  14|          3|    9|         27|
    |bufR_1_ce0                                                         |  14|          3|    1|          3|
    |bufR_1_d0                                                          |  14|          3|    8|         24|
    |bufR_1_we0                                                         |  14|          3|    1|          3|
    |bufR_2_address0                                                    |  14|          3|    9|         27|
    |bufR_2_ce0                                                         |  14|          3|    1|          3|
    |bufR_2_d0                                                          |  14|          3|    8|         24|
    |bufR_2_we0                                                         |  14|          3|    1|          3|
    |bufR_address0                                                      |  14|          3|    9|         27|
    |bufR_ce0                                                           |  14|          3|    1|          3|
    |bufR_d0                                                            |  14|          3|    8|         24|
    |bufR_we0                                                           |  14|          3|    1|          3|
    |c_1_reg_1323                                                       |   9|          2|    9|         18|
    |c_reg_1311                                                         |   9|          2|    9|         18|
    |disp_Addr_A_orig                                                   |  14|          3|   32|         96|
    |disp_Din_A                                                         |  14|          3|   32|         96|
    |disp_WEN_A                                                         |   9|          2|    4|          8|
    |disp_word_1_reg_1729                                               |   9|          2|   32|         64|
    |disp_word_2_reg_1755                                               |  14|          3|   32|         96|
    |leftWin_1_1_reg_1719                                               |   9|          2|    8|         16|
    |leftWin_2_1_reg_1709                                               |   9|          2|    8|         16|
    |leftWin_4_1_reg_1699                                               |   9|          2|    8|         16|
    |leftWin_5_1_reg_1689                                               |   9|          2|    8|         16|
    |leftWin_7_1_reg_1679                                               |   9|          2|    8|         16|
    |leftWin_8_1_reg_1669                                               |   9|          2|    8|         16|
    |minPrevLR_0_reg_1335                                               |   9|          2|   12|         24|
    |minPrevLR_1_reg_1741                                               |   9|          2|   12|         24|
    |minPrevT_address0                                                  |  20|          4|    9|         36|
    |minPrevT_d0                                                        |  14|          3|   12|         36|
    |p_ZZ10sgm_kernelP7ap_uintILi32EES1_S1_E9prevCostL_10               |   9|          2|   12|         24|
    |p_ZZ10sgm_kernelP7ap_uintILi32EES1_S1_E9prevCostL_11               |   9|          2|   12|         24|
    |p_ZZ10sgm_kernelP7ap_uintILi32EES1_S1_E9prevCostL_12               |   9|          2|   12|         24|
    |p_ZZ10sgm_kernelP7ap_uintILi32EES1_S1_E9prevCostL_13               |   9|          2|   12|         24|
    |p_ZZ10sgm_kernelP7ap_uintILi32EES1_S1_E9prevCostL_14               |   9|          2|   12|         24|
    |p_ZZ10sgm_kernelP7ap_uintILi32EES1_S1_E9prevCostL_15               |   9|          2|   12|         24|
    |p_ZZ10sgm_kernelP7ap_uintILi32EES1_S1_E9prevCostL_16               |   9|          2|   12|         24|
    |p_ZZ10sgm_kernelP7ap_uintILi32EES1_S1_E9prevCostL_17               |   9|          2|   12|         24|
    |p_ZZ10sgm_kernelP7ap_uintILi32EES1_S1_E9prevCostL_18               |   9|          2|   12|         24|
    |p_ZZ10sgm_kernelP7ap_uintILi32EES1_S1_E9prevCostL_19               |   9|          2|   12|         24|
    |p_ZZ10sgm_kernelP7ap_uintILi32EES1_S1_E9prevCostL_20               |   9|          2|   12|         24|
    |p_ZZ10sgm_kernelP7ap_uintILi32EES1_S1_E9prevCostL_21               |   9|          2|   12|         24|
    |p_ZZ10sgm_kernelP7ap_uintILi32EES1_S1_E9prevCostL_22               |   9|          2|   12|         24|
    |p_ZZ10sgm_kernelP7ap_uintILi32EES1_S1_E9prevCostL_23               |   9|          2|   12|         24|
    |p_ZZ10sgm_kernelP7ap_uintILi32EES1_S1_E9prevCostL_24               |   9|          2|   12|         24|
    |p_ZZ10sgm_kernelP7ap_uintILi32EES1_S1_E9prevCostL_25               |   9|          2|   12|         24|
    |p_ZZ10sgm_kernelP7ap_uintILi32EES1_S1_E9prevCostL_26               |   9|          2|   12|         24|
    |p_ZZ10sgm_kernelP7ap_uintILi32EES1_S1_E9prevCostL_27               |   9|          2|   12|         24|
    |p_ZZ10sgm_kernelP7ap_uintILi32EES1_S1_E9prevCostL_28               |   9|          2|   12|         24|
    |p_ZZ10sgm_kernelP7ap_uintILi32EES1_S1_E9prevCostL_29               |   9|          2|   12|         24|
    |p_ZZ10sgm_kernelP7ap_uintILi32EES1_S1_E9prevCostL_30               |   9|          2|   12|         24|
    |p_ZZ10sgm_kernelP7ap_uintILi32EES1_S1_E9prevCostL_31               |   9|          2|   12|         24|
    |p_ZZ10sgm_kernelP7ap_uintILi32EES1_S1_E9prevCostT_10_address1      |  14|          3|    9|         27|
    |p_ZZ10sgm_kernelP7ap_uintILi32EES1_S1_E9prevCostT_10_ce1           |  14|          3|    1|          3|
    |p_ZZ10sgm_kernelP7ap_uintILi32EES1_S1_E9prevCostT_10_d1            |  14|          3|   12|         36|
    |p_ZZ10sgm_kernelP7ap_uintILi32EES1_S1_E9prevCostT_10_we1           |  14|          3|    1|          3|
    |p_ZZ10sgm_kernelP7ap_uintILi32EES1_S1_E9prevCostT_11_address1      |  14|          3|    9|         27|
    |p_ZZ10sgm_kernelP7ap_uintILi32EES1_S1_E9prevCostT_11_ce1           |  14|          3|    1|          3|
    |p_ZZ10sgm_kernelP7ap_uintILi32EES1_S1_E9prevCostT_11_d1            |  14|          3|   12|         36|
    |p_ZZ10sgm_kernelP7ap_uintILi32EES1_S1_E9prevCostT_11_we1           |  14|          3|    1|          3|
    |p_ZZ10sgm_kernelP7ap_uintILi32EES1_S1_E9prevCostT_12_address1      |  14|          3|    9|         27|
    |p_ZZ10sgm_kernelP7ap_uintILi32EES1_S1_E9prevCostT_12_ce1           |  14|          3|    1|          3|
    |p_ZZ10sgm_kernelP7ap_uintILi32EES1_S1_E9prevCostT_12_d1            |  14|          3|   12|         36|
    |p_ZZ10sgm_kernelP7ap_uintILi32EES1_S1_E9prevCostT_12_we1           |  14|          3|    1|          3|
    |p_ZZ10sgm_kernelP7ap_uintILi32EES1_S1_E9prevCostT_13_address1      |  14|          3|    9|         27|
    |p_ZZ10sgm_kernelP7ap_uintILi32EES1_S1_E9prevCostT_13_ce1           |  14|          3|    1|          3|
    |p_ZZ10sgm_kernelP7ap_uintILi32EES1_S1_E9prevCostT_13_d1            |  14|          3|   12|         36|
    |p_ZZ10sgm_kernelP7ap_uintILi32EES1_S1_E9prevCostT_13_we1           |  14|          3|    1|          3|
    |p_ZZ10sgm_kernelP7ap_uintILi32EES1_S1_E9prevCostT_14_address1      |  14|          3|    9|         27|
    |p_ZZ10sgm_kernelP7ap_uintILi32EES1_S1_E9prevCostT_14_ce1           |  14|          3|    1|          3|
    |p_ZZ10sgm_kernelP7ap_uintILi32EES1_S1_E9prevCostT_14_d1            |  14|          3|   12|         36|
    |p_ZZ10sgm_kernelP7ap_uintILi32EES1_S1_E9prevCostT_14_we1           |  14|          3|    1|          3|
    |p_ZZ10sgm_kernelP7ap_uintILi32EES1_S1_E9prevCostT_15_address1      |  14|          3|    9|         27|
    |p_ZZ10sgm_kernelP7ap_uintILi32EES1_S1_E9prevCostT_15_ce1           |  14|          3|    1|          3|
    |p_ZZ10sgm_kernelP7ap_uintILi32EES1_S1_E9prevCostT_15_d1            |  14|          3|   12|         36|
    |p_ZZ10sgm_kernelP7ap_uintILi32EES1_S1_E9prevCostT_15_we1           |  14|          3|    1|          3|
    |p_ZZ10sgm_kernelP7ap_uintILi32EES1_S1_E9prevCostT_16_address1      |  14|          3|    9|         27|
    |p_ZZ10sgm_kernelP7ap_uintILi32EES1_S1_E9prevCostT_16_ce1           |  14|          3|    1|          3|
    |p_ZZ10sgm_kernelP7ap_uintILi32EES1_S1_E9prevCostT_16_d1            |  14|          3|   12|         36|
    |p_ZZ10sgm_kernelP7ap_uintILi32EES1_S1_E9prevCostT_16_we1           |  14|          3|    1|          3|
    |p_ZZ10sgm_kernelP7ap_uintILi32EES1_S1_E9prevCostT_17_address1      |  14|          3|    9|         27|
    |p_ZZ10sgm_kernelP7ap_uintILi32EES1_S1_E9prevCostT_17_ce1           |  14|          3|    1|          3|
    |p_ZZ10sgm_kernelP7ap_uintILi32EES1_S1_E9prevCostT_17_d1            |  14|          3|   12|         36|
    |p_ZZ10sgm_kernelP7ap_uintILi32EES1_S1_E9prevCostT_17_we1           |  14|          3|    1|          3|
    |p_ZZ10sgm_kernelP7ap_uintILi32EES1_S1_E9prevCostT_18_address1      |  14|          3|    9|         27|
    |p_ZZ10sgm_kernelP7ap_uintILi32EES1_S1_E9prevCostT_18_ce1           |  14|          3|    1|          3|
    |p_ZZ10sgm_kernelP7ap_uintILi32EES1_S1_E9prevCostT_18_d1            |  14|          3|   12|         36|
    |p_ZZ10sgm_kernelP7ap_uintILi32EES1_S1_E9prevCostT_18_we1           |  14|          3|    1|          3|
    |p_ZZ10sgm_kernelP7ap_uintILi32EES1_S1_E9prevCostT_19_address1      |  14|          3|    9|         27|
    |p_ZZ10sgm_kernelP7ap_uintILi32EES1_S1_E9prevCostT_19_ce1           |  14|          3|    1|          3|
    |p_ZZ10sgm_kernelP7ap_uintILi32EES1_S1_E9prevCostT_19_d1            |  14|          3|   12|         36|
    |p_ZZ10sgm_kernelP7ap_uintILi32EES1_S1_E9prevCostT_19_we1           |  14|          3|    1|          3|
    |p_ZZ10sgm_kernelP7ap_uintILi32EES1_S1_E9prevCostT_20_address1      |  14|          3|    9|         27|
    |p_ZZ10sgm_kernelP7ap_uintILi32EES1_S1_E9prevCostT_20_ce1           |  14|          3|    1|          3|
    |p_ZZ10sgm_kernelP7ap_uintILi32EES1_S1_E9prevCostT_20_d1            |  14|          3|   12|         36|
    |p_ZZ10sgm_kernelP7ap_uintILi32EES1_S1_E9prevCostT_20_we1           |  14|          3|    1|          3|
    |p_ZZ10sgm_kernelP7ap_uintILi32EES1_S1_E9prevCostT_21_address1      |  14|          3|    9|         27|
    |p_ZZ10sgm_kernelP7ap_uintILi32EES1_S1_E9prevCostT_21_ce1           |  14|          3|    1|          3|
    |p_ZZ10sgm_kernelP7ap_uintILi32EES1_S1_E9prevCostT_21_d1            |  14|          3|   12|         36|
    |p_ZZ10sgm_kernelP7ap_uintILi32EES1_S1_E9prevCostT_21_we1           |  14|          3|    1|          3|
    |p_ZZ10sgm_kernelP7ap_uintILi32EES1_S1_E9prevCostT_22_address1      |  14|          3|    9|         27|
    |p_ZZ10sgm_kernelP7ap_uintILi32EES1_S1_E9prevCostT_22_ce1           |  14|          3|    1|          3|
    |p_ZZ10sgm_kernelP7ap_uintILi32EES1_S1_E9prevCostT_22_d1            |  14|          3|   12|         36|
    |p_ZZ10sgm_kernelP7ap_uintILi32EES1_S1_E9prevCostT_22_we1           |  14|          3|    1|          3|
    |p_ZZ10sgm_kernelP7ap_uintILi32EES1_S1_E9prevCostT_23_address1      |  14|          3|    9|         27|
    |p_ZZ10sgm_kernelP7ap_uintILi32EES1_S1_E9prevCostT_23_ce1           |  14|          3|    1|          3|
    |p_ZZ10sgm_kernelP7ap_uintILi32EES1_S1_E9prevCostT_23_d1            |  14|          3|   12|         36|
    |p_ZZ10sgm_kernelP7ap_uintILi32EES1_S1_E9prevCostT_23_we1           |  14|          3|    1|          3|
    |p_ZZ10sgm_kernelP7ap_uintILi32EES1_S1_E9prevCostT_24_address1      |  14|          3|    9|         27|
    |p_ZZ10sgm_kernelP7ap_uintILi32EES1_S1_E9prevCostT_24_ce1           |  14|          3|    1|          3|
    |p_ZZ10sgm_kernelP7ap_uintILi32EES1_S1_E9prevCostT_24_d1            |  14|          3|   12|         36|
    |p_ZZ10sgm_kernelP7ap_uintILi32EES1_S1_E9prevCostT_24_we1           |  14|          3|    1|          3|
    |p_ZZ10sgm_kernelP7ap_uintILi32EES1_S1_E9prevCostT_25_address1      |  14|          3|    9|         27|
    |p_ZZ10sgm_kernelP7ap_uintILi32EES1_S1_E9prevCostT_25_ce1           |  14|          3|    1|          3|
    |p_ZZ10sgm_kernelP7ap_uintILi32EES1_S1_E9prevCostT_25_d1            |  14|          3|   12|         36|
    |p_ZZ10sgm_kernelP7ap_uintILi32EES1_S1_E9prevCostT_25_we1           |  14|          3|    1|          3|
    |p_ZZ10sgm_kernelP7ap_uintILi32EES1_S1_E9prevCostT_26_address1      |  14|          3|    9|         27|
    |p_ZZ10sgm_kernelP7ap_uintILi32EES1_S1_E9prevCostT_26_ce1           |  14|          3|    1|          3|
    |p_ZZ10sgm_kernelP7ap_uintILi32EES1_S1_E9prevCostT_26_d1            |  14|          3|   12|         36|
    |p_ZZ10sgm_kernelP7ap_uintILi32EES1_S1_E9prevCostT_26_we1           |  14|          3|    1|          3|
    |p_ZZ10sgm_kernelP7ap_uintILi32EES1_S1_E9prevCostT_27_address1      |  14|          3|    9|         27|
    |p_ZZ10sgm_kernelP7ap_uintILi32EES1_S1_E9prevCostT_27_ce1           |  14|          3|    1|          3|
    |p_ZZ10sgm_kernelP7ap_uintILi32EES1_S1_E9prevCostT_27_d1            |  14|          3|   12|         36|
    |p_ZZ10sgm_kernelP7ap_uintILi32EES1_S1_E9prevCostT_27_we1           |  14|          3|    1|          3|
    |p_ZZ10sgm_kernelP7ap_uintILi32EES1_S1_E9prevCostT_28_address1      |  14|          3|    9|         27|
    |p_ZZ10sgm_kernelP7ap_uintILi32EES1_S1_E9prevCostT_28_ce1           |  14|          3|    1|          3|
    |p_ZZ10sgm_kernelP7ap_uintILi32EES1_S1_E9prevCostT_28_d1            |  14|          3|   12|         36|
    |p_ZZ10sgm_kernelP7ap_uintILi32EES1_S1_E9prevCostT_28_we1           |  14|          3|    1|          3|
    |p_ZZ10sgm_kernelP7ap_uintILi32EES1_S1_E9prevCostT_29_address1      |  14|          3|    9|         27|
    |p_ZZ10sgm_kernelP7ap_uintILi32EES1_S1_E9prevCostT_29_ce1           |  14|          3|    1|          3|
    |p_ZZ10sgm_kernelP7ap_uintILi32EES1_S1_E9prevCostT_29_d1            |  14|          3|   12|         36|
    |p_ZZ10sgm_kernelP7ap_uintILi32EES1_S1_E9prevCostT_29_we1           |  14|          3|    1|          3|
    |p_ZZ10sgm_kernelP7ap_uintILi32EES1_S1_E9prevCostT_30_address1      |  14|          3|    9|         27|
    |p_ZZ10sgm_kernelP7ap_uintILi32EES1_S1_E9prevCostT_30_ce1           |  14|          3|    1|          3|
    |p_ZZ10sgm_kernelP7ap_uintILi32EES1_S1_E9prevCostT_30_d1            |  14|          3|   12|         36|
    |p_ZZ10sgm_kernelP7ap_uintILi32EES1_S1_E9prevCostT_30_we1           |  14|          3|    1|          3|
    |p_ZZ10sgm_kernelP7ap_uintILi32EES1_S1_E9prevCostT_31_address1      |  14|          3|    9|         27|
    |p_ZZ10sgm_kernelP7ap_uintILi32EES1_S1_E9prevCostT_31_ce1           |  14|          3|    1|          3|
    |p_ZZ10sgm_kernelP7ap_uintILi32EES1_S1_E9prevCostT_31_d1            |  14|          3|   12|         36|
    |p_ZZ10sgm_kernelP7ap_uintILi32EES1_S1_E9prevCostT_31_we1           |  14|          3|    1|          3|
    |pkt_curCost_1_address0                                             |  14|          3|    4|         12|
    |pkt_curCost_1_ce0                                                  |  14|          3|    1|          3|
    |pkt_curCost_1_ce1                                                  |   9|          2|    1|          2|
    |pkt_curCost_1_we0                                                  |   9|          2|    1|          2|
    |pkt_curCost_1_we1                                                  |   9|          2|    1|          2|
    |pkt_curCost_address0                                               |  14|          3|    4|         12|
    |pkt_curCost_ce0                                                    |  14|          3|    1|          3|
    |pkt_curCost_ce1                                                    |   9|          2|    1|          2|
    |pkt_curCost_we0                                                    |   9|          2|    1|          2|
    |pkt_curCost_we1                                                    |   9|          2|    1|          2|
    |r_fu_380                                                           |   9|          2|    7|         14|
    |rightCensusHistory_10_1_reg_1559                                   |   9|          2|    8|         16|
    |rightCensusHistory_11_1_reg_1549                                   |   9|          2|    8|         16|
    |rightCensusHistory_12_1_reg_1539                                   |   9|          2|    8|         16|
    |rightCensusHistory_13_1_reg_1529                                   |   9|          2|    8|         16|
    |rightCensusHistory_14_1_reg_1519                                   |   9|          2|    8|         16|
    |rightCensusHistory_15_1_reg_1509                                   |   9|          2|    8|         16|
    |rightCensusHistory_16_1_reg_1499                                   |   9|          2|    8|         16|
    |rightCensusHistory_17_1_reg_1489                                   |   9|          2|    8|         16|
    |rightCensusHistory_187_reg_1659                                    |   9|          2|    8|         16|
    |rightCensusHistory_18_1_reg_1479                                   |   9|          2|    8|         16|
    |rightCensusHistory_19_1_reg_1469                                   |   9|          2|    8|         16|
    |rightCensusHistory_1_1_reg_1649                                    |   9|          2|    8|         16|
    |rightCensusHistory_20_1_reg_1459                                   |   9|          2|    8|         16|
    |rightCensusHistory_21_1_reg_1449                                   |   9|          2|    8|         16|
    |rightCensusHistory_22_1_reg_1439                                   |   9|          2|    8|         16|
    |rightCensusHistory_23_1_reg_1429                                   |   9|          2|    8|         16|
    |rightCensusHistory_24_1_reg_1419                                   |   9|          2|    8|         16|
    |rightCensusHistory_25_1_reg_1409                                   |   9|          2|    8|         16|
    |rightCensusHistory_26_1_reg_1399                                   |   9|          2|    8|         16|
    |rightCensusHistory_27_1_reg_1389                                   |   9|          2|    8|         16|
    |rightCensusHistory_28_1_reg_1379                                   |   9|          2|    8|         16|
    |rightCensusHistory_29_1_reg_1369                                   |   9|          2|    8|         16|
    |rightCensusHistory_2_1_reg_1639                                    |   9|          2|    8|         16|
    |rightCensusHistory_30_1_reg_1359                                   |   9|          2|    8|         16|
    |rightCensusHistory_3_1_reg_1629                                    |   9|          2|    8|         16|
    |rightCensusHistory_4_1_reg_1619                                    |   9|          2|    8|         16|
    |rightCensusHistory_5_1_reg_1609                                    |   9|          2|    8|         16|
    |rightCensusHistory_6_1_reg_1599                                    |   9|          2|    8|         16|
    |rightCensusHistory_7_1_reg_1589                                    |   9|          2|    8|         16|
    |rightCensusHistory_8_1_reg_1579                                    |   9|          2|    8|         16|
    |rightCensusHistory_9_1_reg_1569                                    |   9|          2|    8|         16|
    |rightStripe_1_address0                                             |  14|          3|    6|         18|
    |rightStripe_1_ce0                                                  |  14|          3|    1|          3|
    |rightStripe_1_ce1                                                  |   9|          2|    1|          2|
    |rightStripe_1_d0                                                   |  14|          3|    8|         24|
    |rightStripe_1_we0                                                  |  14|          3|    1|          3|
    |rightStripe_2_address0                                             |  14|          3|    6|         18|
    |rightStripe_2_ce0                                                  |  14|          3|    1|          3|
    |rightStripe_2_ce1                                                  |   9|          2|    1|          2|
    |rightStripe_2_d0                                                   |  14|          3|    8|         24|
    |rightStripe_2_we0                                                  |  14|          3|    1|          3|
    |rightStripe_address0                                               |  14|          3|    6|         18|
    |rightStripe_ce0                                                    |  14|          3|    1|          3|
    |rightStripe_ce1                                                    |   9|          2|    1|          2|
    |rightStripe_d0                                                     |  14|          3|    8|         24|
    |rightStripe_we0                                                    |  14|          3|    1|          3|
    |right_wr_0_reg_1347                                                |   9|          2|   32|         64|
    |sgm_kernel_ap_uint_32_ap_uint_32_ap_uint_32_prevCostL              |   9|          2|   12|         24|
    |sgm_kernel_ap_uint_32_ap_uint_32_ap_uint_32_prevCostL_1            |   9|          2|   12|         24|
    |sgm_kernel_ap_uint_32_ap_uint_32_ap_uint_32_prevCostL_2            |   9|          2|   12|         24|
    |sgm_kernel_ap_uint_32_ap_uint_32_ap_uint_32_prevCostL_3            |   9|          2|   12|         24|
    |sgm_kernel_ap_uint_32_ap_uint_32_ap_uint_32_prevCostL_4            |   9|          2|   12|         24|
    |sgm_kernel_ap_uint_32_ap_uint_32_ap_uint_32_prevCostL_5            |   9|          2|   12|         24|
    |sgm_kernel_ap_uint_32_ap_uint_32_ap_uint_32_prevCostL_6            |   9|          2|   12|         24|
    |sgm_kernel_ap_uint_32_ap_uint_32_ap_uint_32_prevCostL_7            |   9|          2|   12|         24|
    |sgm_kernel_ap_uint_32_ap_uint_32_ap_uint_32_prevCostL_8            |   9|          2|   12|         24|
    |sgm_kernel_ap_uint_32_ap_uint_32_ap_uint_32_prevCostL_9            |   9|          2|   12|         24|
    |sgm_kernel_ap_uint_32_ap_uint_32_ap_uint_32_prevCostT_10_address1  |  14|          3|    9|         27|
    |sgm_kernel_ap_uint_32_ap_uint_32_ap_uint_32_prevCostT_10_ce1       |  14|          3|    1|          3|
    |sgm_kernel_ap_uint_32_ap_uint_32_ap_uint_32_prevCostT_10_d1        |  14|          3|   12|         36|
    |sgm_kernel_ap_uint_32_ap_uint_32_ap_uint_32_prevCostT_10_we1       |  14|          3|    1|          3|
    |sgm_kernel_ap_uint_32_ap_uint_32_ap_uint_32_prevCostT_11_address1  |  14|          3|    9|         27|
    |sgm_kernel_ap_uint_32_ap_uint_32_ap_uint_32_prevCostT_11_ce1       |  14|          3|    1|          3|
    |sgm_kernel_ap_uint_32_ap_uint_32_ap_uint_32_prevCostT_11_d1        |  14|          3|   12|         36|
    |sgm_kernel_ap_uint_32_ap_uint_32_ap_uint_32_prevCostT_11_we1       |  14|          3|    1|          3|
    |sgm_kernel_ap_uint_32_ap_uint_32_ap_uint_32_prevCostT_12_address1  |  14|          3|    9|         27|
    |sgm_kernel_ap_uint_32_ap_uint_32_ap_uint_32_prevCostT_12_ce1       |  14|          3|    1|          3|
    |sgm_kernel_ap_uint_32_ap_uint_32_ap_uint_32_prevCostT_12_d1        |  14|          3|   12|         36|
    |sgm_kernel_ap_uint_32_ap_uint_32_ap_uint_32_prevCostT_12_we1       |  14|          3|    1|          3|
    |sgm_kernel_ap_uint_32_ap_uint_32_ap_uint_32_prevCostT_13_address1  |  14|          3|    9|         27|
    |sgm_kernel_ap_uint_32_ap_uint_32_ap_uint_32_prevCostT_13_ce1       |  14|          3|    1|          3|
    |sgm_kernel_ap_uint_32_ap_uint_32_ap_uint_32_prevCostT_13_d1        |  14|          3|   12|         36|
    |sgm_kernel_ap_uint_32_ap_uint_32_ap_uint_32_prevCostT_13_we1       |  14|          3|    1|          3|
    |sgm_kernel_ap_uint_32_ap_uint_32_ap_uint_32_prevCostT_14_address1  |  14|          3|    9|         27|
    |sgm_kernel_ap_uint_32_ap_uint_32_ap_uint_32_prevCostT_14_ce1       |  14|          3|    1|          3|
    |sgm_kernel_ap_uint_32_ap_uint_32_ap_uint_32_prevCostT_14_d1        |  14|          3|   12|         36|
    |sgm_kernel_ap_uint_32_ap_uint_32_ap_uint_32_prevCostT_14_we1       |  14|          3|    1|          3|
    |sgm_kernel_ap_uint_32_ap_uint_32_ap_uint_32_prevCostT_15_address1  |  14|          3|    9|         27|
    |sgm_kernel_ap_uint_32_ap_uint_32_ap_uint_32_prevCostT_15_ce1       |  14|          3|    1|          3|
    |sgm_kernel_ap_uint_32_ap_uint_32_ap_uint_32_prevCostT_15_d1        |  14|          3|   12|         36|
    |sgm_kernel_ap_uint_32_ap_uint_32_ap_uint_32_prevCostT_15_we1       |  14|          3|    1|          3|
    |sgm_kernel_ap_uint_32_ap_uint_32_ap_uint_32_prevCostT_16_address1  |  14|          3|    9|         27|
    |sgm_kernel_ap_uint_32_ap_uint_32_ap_uint_32_prevCostT_16_ce1       |  14|          3|    1|          3|
    |sgm_kernel_ap_uint_32_ap_uint_32_ap_uint_32_prevCostT_16_d1        |  14|          3|   12|         36|
    |sgm_kernel_ap_uint_32_ap_uint_32_ap_uint_32_prevCostT_16_we1       |  14|          3|    1|          3|
    |sgm_kernel_ap_uint_32_ap_uint_32_ap_uint_32_prevCostT_17_address1  |  14|          3|    9|         27|
    |sgm_kernel_ap_uint_32_ap_uint_32_ap_uint_32_prevCostT_17_ce1       |  14|          3|    1|          3|
    |sgm_kernel_ap_uint_32_ap_uint_32_ap_uint_32_prevCostT_17_d1        |  14|          3|   12|         36|
    |sgm_kernel_ap_uint_32_ap_uint_32_ap_uint_32_prevCostT_17_we1       |  14|          3|    1|          3|
    |sgm_kernel_ap_uint_32_ap_uint_32_ap_uint_32_prevCostT_18_address1  |  14|          3|    9|         27|
    |sgm_kernel_ap_uint_32_ap_uint_32_ap_uint_32_prevCostT_18_ce1       |  14|          3|    1|          3|
    |sgm_kernel_ap_uint_32_ap_uint_32_ap_uint_32_prevCostT_18_d1        |  14|          3|   12|         36|
    |sgm_kernel_ap_uint_32_ap_uint_32_ap_uint_32_prevCostT_18_we1       |  14|          3|    1|          3|
    |sgm_kernel_ap_uint_32_ap_uint_32_ap_uint_32_prevCostT_address1     |  14|          3|    9|         27|
    |sgm_kernel_ap_uint_32_ap_uint_32_ap_uint_32_prevCostT_ce1          |  14|          3|    1|          3|
    |sgm_kernel_ap_uint_32_ap_uint_32_ap_uint_32_prevCostT_d1           |  14|          3|   12|         36|
    |sgm_kernel_ap_uint_32_ap_uint_32_ap_uint_32_prevCostT_we1          |  14|          3|    1|          3|
    +-------------------------------------------------------------------+----+-----------+-----+-----------+
    |Total                                                              |3306|        714| 1876|       4833|
    +-------------------------------------------------------------------+----+-----------+-----+-----------+

    * Register: 
    +-------------------------------------------------------------------------------+----+----+-----+-----------+
    |                                      Name                                     | FF | LUT| Bits| Const Bits|
    +-------------------------------------------------------------------------------+----+----+-----+-----------+
    |add_ln412_reg_3838                                                             |   7|   0|    7|          0|
    |add_ln437_reg_4036                                                             |   9|   0|    9|          0|
    |add_ln468_reg_4097                                                             |   9|   0|    9|          0|
    |add_ln501_2_reg_4088                                                           |   7|   0|   15|          8|
    |ap_CS_fsm                                                                      |  16|   0|   16|          0|
    |c_1_reg_1323                                                                   |   9|   0|    9|          0|
    |c_reg_1311                                                                     |   9|   0|    9|          0|
    |disp_word_1_reg_1729                                                           |  32|   0|   32|          0|
    |disp_word_2_reg_1755                                                           |  32|   0|   32|          0|
    |disp_word_3_reg_4680                                                           |  32|   0|   32|          0|
    |grp_col_backend_fu_2111_ap_start_reg                                           |   1|   0|    1|          0|
    |grp_col_frontend_fu_2013_ap_start_reg                                          |   1|   0|    1|          0|
    |grp_sgm_kernel_Pipeline_InitBuf_VITIS_LOOP_374_1_fu_1770_ap_start_reg          |   1|   0|    1|          0|
    |grp_sgm_kernel_Pipeline_InitLeftWin_VITIS_LOOP_453_3_fu_1990_ap_start_reg      |   1|   0|    1|          0|
    |grp_sgm_kernel_Pipeline_InitRightStripe_VITIS_LOOP_462_4_fu_2006_ap_start_reg  |   1|   0|    1|          0|
    |grp_sgm_kernel_Pipeline_InitTBRowD_fu_1920_ap_start_reg                        |   1|   0|    1|          0|
    |grp_sgm_kernel_Pipeline_ResetCosts_fu_1852_ap_start_reg                        |   1|   0|    1|          0|
    |grp_sgm_kernel_Pipeline_VITIS_LOOP_420_2_fu_1786_ap_start_reg                  |   1|   0|    1|          0|
    |icmp_ln434_reg_4029                                                            |   1|   0|    1|          0|
    |icmp_ln468_reg_4093                                                            |   1|   0|    1|          0|
    |icmp_ln488_reg_4297                                                            |   1|   0|    1|          0|
    |icmp_ln507_reg_4686                                                            |   1|   0|    1|          0|
    |leftWin_10_fu_400                                                              |   8|   0|    8|          0|
    |leftWin_11_fu_404                                                              |   8|   0|    8|          0|
    |leftWin_1_1_reg_1719                                                           |   8|   0|    8|          0|
    |leftWin_1_reg_4132                                                             |   8|   0|    8|          0|
    |leftWin_2_1_reg_1709                                                           |   8|   0|    8|          0|
    |leftWin_2_reg_4112                                                             |   8|   0|    8|          0|
    |leftWin_3_reg_4117                                                             |   8|   0|    8|          0|
    |leftWin_4_1_reg_1699                                                           |   8|   0|    8|          0|
    |leftWin_4_reg_4122                                                             |   8|   0|    8|          0|
    |leftWin_5_1_reg_1689                                                           |   8|   0|    8|          0|
    |leftWin_5_reg_4127                                                             |   8|   0|    8|          0|
    |leftWin_6_fu_384                                                               |   8|   0|    8|          0|
    |leftWin_7_1_reg_1679                                                           |   8|   0|    8|          0|
    |leftWin_7_fu_388                                                               |   8|   0|    8|          0|
    |leftWin_8_1_reg_1669                                                           |   8|   0|    8|          0|
    |leftWin_8_fu_392                                                               |   8|   0|    8|          0|
    |leftWin_9_fu_396                                                               |   8|   0|    8|          0|
    |leftWin_reg_4107                                                               |   8|   0|    8|          0|
    |lshr_ln1_reg_4504                                                              |  13|   0|   13|          0|
    |minPrevLR_0_reg_1335                                                           |  12|   0|   12|          0|
    |minPrevLR_1_reg_1741                                                           |  12|   0|   12|          0|
    |minPrevLR_reg_4674                                                             |  12|   0|   12|          0|
    |minPrevT_addr_1_reg_4301                                                       |   9|   0|    9|          0|
    |minPrevT_load_reg_4509                                                         |  12|   0|   12|          0|
    |p_ZZ10sgm_kernelP7ap_uintILi32EES1_S1_E9prevCostL_10                           |  12|   0|   12|          0|
    |p_ZZ10sgm_kernelP7ap_uintILi32EES1_S1_E9prevCostL_11                           |  12|   0|   12|          0|
    |p_ZZ10sgm_kernelP7ap_uintILi32EES1_S1_E9prevCostL_12                           |  12|   0|   12|          0|
    |p_ZZ10sgm_kernelP7ap_uintILi32EES1_S1_E9prevCostL_13                           |  12|   0|   12|          0|
    |p_ZZ10sgm_kernelP7ap_uintILi32EES1_S1_E9prevCostL_14                           |  12|   0|   12|          0|
    |p_ZZ10sgm_kernelP7ap_uintILi32EES1_S1_E9prevCostL_15                           |  12|   0|   12|          0|
    |p_ZZ10sgm_kernelP7ap_uintILi32EES1_S1_E9prevCostL_16                           |  12|   0|   12|          0|
    |p_ZZ10sgm_kernelP7ap_uintILi32EES1_S1_E9prevCostL_17                           |  12|   0|   12|          0|
    |p_ZZ10sgm_kernelP7ap_uintILi32EES1_S1_E9prevCostL_18                           |  12|   0|   12|          0|
    |p_ZZ10sgm_kernelP7ap_uintILi32EES1_S1_E9prevCostL_19                           |  12|   0|   12|          0|
    |p_ZZ10sgm_kernelP7ap_uintILi32EES1_S1_E9prevCostL_20                           |  12|   0|   12|          0|
    |p_ZZ10sgm_kernelP7ap_uintILi32EES1_S1_E9prevCostL_21                           |  12|   0|   12|          0|
    |p_ZZ10sgm_kernelP7ap_uintILi32EES1_S1_E9prevCostL_22                           |  12|   0|   12|          0|
    |p_ZZ10sgm_kernelP7ap_uintILi32EES1_S1_E9prevCostL_23                           |  12|   0|   12|          0|
    |p_ZZ10sgm_kernelP7ap_uintILi32EES1_S1_E9prevCostL_24                           |  12|   0|   12|          0|
    |p_ZZ10sgm_kernelP7ap_uintILi32EES1_S1_E9prevCostL_25                           |  12|   0|   12|          0|
    |p_ZZ10sgm_kernelP7ap_uintILi32EES1_S1_E9prevCostL_26                           |  12|   0|   12|          0|
    |p_ZZ10sgm_kernelP7ap_uintILi32EES1_S1_E9prevCostL_27                           |  12|   0|   12|          0|
    |p_ZZ10sgm_kernelP7ap_uintILi32EES1_S1_E9prevCostL_28                           |  12|   0|   12|          0|
    |p_ZZ10sgm_kernelP7ap_uintILi32EES1_S1_E9prevCostL_29                           |  12|   0|   12|          0|
    |p_ZZ10sgm_kernelP7ap_uintILi32EES1_S1_E9prevCostL_30                           |  12|   0|   12|          0|
    |p_ZZ10sgm_kernelP7ap_uintILi32EES1_S1_E9prevCostL_31                           |  12|   0|   12|          0|
    |p_ZZ10sgm_kernelP7ap_uintILi32EES1_S1_E9prevCostT_10_addr_reg_4366             |   9|   0|    9|          0|
    |p_ZZ10sgm_kernelP7ap_uintILi32EES1_S1_E9prevCostT_10_load_reg_4564             |  12|   0|   12|          0|
    |p_ZZ10sgm_kernelP7ap_uintILi32EES1_S1_E9prevCostT_11_addr_reg_4372             |   9|   0|    9|          0|
    |p_ZZ10sgm_kernelP7ap_uintILi32EES1_S1_E9prevCostT_12_addr_reg_4378             |   9|   0|    9|          0|
    |p_ZZ10sgm_kernelP7ap_uintILi32EES1_S1_E9prevCostT_13_addr_reg_4384             |   9|   0|    9|          0|
    |p_ZZ10sgm_kernelP7ap_uintILi32EES1_S1_E9prevCostT_14_addr_reg_4390             |   9|   0|    9|          0|
    |p_ZZ10sgm_kernelP7ap_uintILi32EES1_S1_E9prevCostT_16_addr_reg_4402             |   9|   0|    9|          0|
    |p_ZZ10sgm_kernelP7ap_uintILi32EES1_S1_E9prevCostT_16_load_reg_4594             |  12|   0|   12|          0|
    |p_ZZ10sgm_kernelP7ap_uintILi32EES1_S1_E9prevCostT_17_addr_reg_4408             |   9|   0|    9|          0|
    |p_ZZ10sgm_kernelP7ap_uintILi32EES1_S1_E9prevCostT_17_load_reg_4599             |  12|   0|   12|          0|
    |p_ZZ10sgm_kernelP7ap_uintILi32EES1_S1_E9prevCostT_18_addr_reg_4414             |   9|   0|    9|          0|
    |p_ZZ10sgm_kernelP7ap_uintILi32EES1_S1_E9prevCostT_18_load_reg_4604             |  12|   0|   12|          0|
    |p_ZZ10sgm_kernelP7ap_uintILi32EES1_S1_E9prevCostT_19_addr_reg_4420             |   9|   0|    9|          0|
    |p_ZZ10sgm_kernelP7ap_uintILi32EES1_S1_E9prevCostT_19_load_reg_4609             |  12|   0|   12|          0|
    |p_ZZ10sgm_kernelP7ap_uintILi32EES1_S1_E9prevCostT_20_addr_reg_4426             |   9|   0|    9|          0|
    |p_ZZ10sgm_kernelP7ap_uintILi32EES1_S1_E9prevCostT_20_load_reg_4614             |  12|   0|   12|          0|
    |p_ZZ10sgm_kernelP7ap_uintILi32EES1_S1_E9prevCostT_21_addr_reg_4432             |   9|   0|    9|          0|
    |p_ZZ10sgm_kernelP7ap_uintILi32EES1_S1_E9prevCostT_22_addr_reg_4438             |   9|   0|    9|          0|
    |p_ZZ10sgm_kernelP7ap_uintILi32EES1_S1_E9prevCostT_23_addr_reg_4444             |   9|   0|    9|          0|
    |p_ZZ10sgm_kernelP7ap_uintILi32EES1_S1_E9prevCostT_24_addr_reg_4450             |   9|   0|    9|          0|
    |p_ZZ10sgm_kernelP7ap_uintILi32EES1_S1_E9prevCostT_26_addr_reg_4462             |   9|   0|    9|          0|
    |p_ZZ10sgm_kernelP7ap_uintILi32EES1_S1_E9prevCostT_26_load_reg_4644             |  12|   0|   12|          0|
    |p_ZZ10sgm_kernelP7ap_uintILi32EES1_S1_E9prevCostT_27_addr_reg_4468             |   9|   0|    9|          0|
    |p_ZZ10sgm_kernelP7ap_uintILi32EES1_S1_E9prevCostT_27_load_reg_4649             |  12|   0|   12|          0|
    |p_ZZ10sgm_kernelP7ap_uintILi32EES1_S1_E9prevCostT_28_addr_reg_4474             |   9|   0|    9|          0|
    |p_ZZ10sgm_kernelP7ap_uintILi32EES1_S1_E9prevCostT_28_load_reg_4654             |  12|   0|   12|          0|
    |p_ZZ10sgm_kernelP7ap_uintILi32EES1_S1_E9prevCostT_29_addr_reg_4480             |   9|   0|    9|          0|
    |p_ZZ10sgm_kernelP7ap_uintILi32EES1_S1_E9prevCostT_29_load_reg_4659             |  12|   0|   12|          0|
    |p_ZZ10sgm_kernelP7ap_uintILi32EES1_S1_E9prevCostT_30_addr_reg_4486             |   9|   0|    9|          0|
    |p_ZZ10sgm_kernelP7ap_uintILi32EES1_S1_E9prevCostT_30_load_reg_4664             |  12|   0|   12|          0|
    |p_ZZ10sgm_kernelP7ap_uintILi32EES1_S1_E9prevCostT_31_addr_reg_4492             |   9|   0|    9|          0|
    |p_shl1_reg_4082                                                                |   7|   0|   13|          6|
    |p_shl_reg_4077                                                                 |   7|   0|   15|          8|
    |pkt_valid_reg_4102                                                             |   1|   0|    1|          0|
    |r_1_reg_3830                                                                   |   7|   0|    7|          0|
    |r_fu_380                                                                       |   7|   0|    7|          0|
    |rightCensusHistory_10_1_reg_1559                                               |   8|   0|    8|          0|
    |rightCensusHistory_10_reg_4187                                                 |   8|   0|    8|          0|
    |rightCensusHistory_11_1_reg_1549                                               |   8|   0|    8|          0|
    |rightCensusHistory_11_reg_4192                                                 |   8|   0|    8|          0|
    |rightCensusHistory_12_1_reg_1539                                               |   8|   0|    8|          0|
    |rightCensusHistory_12_reg_4197                                                 |   8|   0|    8|          0|
    |rightCensusHistory_13_1_reg_1529                                               |   8|   0|    8|          0|
    |rightCensusHistory_13_reg_4202                                                 |   8|   0|    8|          0|
    |rightCensusHistory_14_1_reg_1519                                               |   8|   0|    8|          0|
    |rightCensusHistory_14_reg_4207                                                 |   8|   0|    8|          0|
    |rightCensusHistory_15_1_reg_1509                                               |   8|   0|    8|          0|
    |rightCensusHistory_15_reg_4212                                                 |   8|   0|    8|          0|
    |rightCensusHistory_16_1_reg_1499                                               |   8|   0|    8|          0|
    |rightCensusHistory_16_reg_4217                                                 |   8|   0|    8|          0|
    |rightCensusHistory_17_1_reg_1489                                               |   8|   0|    8|          0|
    |rightCensusHistory_17_reg_4222                                                 |   8|   0|    8|          0|
    |rightCensusHistory_187_reg_1659                                                |   8|   0|    8|          0|
    |rightCensusHistory_18_1_reg_1479                                               |   8|   0|    8|          0|
    |rightCensusHistory_18_reg_4227                                                 |   8|   0|    8|          0|
    |rightCensusHistory_19_1_reg_1469                                               |   8|   0|    8|          0|
    |rightCensusHistory_19_reg_4232                                                 |   8|   0|    8|          0|
    |rightCensusHistory_1_1_reg_1649                                                |   8|   0|    8|          0|
    |rightCensusHistory_1_reg_4142                                                  |   8|   0|    8|          0|
    |rightCensusHistory_20_1_reg_1459                                               |   8|   0|    8|          0|
    |rightCensusHistory_20_reg_4237                                                 |   8|   0|    8|          0|
    |rightCensusHistory_21_1_reg_1449                                               |   8|   0|    8|          0|
    |rightCensusHistory_21_reg_4242                                                 |   8|   0|    8|          0|
    |rightCensusHistory_22_1_reg_1439                                               |   8|   0|    8|          0|
    |rightCensusHistory_22_reg_4247                                                 |   8|   0|    8|          0|
    |rightCensusHistory_23_1_reg_1429                                               |   8|   0|    8|          0|
    |rightCensusHistory_23_reg_4252                                                 |   8|   0|    8|          0|
    |rightCensusHistory_24_1_reg_1419                                               |   8|   0|    8|          0|
    |rightCensusHistory_24_reg_4257                                                 |   8|   0|    8|          0|
    |rightCensusHistory_25_1_reg_1409                                               |   8|   0|    8|          0|
    |rightCensusHistory_25_reg_4262                                                 |   8|   0|    8|          0|
    |rightCensusHistory_26_1_reg_1399                                               |   8|   0|    8|          0|
    |rightCensusHistory_26_reg_4267                                                 |   8|   0|    8|          0|
    |rightCensusHistory_27_1_reg_1389                                               |   8|   0|    8|          0|
    |rightCensusHistory_27_reg_4272                                                 |   8|   0|    8|          0|
    |rightCensusHistory_28_1_reg_1379                                               |   8|   0|    8|          0|
    |rightCensusHistory_28_reg_4277                                                 |   8|   0|    8|          0|
    |rightCensusHistory_29_1_reg_1369                                               |   8|   0|    8|          0|
    |rightCensusHistory_29_reg_4282                                                 |   8|   0|    8|          0|
    |rightCensusHistory_2_1_reg_1639                                                |   8|   0|    8|          0|
    |rightCensusHistory_2_reg_4147                                                  |   8|   0|    8|          0|
    |rightCensusHistory_30_1_reg_1359                                               |   8|   0|    8|          0|
    |rightCensusHistory_30_reg_4287                                                 |   8|   0|    8|          0|
    |rightCensusHistory_3_1_reg_1629                                                |   8|   0|    8|          0|
    |rightCensusHistory_3_reg_4152                                                  |   8|   0|    8|          0|
    |rightCensusHistory_4_1_reg_1619                                                |   8|   0|    8|          0|
    |rightCensusHistory_4_reg_4157                                                  |   8|   0|    8|          0|
    |rightCensusHistory_5_1_reg_1609                                                |   8|   0|    8|          0|
    |rightCensusHistory_5_reg_4162                                                  |   8|   0|    8|          0|
    |rightCensusHistory_62_fu_412                                                   |   8|   0|    8|          0|
    |rightCensusHistory_63_fu_416                                                   |   8|   0|    8|          0|
    |rightCensusHistory_64_fu_420                                                   |   8|   0|    8|          0|
    |rightCensusHistory_65_fu_424                                                   |   8|   0|    8|          0|
    |rightCensusHistory_66_fu_428                                                   |   8|   0|    8|          0|
    |rightCensusHistory_67_fu_432                                                   |   8|   0|    8|          0|
    |rightCensusHistory_68_fu_436                                                   |   8|   0|    8|          0|
    |rightCensusHistory_69_fu_440                                                   |   8|   0|    8|          0|
    |rightCensusHistory_6_1_reg_1599                                                |   8|   0|    8|          0|
    |rightCensusHistory_6_reg_4167                                                  |   8|   0|    8|          0|
    |rightCensusHistory_70_fu_444                                                   |   8|   0|    8|          0|
    |rightCensusHistory_71_fu_448                                                   |   8|   0|    8|          0|
    |rightCensusHistory_72_fu_452                                                   |   8|   0|    8|          0|
    |rightCensusHistory_73_fu_456                                                   |   8|   0|    8|          0|
    |rightCensusHistory_74_fu_460                                                   |   8|   0|    8|          0|
    |rightCensusHistory_75_fu_464                                                   |   8|   0|    8|          0|
    |rightCensusHistory_76_fu_468                                                   |   8|   0|    8|          0|
    |rightCensusHistory_77_fu_472                                                   |   8|   0|    8|          0|
    |rightCensusHistory_78_fu_476                                                   |   8|   0|    8|          0|
    |rightCensusHistory_79_fu_480                                                   |   8|   0|    8|          0|
    |rightCensusHistory_7_1_reg_1589                                                |   8|   0|    8|          0|
    |rightCensusHistory_7_reg_4172                                                  |   8|   0|    8|          0|
    |rightCensusHistory_80_fu_484                                                   |   8|   0|    8|          0|
    |rightCensusHistory_81_fu_488                                                   |   8|   0|    8|          0|
    |rightCensusHistory_82_fu_492                                                   |   8|   0|    8|          0|
    |rightCensusHistory_83_fu_496                                                   |   8|   0|    8|          0|
    |rightCensusHistory_84_fu_500                                                   |   8|   0|    8|          0|
    |rightCensusHistory_85_fu_504                                                   |   8|   0|    8|          0|
    |rightCensusHistory_86_fu_508                                                   |   8|   0|    8|          0|
    |rightCensusHistory_87_fu_512                                                   |   8|   0|    8|          0|
    |rightCensusHistory_88_fu_516                                                   |   8|   0|    8|          0|
    |rightCensusHistory_89_fu_520                                                   |   8|   0|    8|          0|
    |rightCensusHistory_8_1_reg_1579                                                |   8|   0|    8|          0|
    |rightCensusHistory_8_reg_4177                                                  |   8|   0|    8|          0|
    |rightCensusHistory_90_fu_524                                                   |   8|   0|    8|          0|
    |rightCensusHistory_91_fu_528                                                   |   8|   0|    8|          0|
    |rightCensusHistory_92_reg_4137                                                 |   8|   0|    8|          0|
    |rightCensusHistory_9_1_reg_1569                                                |   8|   0|    8|          0|
    |rightCensusHistory_9_reg_4182                                                  |   8|   0|    8|          0|
    |rightCensusHistory_fu_408                                                      |   8|   0|    8|          0|
    |right_wr_0_reg_1347                                                            |  32|   0|   32|          0|
    |right_wr_reg_4292                                                              |  32|   0|   32|          0|
    |sgm_kernel_ap_uint_32_ap_uint_32_ap_uint_32_prevCostL                          |  12|   0|   12|          0|
    |sgm_kernel_ap_uint_32_ap_uint_32_ap_uint_32_prevCostL_1                        |  12|   0|   12|          0|
    |sgm_kernel_ap_uint_32_ap_uint_32_ap_uint_32_prevCostL_2                        |  12|   0|   12|          0|
    |sgm_kernel_ap_uint_32_ap_uint_32_ap_uint_32_prevCostL_3                        |  12|   0|   12|          0|
    |sgm_kernel_ap_uint_32_ap_uint_32_ap_uint_32_prevCostL_4                        |  12|   0|   12|          0|
    |sgm_kernel_ap_uint_32_ap_uint_32_ap_uint_32_prevCostL_5                        |  12|   0|   12|          0|
    |sgm_kernel_ap_uint_32_ap_uint_32_ap_uint_32_prevCostL_6                        |  12|   0|   12|          0|
    |sgm_kernel_ap_uint_32_ap_uint_32_ap_uint_32_prevCostL_7                        |  12|   0|   12|          0|
    |sgm_kernel_ap_uint_32_ap_uint_32_ap_uint_32_prevCostL_8                        |  12|   0|   12|          0|
    |sgm_kernel_ap_uint_32_ap_uint_32_ap_uint_32_prevCostL_9                        |  12|   0|   12|          0|
    |sgm_kernel_ap_uint_32_ap_uint_32_ap_uint_32_prevCostT_10_addr_reg_4312         |   9|   0|    9|          0|
    |sgm_kernel_ap_uint_32_ap_uint_32_ap_uint_32_prevCostT_10_load_reg_4519         |  12|   0|   12|          0|
    |sgm_kernel_ap_uint_32_ap_uint_32_ap_uint_32_prevCostT_11_addr_reg_4318         |   9|   0|    9|          0|
    |sgm_kernel_ap_uint_32_ap_uint_32_ap_uint_32_prevCostT_11_load_reg_4524         |  12|   0|   12|          0|
    |sgm_kernel_ap_uint_32_ap_uint_32_ap_uint_32_prevCostT_12_addr_reg_4324         |   9|   0|    9|          0|
    |sgm_kernel_ap_uint_32_ap_uint_32_ap_uint_32_prevCostT_12_load_reg_4529         |  12|   0|   12|          0|
    |sgm_kernel_ap_uint_32_ap_uint_32_ap_uint_32_prevCostT_13_addr_reg_4330         |   9|   0|    9|          0|
    |sgm_kernel_ap_uint_32_ap_uint_32_ap_uint_32_prevCostT_13_load_reg_4534         |  12|   0|   12|          0|
    |sgm_kernel_ap_uint_32_ap_uint_32_ap_uint_32_prevCostT_14_addr_reg_4336         |   9|   0|    9|          0|
    |sgm_kernel_ap_uint_32_ap_uint_32_ap_uint_32_prevCostT_14_load_reg_4539         |  12|   0|   12|          0|
    |sgm_kernel_ap_uint_32_ap_uint_32_ap_uint_32_prevCostT_15_addr_reg_4342         |   9|   0|    9|          0|
    |sgm_kernel_ap_uint_32_ap_uint_32_ap_uint_32_prevCostT_15_load_reg_4544         |  12|   0|   12|          0|
    |sgm_kernel_ap_uint_32_ap_uint_32_ap_uint_32_prevCostT_16_addr_reg_4348         |   9|   0|    9|          0|
    |sgm_kernel_ap_uint_32_ap_uint_32_ap_uint_32_prevCostT_16_load_reg_4549         |  12|   0|   12|          0|
    |sgm_kernel_ap_uint_32_ap_uint_32_ap_uint_32_prevCostT_17_addr_reg_4354         |   9|   0|    9|          0|
    |sgm_kernel_ap_uint_32_ap_uint_32_ap_uint_32_prevCostT_17_load_reg_4554         |  12|   0|   12|          0|
    |sgm_kernel_ap_uint_32_ap_uint_32_ap_uint_32_prevCostT_18_addr_reg_4360         |   9|   0|    9|          0|
    |sgm_kernel_ap_uint_32_ap_uint_32_ap_uint_32_prevCostT_18_load_reg_4559         |  12|   0|   12|          0|
    |sgm_kernel_ap_uint_32_ap_uint_32_ap_uint_32_prevCostT_46_reg_4456              |   9|   0|    9|          0|
    |sgm_kernel_ap_uint_32_ap_uint_32_ap_uint_32_prevCostT_47_reg_4569              |  12|   0|   12|          0|
    |sgm_kernel_ap_uint_32_ap_uint_32_ap_uint_32_prevCostT_48_reg_4574              |  12|   0|   12|          0|
    |sgm_kernel_ap_uint_32_ap_uint_32_ap_uint_32_prevCostT_49_reg_4579              |  12|   0|   12|          0|
    |sgm_kernel_ap_uint_32_ap_uint_32_ap_uint_32_prevCostT_50_reg_4584              |  12|   0|   12|          0|
    |sgm_kernel_ap_uint_32_ap_uint_32_ap_uint_32_prevCostT_51_reg_4589              |  12|   0|   12|          0|
    |sgm_kernel_ap_uint_32_ap_uint_32_ap_uint_32_prevCostT_52_reg_4619              |  12|   0|   12|          0|
    |sgm_kernel_ap_uint_32_ap_uint_32_ap_uint_32_prevCostT_53_reg_4624              |  12|   0|   12|          0|
    |sgm_kernel_ap_uint_32_ap_uint_32_ap_uint_32_prevCostT_54_reg_4629              |  12|   0|   12|          0|
    |sgm_kernel_ap_uint_32_ap_uint_32_ap_uint_32_prevCostT_55_reg_4634              |  12|   0|   12|          0|
    |sgm_kernel_ap_uint_32_ap_uint_32_ap_uint_32_prevCostT_56_reg_4639              |  12|   0|   12|          0|
    |sgm_kernel_ap_uint_32_ap_uint_32_ap_uint_32_prevCostT_57_reg_4669              |  12|   0|   12|          0|
    |sgm_kernel_ap_uint_32_ap_uint_32_ap_uint_32_prevCostT_addr_reg_4306            |   9|   0|    9|          0|
    |sgm_kernel_ap_uint_32_ap_uint_32_ap_uint_32_prevCostT_load_reg_4514            |  12|   0|   12|          0|
    |sgm_kernel_ap_uint_32_ap_uint_32_ap_uint_32_prevCostT_reg_4396                 |   9|   0|    9|          0|
    |trunc_ln501_reg_4498                                                           |   2|   0|    2|          0|
    +-------------------------------------------------------------------------------+----+----+-----+-----------+
    |Total                                                                          |2283|   0| 2305|         22|
    +-------------------------------------------------------------------------------+----+----+-----+-----------+



================================================================
== Interface
================================================================
* Summary: 
+-----------------------+-----+-----+------------+--------------+--------------+
|       RTL Ports       | Dir | Bits|  Protocol  | Source Object|    C Type    |
+-----------------------+-----+-----+------------+--------------+--------------+
|s_axi_control_AWVALID  |   in|    1|       s_axi|       control|   return void|
|s_axi_control_AWREADY  |  out|    1|       s_axi|       control|   return void|
|s_axi_control_AWADDR   |   in|    4|       s_axi|       control|   return void|
|s_axi_control_WVALID   |   in|    1|       s_axi|       control|   return void|
|s_axi_control_WREADY   |  out|    1|       s_axi|       control|   return void|
|s_axi_control_WDATA    |   in|   32|       s_axi|       control|   return void|
|s_axi_control_WSTRB    |   in|    4|       s_axi|       control|   return void|
|s_axi_control_ARVALID  |   in|    1|       s_axi|       control|   return void|
|s_axi_control_ARREADY  |  out|    1|       s_axi|       control|   return void|
|s_axi_control_ARADDR   |   in|    4|       s_axi|       control|   return void|
|s_axi_control_RVALID   |  out|    1|       s_axi|       control|   return void|
|s_axi_control_RREADY   |   in|    1|       s_axi|       control|   return void|
|s_axi_control_RDATA    |  out|   32|       s_axi|       control|   return void|
|s_axi_control_RRESP    |  out|    2|       s_axi|       control|   return void|
|s_axi_control_BVALID   |  out|    1|       s_axi|       control|   return void|
|s_axi_control_BREADY   |   in|    1|       s_axi|       control|   return void|
|s_axi_control_BRESP    |  out|    2|       s_axi|       control|   return void|
|ap_clk                 |   in|    1|  ap_ctrl_hs|    sgm_kernel|  return value|
|ap_rst_n               |   in|    1|  ap_ctrl_hs|    sgm_kernel|  return value|
|interrupt              |  out|    1|  ap_ctrl_hs|    sgm_kernel|  return value|
|left_r_Addr_A          |  out|   32|        bram|        left_r|         array|
|left_r_EN_A            |  out|    1|        bram|        left_r|         array|
|left_r_WEN_A           |  out|    4|        bram|        left_r|         array|
|left_r_Din_A           |  out|   32|        bram|        left_r|         array|
|left_r_Dout_A          |   in|   32|        bram|        left_r|         array|
|left_r_Clk_A           |  out|    1|        bram|        left_r|         array|
|left_r_Rst_A           |  out|    1|        bram|        left_r|         array|
|right_r_Addr_A         |  out|   32|        bram|       right_r|         array|
|right_r_EN_A           |  out|    1|        bram|       right_r|         array|
|right_r_WEN_A          |  out|    4|        bram|       right_r|         array|
|right_r_Din_A          |  out|   32|        bram|       right_r|         array|
|right_r_Dout_A         |   in|   32|        bram|       right_r|         array|
|right_r_Clk_A          |  out|    1|        bram|       right_r|         array|
|right_r_Rst_A          |  out|    1|        bram|       right_r|         array|
|disp_Addr_A            |  out|   32|        bram|          disp|         array|
|disp_EN_A              |  out|    1|        bram|          disp|         array|
|disp_WEN_A             |  out|    4|        bram|          disp|         array|
|disp_Din_A             |  out|   32|        bram|          disp|         array|
|disp_Dout_A            |   in|   32|        bram|          disp|         array|
|disp_Clk_A             |  out|    1|        bram|          disp|         array|
|disp_Rst_A             |  out|    1|        bram|          disp|         array|
+-----------------------+-----+-----+------------+--------------+--------------+

