

================================================================
== Vitis HLS Report for 'sgm_kernel'
================================================================
* Date:           Sat Sep 26 17:29:38 2026

* Version:        2023.1 (Build 3854077 on May  4 2023)
* Project:        sgm_kernel
* Solution:       solution1 (Vivado IP Flow Target)
* Product family: zynq
* Target device:  xc7z010-clg400-1


================================================================
== Performance Estimates
================================================================
+ Timing: 
    * Summary: 
    +--------+----------+----------+------------+
    |  Clock |  Target  | Estimated| Uncertainty|
    +--------+----------+----------+------------+
    |ap_clk  |  10.00 ns|  7.084 ns|     2.70 ns|
    +--------+----------+----------+------------+

+ Latency: 
    * Summary: 
    +---------+---------+----------+-----------+--------+---------+---------+
    |  Latency (cycles) |  Latency (absolute)  |     Interval     | Pipeline|
    |   min   |   max   |    min   |    max    |   min  |   max   |   Type  |
    +---------+---------+----------+-----------+--------+---------+---------+
    |   935044|  2102404|  9.350 ms|  21.024 ms|  935045|  2102405|       no|
    +---------+---------+----------+-----------+--------+---------+---------+

    + Detail: 
        * Instance: 
        +------------------------------------------------------------------+------------------------------------------------------+---------+---------+-----------+----------+-----+-----+---------+
        |                                                                  |                                                      |  Latency (cycles) |  Latency (absolute)  |  Interval | Pipeline|
        |                             Instance                             |                        Module                        |   min   |   max   |    min    |    max   | min | max |   Type  |
        +------------------------------------------------------------------+------------------------------------------------------+---------+---------+-----------+----------+-----+-----+---------+
        |grp_sgm_kernel_Pipeline_InitBuf_VITIS_LOOP_453_1_fu_1796          |sgm_kernel_Pipeline_InitBuf_VITIS_LOOP_453_1          |      962|      962|   9.620 us|  9.620 us|  962|  962|       no|
        |grp_sgm_kernel_Pipeline_VITIS_LOOP_496_2_fu_1812                  |sgm_kernel_Pipeline_VITIS_LOOP_496_2                  |       18|       18|   0.180 us|  0.180 us|   18|   18|       no|
        |grp_sgm_kernel_Pipeline_ResetCosts_fu_1878                        |sgm_kernel_Pipeline_ResetCosts                        |       18|       18|   0.180 us|  0.180 us|   18|   18|       no|
        |grp_sgm_kernel_Pipeline_InitTBRowD_fu_1946                        |sgm_kernel_Pipeline_InitTBRowD                        |       18|       18|   0.180 us|  0.180 us|   18|   18|       no|
        |grp_sgm_kernel_Pipeline_InitLeftWin_VITIS_LOOP_529_3_fu_2016      |sgm_kernel_Pipeline_InitLeftWin_VITIS_LOOP_529_3      |       11|       11|   0.110 us|  0.110 us|   11|   11|       no|
        |grp_sgm_kernel_Pipeline_InitRightStripe_VITIS_LOOP_538_4_fu_2032  |sgm_kernel_Pipeline_InitRightStripe_VITIS_LOOP_538_4  |      104|      104|   1.040 us|  1.040 us|  104|  104|       no|
        |grp_prepare_census_column_fu_2039                                 |prepare_census_column                                 |       14|       14|   0.140 us|  0.140 us|   14|   14|       no|
        |grp_col_frontend_fu_2135                                          |col_frontend                                          |       10|       10|   0.100 us|  0.100 us|   10|   10|       no|
        |grp_col_backend_fu_2178                                           |col_backend                                           |        1|       15|  10.000 ns|  0.150 us|    1|   15|       no|
        +------------------------------------------------------------------+------------------------------------------------------+---------+---------+-----------+----------+-----+-----+---------+

        * Loop: 
        +---------------------+---------+---------+--------------+-----------+-----------+------+----------+
        |                     |  Latency (cycles) |   Iteration  |  Initiation Interval  | Trip |          |
        |      Loop Name      |   min   |   max   |    Latency   |  achieved |   target  | Count| Pipelined|
        +---------------------+---------+---------+--------------+-----------+-----------+------+----------+
        |- Row                |   934080|  2101440|  9730 ~ 21890|          -|          -|    96|        no|
        | + InitTBRow         |     6400|     6400|            20|          -|          -|   320|        no|
        | + VITIS_LOOP_547_5  |     9601|    15361|       30 ~ 48|          -|          -|   320|        no|
        +---------------------+---------+---------+--------------+-----------+-----------+------+----------+



================================================================
== Utilization Estimates
================================================================
* Summary: 
+-----------------+---------+----+-------+-------+-----+
|       Name      | BRAM_18K| DSP|   FF  |  LUT  | URAM|
+-----------------+---------+----+-------+-------+-----+
|DSP              |        -|   -|      -|      -|    -|
|Expression       |        -|   -|      0|    534|    -|
|FIFO             |        -|   -|      -|      -|    -|
|Instance         |        0|   -|   3356|   7259|    -|
|Memory           |       39|   -|     65|     20|    0|
|Multiplexer      |        -|   -|      -|   3393|    -|
|Register         |        -|   -|   2312|      -|    -|
+-----------------+---------+----+-------+-------+-----+
|Total            |       39|   0|   5733|  11206|    0|
+-----------------+---------+----+-------+-------+-----+
|Available        |      120|  80|  35200|  17600|    0|
+-----------------+---------+----+-------+-------+-----+
|Utilization (%)  |       32|   0|     16|     63|    0|
+-----------------+---------+----+-------+-------+-----+

+ Detail: 
    * Instance: 
    +------------------------------------------------------------------+------------------------------------------------------+---------+----+------+------+-----+
    |                             Instance                             |                        Module                        | BRAM_18K| DSP|  FF  |  LUT | URAM|
    +------------------------------------------------------------------+------------------------------------------------------+---------+----+------+------+-----+
    |grp_col_backend_fu_2178                                           |col_backend                                           |        0|   0|  2222|  4297|    0|
    |grp_col_frontend_fu_2135                                          |col_frontend                                          |        0|   0|    27|   680|    0|
    |control_s_axi_U                                                   |control_s_axi                                         |        0|   0|    36|    40|    0|
    |grp_prepare_census_column_fu_2039                                 |prepare_census_column                                 |        0|   0|   689|  1363|    0|
    |grp_sgm_kernel_Pipeline_InitBuf_VITIS_LOOP_453_1_fu_1796          |sgm_kernel_Pipeline_InitBuf_VITIS_LOOP_453_1          |        0|   0|    35|   149|    0|
    |grp_sgm_kernel_Pipeline_InitLeftWin_VITIS_LOOP_529_3_fu_2016      |sgm_kernel_Pipeline_InitLeftWin_VITIS_LOOP_529_3      |        0|   0|    58|   189|    0|
    |grp_sgm_kernel_Pipeline_InitRightStripe_VITIS_LOOP_538_4_fu_2032  |sgm_kernel_Pipeline_InitRightStripe_VITIS_LOOP_538_4  |        0|   0|    17|   137|    0|
    |grp_sgm_kernel_Pipeline_InitTBRowD_fu_1946                        |sgm_kernel_Pipeline_InitTBRowD                        |        0|   0|     8|    41|    0|
    |grp_sgm_kernel_Pipeline_ResetCosts_fu_1878                        |sgm_kernel_Pipeline_ResetCosts                        |        0|   0|     8|    41|    0|
    |grp_sgm_kernel_Pipeline_VITIS_LOOP_496_2_fu_1812                  |sgm_kernel_Pipeline_VITIS_LOOP_496_2                  |        0|   0|   256|   322|    0|
    +------------------------------------------------------------------+------------------------------------------------------+---------+----+------+------+-----+
    |Total                                                             |                                                      |        0|   0|  3356|  7259|    0|
    +------------------------------------------------------------------+------------------------------------------------------+---------+----+------+------+-----+

    * DSP: 
    N/A

    * Memory: 
    +------------------------------------------------------------+------------------------------------------------------------------------+---------+----+----+-----+------+-----+------+-------------+
    |                           Memory                           |                                 Module                                 | BRAM_18K| FF | LUT| URAM| Words| Bits| Banks| W*Bits*Banks|
    +------------------------------------------------------------+------------------------------------------------------------------------+---------+----+----+-----+------+-----+------+-------------+
    |bufL_U                                                      |bufL_RAM_AUTO_1R1W                                                      |        1|   0|   0|    0|   320|    8|     1|         2560|
    |bufL_1_U                                                    |bufL_RAM_AUTO_1R1W                                                      |        1|   0|   0|    0|   320|    8|     1|         2560|
    |bufL_2_U                                                    |bufL_RAM_AUTO_1R1W                                                      |        1|   0|   0|    0|   320|    8|     1|         2560|
    |bufR_U                                                      |bufL_RAM_AUTO_1R1W                                                      |        1|   0|   0|    0|   320|    8|     1|         2560|
    |bufR_1_U                                                    |bufL_RAM_AUTO_1R1W                                                      |        1|   0|   0|    0|   320|    8|     1|         2560|
    |bufR_2_U                                                    |bufL_RAM_AUTO_1R1W                                                      |        1|   0|   0|    0|   320|    8|     1|         2560|
    |minPrevT_U                                                  |minPrevT_RAM_AUTO_1R1W                                                  |        1|   0|   0|    0|   320|   12|     1|         3840|
    |packets_curCost_U                                           |packets_curCost_RAM_AUTO_1R1W                                           |        0|   4|   1|    0|     8|    4|     1|           32|
    |packets_curCost_1_U                                         |packets_curCost_RAM_AUTO_1R1W                                           |        0|   4|   1|    0|     8|    4|     1|           32|
    |packets_curCost_2_U                                         |packets_curCost_RAM_AUTO_1R1W                                           |        0|   4|   1|    0|     8|    4|     1|           32|
    |packets_curCost_3_U                                         |packets_curCost_RAM_AUTO_1R1W                                           |        0|   4|   1|    0|     8|    4|     1|           32|
    |packets_valid_U                                             |packets_valid_RAM_AUTO_1R1W                                             |        0|   1|   1|    0|     8|    1|     1|            8|
    |rightStripe_U                                               |rightStripe_RAM_AUTO_1R1W                                               |        0|  16|   5|    0|    34|    8|     1|          272|
    |rightStripe_1_U                                             |rightStripe_RAM_AUTO_1R1W                                               |        0|  16|   5|    0|    34|    8|     1|          272|
    |rightStripe_2_U                                             |rightStripe_RAM_AUTO_1R1W                                               |        0|  16|   5|    0|    34|    8|     1|          272|
    |sgm_kernel_ap_uint_32_ap_uint_32_ap_uint_32_prevCostT_U     |sgm_kernel_ap_uint_32_ap_uint_32_ap_uint_32_prevCostT_RAM_2P_BRAM_1R1W  |        1|   0|   0|    0|   320|   12|     1|         3840|
    |sgm_kernel_ap_uint_32_ap_uint_32_ap_uint_32_prevCostT_10_U  |sgm_kernel_ap_uint_32_ap_uint_32_ap_uint_32_prevCostT_RAM_2P_BRAM_1R1W  |        1|   0|   0|    0|   320|   12|     1|         3840|
    |sgm_kernel_ap_uint_32_ap_uint_32_ap_uint_32_prevCostT_11_U  |sgm_kernel_ap_uint_32_ap_uint_32_ap_uint_32_prevCostT_RAM_2P_BRAM_1R1W  |        1|   0|   0|    0|   320|   12|     1|         3840|
    |sgm_kernel_ap_uint_32_ap_uint_32_ap_uint_32_prevCostT_12_U  |sgm_kernel_ap_uint_32_ap_uint_32_ap_uint_32_prevCostT_RAM_2P_BRAM_1R1W  |        1|   0|   0|    0|   320|   12|     1|         3840|
    |sgm_kernel_ap_uint_32_ap_uint_32_ap_uint_32_prevCostT_13_U  |sgm_kernel_ap_uint_32_ap_uint_32_ap_uint_32_prevCostT_RAM_2P_BRAM_1R1W  |        1|   0|   0|    0|   320|   12|     1|         3840|
    |sgm_kernel_ap_uint_32_ap_uint_32_ap_uint_32_prevCostT_14_U  |sgm_kernel_ap_uint_32_ap_uint_32_ap_uint_32_prevCostT_RAM_2P_BRAM_1R1W  |        1|   0|   0|    0|   320|   12|     1|         3840|
    |sgm_kernel_ap_uint_32_ap_uint_32_ap_uint_32_prevCostT_15_U  |sgm_kernel_ap_uint_32_ap_uint_32_ap_uint_32_prevCostT_RAM_2P_BRAM_1R1W  |        1|   0|   0|    0|   320|   12|     1|         3840|
    |sgm_kernel_ap_uint_32_ap_uint_32_ap_uint_32_prevCostT_16_U  |sgm_kernel_ap_uint_32_ap_uint_32_ap_uint_32_prevCostT_RAM_2P_BRAM_1R1W  |        1|   0|   0|    0|   320|   12|     1|         3840|
    |sgm_kernel_ap_uint_32_ap_uint_32_ap_uint_32_prevCostT_17_U  |sgm_kernel_ap_uint_32_ap_uint_32_ap_uint_32_prevCostT_RAM_2P_BRAM_1R1W  |        1|   0|   0|    0|   320|   12|     1|         3840|
    |sgm_kernel_ap_uint_32_ap_uint_32_ap_uint_32_prevCostT_18_U  |sgm_kernel_ap_uint_32_ap_uint_32_ap_uint_32_prevCostT_RAM_2P_BRAM_1R1W  |        1|   0|   0|    0|   320|   12|     1|         3840|
    |p_ZZ10sgm_kernelP7ap_uintILi32EES1_S1_E9prevCostT_10_U      |sgm_kernel_ap_uint_32_ap_uint_32_ap_uint_32_prevCostT_RAM_2P_BRAM_1R1W  |        1|   0|   0|    0|   320|   12|     1|         3840|
    |p_ZZ10sgm_kernelP7ap_uintILi32EES1_S1_E9prevCostT_11_U      |sgm_kernel_ap_uint_32_ap_uint_32_ap_uint_32_prevCostT_RAM_2P_BRAM_1R1W  |        1|   0|   0|    0|   320|   12|     1|         3840|
    |p_ZZ10sgm_kernelP7ap_uintILi32EES1_S1_E9prevCostT_12_U      |sgm_kernel_ap_uint_32_ap_uint_32_ap_uint_32_prevCostT_RAM_2P_BRAM_1R1W  |        1|   0|   0|    0|   320|   12|     1|         3840|
    |p_ZZ10sgm_kernelP7ap_uintILi32EES1_S1_E9prevCostT_13_U      |sgm_kernel_ap_uint_32_ap_uint_32_ap_uint_32_prevCostT_RAM_2P_BRAM_1R1W  |        1|   0|   0|    0|   320|   12|     1|         3840|
    |p_ZZ10sgm_kernelP7ap_uintILi32EES1_S1_E9prevCostT_14_U      |sgm_kernel_ap_uint_32_ap_uint_32_ap_uint_32_prevCostT_RAM_2P_BRAM_1R1W  |        1|   0|   0|    0|   320|   12|     1|         3840|
    |p_ZZ10sgm_kernelP7ap_uintILi32EES1_S1_E9prevCostT_15_U      |sgm_kernel_ap_uint_32_ap_uint_32_ap_uint_32_prevCostT_RAM_2P_BRAM_1R1W  |        1|   0|   0|    0|   320|   12|     1|         3840|
    |p_ZZ10sgm_kernelP7ap_uintILi32EES1_S1_E9prevCostT_16_U      |sgm_kernel_ap_uint_32_ap_uint_32_ap_uint_32_prevCostT_RAM_2P_BRAM_1R1W  |        1|   0|   0|    0|   320|   12|     1|         3840|
    |p_ZZ10sgm_kernelP7ap_uintILi32EES1_S1_E9prevCostT_17_U      |sgm_kernel_ap_uint_32_ap_uint_32_ap_uint_32_prevCostT_RAM_2P_BRAM_1R1W  |        1|   0|   0|    0|   320|   12|     1|         3840|
    |p_ZZ10sgm_kernelP7ap_uintILi32EES1_S1_E9prevCostT_18_U      |sgm_kernel_ap_uint_32_ap_uint_32_ap_uint_32_prevCostT_RAM_2P_BRAM_1R1W  |        1|   0|   0|    0|   320|   12|     1|         3840|
    |p_ZZ10sgm_kernelP7ap_uintILi32EES1_S1_E9prevCostT_19_U      |sgm_kernel_ap_uint_32_ap_uint_32_ap_uint_32_prevCostT_RAM_2P_BRAM_1R1W  |        1|   0|   0|    0|   320|   12|     1|         3840|
    |p_ZZ10sgm_kernelP7ap_uintILi32EES1_S1_E9prevCostT_20_U      |sgm_kernel_ap_uint_32_ap_uint_32_ap_uint_32_prevCostT_RAM_2P_BRAM_1R1W  |        1|   0|   0|    0|   320|   12|     1|         3840|
    |p_ZZ10sgm_kernelP7ap_uintILi32EES1_S1_E9prevCostT_21_U      |sgm_kernel_ap_uint_32_ap_uint_32_ap_uint_32_prevCostT_RAM_2P_BRAM_1R1W  |        1|   0|   0|    0|   320|   12|     1|         3840|
    |p_ZZ10sgm_kernelP7ap_uintILi32EES1_S1_E9prevCostT_22_U      |sgm_kernel_ap_uint_32_ap_uint_32_ap_uint_32_prevCostT_RAM_2P_BRAM_1R1W  |        1|   0|   0|    0|   320|   12|     1|         3840|
    |p_ZZ10sgm_kernelP7ap_uintILi32EES1_S1_E9prevCostT_23_U      |sgm_kernel_ap_uint_32_ap_uint_32_ap_uint_32_prevCostT_RAM_2P_BRAM_1R1W  |        1|   0|   0|    0|   320|   12|     1|         3840|
    |p_ZZ10sgm_kernelP7ap_uintILi32EES1_S1_E9prevCostT_24_U      |sgm_kernel_ap_uint_32_ap_uint_32_ap_uint_32_prevCostT_RAM_2P_BRAM_1R1W  |        1|   0|   0|    0|   320|   12|     1|         3840|
    |p_ZZ10sgm_kernelP7ap_uintILi32EES1_S1_E9prevCostT_25_U      |sgm_kernel_ap_uint_32_ap_uint_32_ap_uint_32_prevCostT_RAM_2P_BRAM_1R1W  |        1|   0|   0|    0|   320|   12|     1|         3840|
    |p_ZZ10sgm_kernelP7ap_uintILi32EES1_S1_E9prevCostT_26_U      |sgm_kernel_ap_uint_32_ap_uint_32_ap_uint_32_prevCostT_RAM_2P_BRAM_1R1W  |        1|   0|   0|    0|   320|   12|     1|         3840|
    |p_ZZ10sgm_kernelP7ap_uintILi32EES1_S1_E9prevCostT_27_U      |sgm_kernel_ap_uint_32_ap_uint_32_ap_uint_32_prevCostT_RAM_2P_BRAM_1R1W  |        1|   0|   0|    0|   320|   12|     1|         3840|
    |p_ZZ10sgm_kernelP7ap_uintILi32EES1_S1_E9prevCostT_28_U      |sgm_kernel_ap_uint_32_ap_uint_32_ap_uint_32_prevCostT_RAM_2P_BRAM_1R1W  |        1|   0|   0|    0|   320|   12|     1|         3840|
    |p_ZZ10sgm_kernelP7ap_uintILi32EES1_S1_E9prevCostT_29_U      |sgm_kernel_ap_uint_32_ap_uint_32_ap_uint_32_prevCostT_RAM_2P_BRAM_1R1W  |        1|   0|   0|    0|   320|   12|     1|         3840|
    |p_ZZ10sgm_kernelP7ap_uintILi32EES1_S1_E9prevCostT_30_U      |sgm_kernel_ap_uint_32_ap_uint_32_ap_uint_32_prevCostT_RAM_2P_BRAM_1R1W  |        1|   0|   0|    0|   320|   12|     1|         3840|
    |p_ZZ10sgm_kernelP7ap_uintILi32EES1_S1_E9prevCostT_31_U      |sgm_kernel_ap_uint_32_ap_uint_32_ap_uint_32_prevCostT_RAM_2P_BRAM_1R1W  |        1|   0|   0|    0|   320|   12|     1|         3840|
    +------------------------------------------------------------+------------------------------------------------------------------------+---------+----+----+-----+------+-----+------+-------------+
    |Total                                                       |                                                                        |       39|  65|  20|    0| 12622|  485|    47|       143032|
    +------------------------------------------------------------+------------------------------------------------------------------------+---------+----+----+-----+------+-----+------+-------------+

    * FIFO: 
    N/A

    * Expression: 
    +---------------------------------+----------+----+---+-----+------------+------------+
    |          Variable Name          | Operation| DSP| FF| LUT | Bitwidth P0| Bitwidth P1|
    +---------------------------------+----------+----+---+-----+------------+------------+
    |add_ln488_fu_2462_p2             |         +|   0|  0|   14|           7|           1|
    |add_ln513_fu_2696_p2             |         +|   0|  0|   14|           9|           1|
    |add_ln547_fu_2775_p2             |         +|   0|  0|   14|           9|           1|
    |add_ln569_fu_3180_p2             |         +|   0|  0|   14|           9|           2|
    |add_ln582_1_fu_3196_p2           |         +|   0|  0|   14|          13|          13|
    |add_ln582_2_fu_2763_p2           |         +|   0|  0|   20|          15|           2|
    |add_ln582_fu_3209_p2             |         +|   0|  0|   20|          15|          15|
    |add_ln595_1_fu_2781_p2           |         +|   0|  0|   14|          13|           9|
    |add_ln595_fu_2790_p2             |         +|   0|  0|   20|          15|          15|
    |disp_byte_indx_fu_3397_p2        |         +|   0|  0|   10|           2|           2|
    |and_ln586_fu_3426_p2             |       and|   0|  0|   32|          32|          32|
    |icmp_ln488_fu_2456_p2            |      icmp|   0|  0|   14|           7|           7|
    |icmp_ln510_fu_2685_p2            |      icmp|   0|  0|   14|           7|           1|
    |icmp_ln513_fu_2690_p2            |      icmp|   0|  0|   14|           9|           9|
    |icmp_ln547_fu_2769_p2            |      icmp|   0|  0|   14|           9|           9|
    |icmp_ln570_fu_3190_p2            |      icmp|   0|  0|   14|           9|           1|
    |icmp_ln588_fu_3448_p2            |      icmp|   0|  0|   10|           2|           1|
    |ap_block_state4_on_subcall_done  |        or|   0|  0|    2|           1|           1|
    |ap_block_state8_on_subcall_done  |        or|   0|  0|    2|           1|           1|
    |disp_word_3_fu_3442_p2           |        or|   0|  0|   32|          32|          32|
    |shl_ln586_1_fu_3436_p2           |       shl|   0|  0|  100|          32|          32|
    |shl_ln586_fu_3414_p2             |       shl|   0|  0|  100|           8|          32|
    |xor_ln586_fu_3420_p2             |       xor|   0|  0|   32|          32|           2|
    +---------------------------------+----------+----+---+-----+------------+------------+
    |Total                            |          |   0|  0|  534|         288|         221|
    +---------------------------------+----------+----+---+-----+------------+------------+

    * Multiplexer: 
    +-------------------------------------------------------------------+----+-----------+-----+-----------+
    |                                Name                               | LUT| Input Size| Bits| Total Bits|
    +-------------------------------------------------------------------+----+-----------+-----+-----------+
    |ap_NS_fsm                                                          |  93|         19|    1|         19|
    |ap_phi_mux_disp_word_2_phi_fu_1785_p6                              |  14|          3|   32|         96|
    |ap_phi_mux_minPrevLR_1_phi_fu_1771_p6                              |   9|          2|   12|         24|
    |bufL_1_address0                                                    |  14|          3|    9|         27|
    |bufL_1_ce0                                                         |  14|          3|    1|          3|
    |bufL_1_d0                                                          |  14|          3|    8|         24|
    |bufL_1_we0                                                         |  14|          3|    1|          3|
    |bufL_2_address0                                                    |  14|          3|    9|         27|
    |bufL_2_ce0                                                         |  14|          3|    1|          3|
    |bufL_2_d0                                                          |  14|          3|    8|         24|
    |bufL_2_we0                                                         |  14|          3|    1|          3|
    |bufL_address0                                                      |  14|          3|    9|         27|
    |bufL_ce0                                                           |  14|          3|    1|          3|
    |bufL_d0                                                            |  14|          3|    8|         24|
    |bufL_we0                                                           |  14|          3|    1|          3|
    |bufR_1_address0                                                    |  14|          3|    9|         27|
    |bufR_1_ce0                                                         |  14|          3|    1|          3|
    |bufR_1_d0                                                          |  14|          3|    8|         24|
    |bufR_1_we0                                                         |  14|          3|    1|          3|
    |bufR_2_address0                                                    |  14|          3|    9|         27|
    |bufR_2_ce0                                                         |  14|          3|    1|          3|
    |bufR_2_d0                                                          |  14|          3|    8|         24|
    |bufR_2_we0                                                         |  14|          3|    1|          3|
    |bufR_address0                                                      |  14|          3|    9|         27|
    |bufR_ce0                                                           |  14|          3|    1|          3|
    |bufR_d0                                                            |  14|          3|    8|         24|
    |bufR_we0                                                           |  14|          3|    1|          3|
    |c_1_reg_1349                                                       |   9|          2|    9|         18|
    |c_reg_1337                                                         |   9|          2|    9|         18|
    |disp_Addr_A_orig                                                   |  14|          3|   32|         96|
    |disp_Din_A                                                         |  14|          3|   32|         96|
    |disp_WEN_A                                                         |   9|          2|    4|          8|
    |disp_word_1_reg_1755                                               |   9|          2|   32|         64|
    |disp_word_2_reg_1781                                               |  14|          3|   32|         96|
    |leftWin_1_1_reg_1745                                               |   9|          2|    8|         16|
    |leftWin_2_1_reg_1735                                               |   9|          2|    8|         16|
    |leftWin_4_1_reg_1725                                               |   9|          2|    8|         16|
    |leftWin_5_1_reg_1715                                               |   9|          2|    8|         16|
    |leftWin_7_1_reg_1705                                               |   9|          2|    8|         16|
    |leftWin_8_1_reg_1695                                               |   9|          2|    8|         16|
    |minPrevLR_0_reg_1361                                               |   9|          2|   12|         24|
    |minPrevLR_1_reg_1767                                               |   9|          2|   12|         24|
    |minPrevT_address0                                                  |  20|          4|    9|         36|
    |minPrevT_d0                                                        |  14|          3|   12|         36|
    |p_ZZ10sgm_kernelP7ap_uintILi32EES1_S1_E9prevCostL_10               |   9|          2|   12|         24|
    |p_ZZ10sgm_kernelP7ap_uintILi32EES1_S1_E9prevCostL_11               |   9|          2|   12|         24|
    |p_ZZ10sgm_kernelP7ap_uintILi32EES1_S1_E9prevCostL_12               |   9|          2|   12|         24|
    |p_ZZ10sgm_kernelP7ap_uintILi32EES1_S1_E9prevCostL_13               |   9|          2|   12|         24|
    |p_ZZ10sgm_kernelP7ap_uintILi32EES1_S1_E9prevCostL_14               |   9|          2|   12|         24|
    |p_ZZ10sgm_kernelP7ap_uintILi32EES1_S1_E9prevCostL_15               |   9|          2|   12|         24|
    |p_ZZ10sgm_kernelP7ap_uintILi32EES1_S1_E9prevCostL_16               |   9|          2|   12|         24|
    |p_ZZ10sgm_kernelP7ap_uintILi32EES1_S1_E9prevCostL_17               |   9|          2|   12|         24|
    |p_ZZ10sgm_kernelP7ap_uintILi32EES1_S1_E9prevCostL_18               |   9|          2|   12|         24|
    |p_ZZ10sgm_kernelP7ap_uintILi32EES1_S1_E9prevCostL_19               |   9|          2|   12|         24|
    |p_ZZ10sgm_kernelP7ap_uintILi32EES1_S1_E9prevCostL_20               |   9|          2|   12|         24|
    |p_ZZ10sgm_kernelP7ap_uintILi32EES1_S1_E9prevCostL_21               |   9|          2|   12|         24|
    |p_ZZ10sgm_kernelP7ap_uintILi32EES1_S1_E9prevCostL_22               |   9|          2|   12|         24|
    |p_ZZ10sgm_kernelP7ap_uintILi32EES1_S1_E9prevCostL_23               |   9|          2|   12|         24|
    |p_ZZ10sgm_kernelP7ap_uintILi32EES1_S1_E9prevCostL_24               |   9|          2|   12|         24|
    |p_ZZ10sgm_kernelP7ap_uintILi32EES1_S1_E9prevCostL_25               |   9|          2|   12|         24|
    |p_ZZ10sgm_kernelP7ap_uintILi32EES1_S1_E9prevCostL_26               |   9|          2|   12|         24|
    |p_ZZ10sgm_kernelP7ap_uintILi32EES1_S1_E9prevCostL_27               |   9|          2|   12|         24|
    |p_ZZ10sgm_kernelP7ap_uintILi32EES1_S1_E9prevCostL_28               |   9|          2|   12|         24|
    |p_ZZ10sgm_kernelP7ap_uintILi32EES1_S1_E9prevCostL_29               |   9|          2|   12|         24|
    |p_ZZ10sgm_kernelP7ap_uintILi32EES1_S1_E9prevCostL_30               |   9|          2|   12|         24|
    |p_ZZ10sgm_kernelP7ap_uintILi32EES1_S1_E9prevCostL_31               |   9|          2|   12|         24|
    |p_ZZ10sgm_kernelP7ap_uintILi32EES1_S1_E9prevCostT_10_address1      |  14|          3|    9|         27|
    |p_ZZ10sgm_kernelP7ap_uintILi32EES1_S1_E9prevCostT_10_ce1           |  14|          3|    1|          3|
    |p_ZZ10sgm_kernelP7ap_uintILi32EES1_S1_E9prevCostT_10_d1            |  14|          3|   12|         36|
    |p_ZZ10sgm_kernelP7ap_uintILi32EES1_S1_E9prevCostT_10_we1           |  14|          3|    1|          3|
    |p_ZZ10sgm_kernelP7ap_uintILi32EES1_S1_E9prevCostT_11_address1      |  14|          3|    9|         27|
    |p_ZZ10sgm_kernelP7ap_uintILi32EES1_S1_E9prevCostT_11_ce1           |  14|          3|    1|          3|
    |p_ZZ10sgm_kernelP7ap_uintILi32EES1_S1_E9prevCostT_11_d1            |  14|          3|   12|         36|
    |p_ZZ10sgm_kernelP7ap_uintILi32EES1_S1_E9prevCostT_11_we1           |  14|          3|    1|          3|
    |p_ZZ10sgm_kernelP7ap_uintILi32EES1_S1_E9prevCostT_12_address1      |  14|          3|    9|         27|
    |p_ZZ10sgm_kernelP7ap_uintILi32EES1_S1_E9prevCostT_12_ce1           |  14|          3|    1|          3|
    |p_ZZ10sgm_kernelP7ap_uintILi32EES1_S1_E9prevCostT_12_d1            |  14|          3|   12|         36|
    |p_ZZ10sgm_kernelP7ap_uintILi32EES1_S1_E9prevCostT_12_we1           |  14|          3|    1|          3|
    |p_ZZ10sgm_kernelP7ap_uintILi32EES1_S1_E9prevCostT_13_address1      |  14|          3|    9|         27|
    |p_ZZ10sgm_kernelP7ap_uintILi32EES1_S1_E9prevCostT_13_ce1           |  14|          3|    1|          3|
    |p_ZZ10sgm_kernelP7ap_uintILi32EES1_S1_E9prevCostT_13_d1            |  14|          3|   12|         36|
    |p_ZZ10sgm_kernelP7ap_uintILi32EES1_S1_E9prevCostT_13_we1           |  14|          3|    1|          3|
    |p_ZZ10sgm_kernelP7ap_uintILi32EES1_S1_E9prevCostT_14_address1      |  14|          3|    9|         27|
    |p_ZZ10sgm_kernelP7ap_uintILi32EES1_S1_E9prevCostT_14_ce1           |  14|          3|    1|          3|
    |p_ZZ10sgm_kernelP7ap_uintILi32EES1_S1_E9prevCostT_14_d1            |  14|          3|   12|         36|
    |p_ZZ10sgm_kernelP7ap_uintILi32EES1_S1_E9prevCostT_14_we1           |  14|          3|    1|          3|
    |p_ZZ10sgm_kernelP7ap_uintILi32EES1_S1_E9prevCostT_15_address1      |  14|          3|    9|         27|
    |p_ZZ10sgm_kernelP7ap_uintILi32EES1_S1_E9prevCostT_15_ce1           |  14|          3|    1|          3|
    |p_ZZ10sgm_kernelP7ap_uintILi32EES1_S1_E9prevCostT_15_d1            |  14|          3|   12|         36|
    |p_ZZ10sgm_kernelP7ap_uintILi32EES1_S1_E9prevCostT_15_we1           |  14|          3|    1|          3|
    |p_ZZ10sgm_kernelP7ap_uintILi32EES1_S1_E9prevCostT_16_address1      |  14|          3|    9|         27|
    |p_ZZ10sgm_kernelP7ap_uintILi32EES1_S1_E9prevCostT_16_ce1           |  14|          3|    1|          3|
    |p_ZZ10sgm_kernelP7ap_uintILi32EES1_S1_E9prevCostT_16_d1            |  14|          3|   12|         36|
    |p_ZZ10sgm_kernelP7ap_uintILi32EES1_S1_E9prevCostT_16_we1           |  14|          3|    1|          3|
    |p_ZZ10sgm_kernelP7ap_uintILi32EES1_S1_E9prevCostT_17_address1      |  14|          3|    9|         27|
    |p_ZZ10sgm_kernelP7ap_uintILi32EES1_S1_E9prevCostT_17_ce1           |  14|          3|    1|          3|
    |p_ZZ10sgm_kernelP7ap_uintILi32EES1_S1_E9prevCostT_17_d1            |  14|          3|   12|         36|
    |p_ZZ10sgm_kernelP7ap_uintILi32EES1_S1_E9prevCostT_17_we1           |  14|          3|    1|          3|
    |p_ZZ10sgm_kernelP7ap_uintILi32EES1_S1_E9prevCostT_18_address1      |  14|          3|    9|         27|
    |p_ZZ10sgm_kernelP7ap_uintILi32EES1_S1_E9prevCostT_18_ce1           |  14|          3|    1|          3|
    |p_ZZ10sgm_kernelP7ap_uintILi32EES1_S1_E9prevCostT_18_d1            |  14|          3|   12|         36|
    |p_ZZ10sgm_kernelP7ap_uintILi32EES1_S1_E9prevCostT_18_we1           |  14|          3|    1|          3|
    |p_ZZ10sgm_kernelP7ap_uintILi32EES1_S1_E9prevCostT_19_address1      |  14|          3|    9|         27|
    |p_ZZ10sgm_kernelP7ap_uintILi32EES1_S1_E9prevCostT_19_ce1           |  14|          3|    1|          3|
    |p_ZZ10sgm_kernelP7ap_uintILi32EES1_S1_E9prevCostT_19_d1            |  14|          3|   12|         36|
    |p_ZZ10sgm_kernelP7ap_uintILi32EES1_S1_E9prevCostT_19_we1           |  14|          3|    1|          3|
    |p_ZZ10sgm_kernelP7ap_uintILi32EES1_S1_E9prevCostT_20_address1      |  14|          3|    9|         27|
    |p_ZZ10sgm_kernelP7ap_uintILi32EES1_S1_E9prevCostT_20_ce1           |  14|          3|    1|          3|
    |p_ZZ10sgm_kernelP7ap_uintILi32EES1_S1_E9prevCostT_20_d1            |  14|          3|   12|         36|
    |p_ZZ10sgm_kernelP7ap_uintILi32EES1_S1_E9prevCostT_20_we1           |  14|          3|    1|          3|
    |p_ZZ10sgm_kernelP7ap_uintILi32EES1_S1_E9prevCostT_21_address1      |  14|          3|    9|         27|
    |p_ZZ10sgm_kernelP7ap_uintILi32EES1_S1_E9prevCostT_21_ce1           |  14|          3|    1|          3|
    |p_ZZ10sgm_kernelP7ap_uintILi32EES1_S1_E9prevCostT_21_d1            |  14|          3|   12|         36|
    |p_ZZ10sgm_kernelP7ap_uintILi32EES1_S1_E9prevCostT_21_we1           |  14|          3|    1|          3|
    |p_ZZ10sgm_kernelP7ap_uintILi32EES1_S1_E9prevCostT_22_address1      |  14|          3|    9|         27|
    |p_ZZ10sgm_kernelP7ap_uintILi32EES1_S1_E9prevCostT_22_ce1           |  14|          3|    1|          3|
    |p_ZZ10sgm_kernelP7ap_uintILi32EES1_S1_E9prevCostT_22_d1            |  14|          3|   12|         36|
    |p_ZZ10sgm_kernelP7ap_uintILi32EES1_S1_E9prevCostT_22_we1           |  14|          3|    1|          3|
    |p_ZZ10sgm_kernelP7ap_uintILi32EES1_S1_E9prevCostT_23_address1      |  14|          3|    9|         27|
    |p_ZZ10sgm_kernelP7ap_uintILi32EES1_S1_E9prevCostT_23_ce1           |  14|          3|    1|          3|
    |p_ZZ10sgm_kernelP7ap_uintILi32EES1_S1_E9prevCostT_23_d1            |  14|          3|   12|         36|
    |p_ZZ10sgm_kernelP7ap_uintILi32EES1_S1_E9prevCostT_23_we1           |  14|          3|    1|          3|
    |p_ZZ10sgm_kernelP7ap_uintILi32EES1_S1_E9prevCostT_24_address1      |  14|          3|    9|         27|
    |p_ZZ10sgm_kernelP7ap_uintILi32EES1_S1_E9prevCostT_24_ce1           |  14|          3|    1|          3|
    |p_ZZ10sgm_kernelP7ap_uintILi32EES1_S1_E9prevCostT_24_d1            |  14|          3|   12|         36|
    |p_ZZ10sgm_kernelP7ap_uintILi32EES1_S1_E9prevCostT_24_we1           |  14|          3|    1|          3|
    |p_ZZ10sgm_kernelP7ap_uintILi32EES1_S1_E9prevCostT_25_address1      |  14|          3|    9|         27|
    |p_ZZ10sgm_kernelP7ap_uintILi32EES1_S1_E9prevCostT_25_ce1           |  14|          3|    1|          3|
    |p_ZZ10sgm_kernelP7ap_uintILi32EES1_S1_E9prevCostT_25_d1            |  14|          3|   12|         36|
    |p_ZZ10sgm_kernelP7ap_uintILi32EES1_S1_E9prevCostT_25_we1           |  14|          3|    1|          3|
    |p_ZZ10sgm_kernelP7ap_uintILi32EES1_S1_E9prevCostT_26_address1      |  14|          3|    9|         27|
    |p_ZZ10sgm_kernelP7ap_uintILi32EES1_S1_E9prevCostT_26_ce1           |  14|          3|    1|          3|
    |p_ZZ10sgm_kernelP7ap_uintILi32EES1_S1_E9prevCostT_26_d1            |  14|          3|   12|         36|
    |p_ZZ10sgm_kernelP7ap_uintILi32EES1_S1_E9prevCostT_26_we1           |  14|          3|    1|          3|
    |p_ZZ10sgm_kernelP7ap_uintILi32EES1_S1_E9prevCostT_27_address1      |  14|          3|    9|         27|
    |p_ZZ10sgm_kernelP7ap_uintILi32EES1_S1_E9prevCostT_27_ce1           |  14|          3|    1|          3|
    |p_ZZ10sgm_kernelP7ap_uintILi32EES1_S1_E9prevCostT_27_d1            |  14|          3|   12|         36|
    |p_ZZ10sgm_kernelP7ap_uintILi32EES1_S1_E9prevCostT_27_we1           |  14|          3|    1|          3|
    |p_ZZ10sgm_kernelP7ap_uintILi32EES1_S1_E9prevCostT_28_address1      |  14|          3|    9|         27|
    |p_ZZ10sgm_kernelP7ap_uintILi32EES1_S1_E9prevCostT_28_ce1           |  14|          3|    1|          3|
    |p_ZZ10sgm_kernelP7ap_uintILi32EES1_S1_E9prevCostT_28_d1            |  14|          3|   12|         36|
    |p_ZZ10sgm_kernelP7ap_uintILi32EES1_S1_E9prevCostT_28_we1           |  14|          3|    1|          3|
    |p_ZZ10sgm_kernelP7ap_uintILi32EES1_S1_E9prevCostT_29_address1      |  14|          3|    9|         27|
    |p_ZZ10sgm_kernelP7ap_uintILi32EES1_S1_E9prevCostT_29_ce1           |  14|          3|    1|          3|
    |p_ZZ10sgm_kernelP7ap_uintILi32EES1_S1_E9prevCostT_29_d1            |  14|          3|   12|         36|
    |p_ZZ10sgm_kernelP7ap_uintILi32EES1_S1_E9prevCostT_29_we1           |  14|          3|    1|          3|
    |p_ZZ10sgm_kernelP7ap_uintILi32EES1_S1_E9prevCostT_30_address1      |  14|          3|    9|         27|
    |p_ZZ10sgm_kernelP7ap_uintILi32EES1_S1_E9prevCostT_30_ce1           |  14|          3|    1|          3|
    |p_ZZ10sgm_kernelP7ap_uintILi32EES1_S1_E9prevCostT_30_d1            |  14|          3|   12|         36|
    |p_ZZ10sgm_kernelP7ap_uintILi32EES1_S1_E9prevCostT_30_we1           |  14|          3|    1|          3|
    |p_ZZ10sgm_kernelP7ap_uintILi32EES1_S1_E9prevCostT_31_address1      |  14|          3|    9|         27|
    |p_ZZ10sgm_kernelP7ap_uintILi32EES1_S1_E9prevCostT_31_ce1           |  14|          3|    1|          3|
    |p_ZZ10sgm_kernelP7ap_uintILi32EES1_S1_E9prevCostT_31_d1            |  14|          3|   12|         36|
    |p_ZZ10sgm_kernelP7ap_uintILi32EES1_S1_E9prevCostT_31_we1           |  14|          3|    1|          3|
    |packets_curCost_1_address0                                         |  14|          3|    3|          9|
    |packets_curCost_1_ce0                                              |  14|          3|    1|          3|
    |packets_curCost_1_we0                                              |   9|          2|    1|          2|
    |packets_curCost_2_address0                                         |  14|          3|    3|          9|
    |packets_curCost_2_ce0                                              |  14|          3|    1|          3|
    |packets_curCost_2_we0                                              |   9|          2|    1|          2|
    |packets_curCost_3_address0                                         |  14|          3|    3|          9|
    |packets_curCost_3_ce0                                              |  14|          3|    1|          3|
    |packets_curCost_3_we0                                              |   9|          2|    1|          2|
    |packets_curCost_address0                                           |  14|          3|    3|          9|
    |packets_curCost_ce0                                                |  14|          3|    1|          3|
    |packets_curCost_we0                                                |   9|          2|    1|          2|
    |packets_valid_address0                                             |  14|          3|    3|          9|
    |packets_valid_ce0                                                  |  14|          3|    1|          3|
    |packets_valid_we0                                                  |   9|          2|    1|          2|
    |r_fu_382                                                           |   9|          2|    7|         14|
    |rightCensusHistory_10_1_reg_1585                                   |   9|          2|    8|         16|
    |rightCensusHistory_1130_reg_1685                                   |   9|          2|    8|         16|
    |rightCensusHistory_11_1_reg_1575                                   |   9|          2|    8|         16|
    |rightCensusHistory_12_1_reg_1565                                   |   9|          2|    8|         16|
    |rightCensusHistory_13_1_reg_1555                                   |   9|          2|    8|         16|
    |rightCensusHistory_14_1_reg_1545                                   |   9|          2|    8|         16|
    |rightCensusHistory_15_1_reg_1535                                   |   9|          2|    8|         16|
    |rightCensusHistory_16_1_reg_1525                                   |   9|          2|    8|         16|
    |rightCensusHistory_17_1_reg_1515                                   |   9|          2|    8|         16|
    |rightCensusHistory_18_1_reg_1505                                   |   9|          2|    8|         16|
    |rightCensusHistory_19_1_reg_1495                                   |   9|          2|    8|         16|
    |rightCensusHistory_1_1_reg_1675                                    |   9|          2|    8|         16|
    |rightCensusHistory_20_1_reg_1485                                   |   9|          2|    8|         16|
    |rightCensusHistory_21_1_reg_1475                                   |   9|          2|    8|         16|
    |rightCensusHistory_22_1_reg_1465                                   |   9|          2|    8|         16|
    |rightCensusHistory_23_1_reg_1455                                   |   9|          2|    8|         16|
    |rightCensusHistory_24_1_reg_1445                                   |   9|          2|    8|         16|
    |rightCensusHistory_25_1_reg_1435                                   |   9|          2|    8|         16|
    |rightCensusHistory_26_1_reg_1425                                   |   9|          2|    8|         16|
    |rightCensusHistory_27_1_reg_1415                                   |   9|          2|    8|         16|
    |rightCensusHistory_28_1_reg_1405                                   |   9|          2|    8|         16|
    |rightCensusHistory_29_1_reg_1395                                   |   9|          2|    8|         16|
    |rightCensusHistory_2_1_reg_1665                                    |   9|          2|    8|         16|
    |rightCensusHistory_30_1_reg_1385                                   |   9|          2|    8|         16|
    |rightCensusHistory_3_1_reg_1655                                    |   9|          2|    8|         16|
    |rightCensusHistory_4_1_reg_1645                                    |   9|          2|    8|         16|
    |rightCensusHistory_5_1_reg_1635                                    |   9|          2|    8|         16|
    |rightCensusHistory_6_1_reg_1625                                    |   9|          2|    8|         16|
    |rightCensusHistory_7_1_reg_1615                                    |   9|          2|    8|         16|
    |rightCensusHistory_8_1_reg_1605                                    |   9|          2|    8|         16|
    |rightCensusHistory_9_1_reg_1595                                    |   9|          2|    8|         16|
    |rightStripe_1_address0                                             |  14|          3|    6|         18|
    |rightStripe_1_ce0                                                  |  14|          3|    1|          3|
    |rightStripe_1_ce1                                                  |   9|          2|    1|          2|
    |rightStripe_1_d0                                                   |  14|          3|    8|         24|
    |rightStripe_1_we0                                                  |  14|          3|    1|          3|
    |rightStripe_2_address0                                             |  14|          3|    6|         18|
    |rightStripe_2_ce0                                                  |  14|          3|    1|          3|
    |rightStripe_2_ce1                                                  |   9|          2|    1|          2|
    |rightStripe_2_d0                                                   |  14|          3|    8|         24|
    |rightStripe_2_we0                                                  |  14|          3|    1|          3|
    |rightStripe_address0                                               |  14|          3|    6|         18|
    |rightStripe_ce0                                                    |  14|          3|    1|          3|
    |rightStripe_ce1                                                    |   9|          2|    1|          2|
    |rightStripe_d0                                                     |  14|          3|    8|         24|
    |rightStripe_we0                                                    |  14|          3|    1|          3|
    |right_wr_0_reg_1373                                                |   9|          2|   32|         64|
    |sgm_kernel_ap_uint_32_ap_uint_32_ap_uint_32_prevCostL              |   9|          2|   12|         24|
    |sgm_kernel_ap_uint_32_ap_uint_32_ap_uint_32_prevCostL_1            |   9|          2|   12|         24|
    |sgm_kernel_ap_uint_32_ap_uint_32_ap_uint_32_prevCostL_2            |   9|          2|   12|         24|
    |sgm_kernel_ap_uint_32_ap_uint_32_ap_uint_32_prevCostL_3            |   9|          2|   12|         24|
    |sgm_kernel_ap_uint_32_ap_uint_32_ap_uint_32_prevCostL_4            |   9|          2|   12|         24|
    |sgm_kernel_ap_uint_32_ap_uint_32_ap_uint_32_prevCostL_5            |   9|          2|   12|         24|
    |sgm_kernel_ap_uint_32_ap_uint_32_ap_uint_32_prevCostL_6            |   9|          2|   12|         24|
    |sgm_kernel_ap_uint_32_ap_uint_32_ap_uint_32_prevCostL_7            |   9|          2|   12|         24|
    |sgm_kernel_ap_uint_32_ap_uint_32_ap_uint_32_prevCostL_8            |   9|          2|   12|         24|
    |sgm_kernel_ap_uint_32_ap_uint_32_ap_uint_32_prevCostL_9            |   9|          2|   12|         24|
    |sgm_kernel_ap_uint_32_ap_uint_32_ap_uint_32_prevCostT_10_address1  |  14|          3|    9|         27|
    |sgm_kernel_ap_uint_32_ap_uint_32_ap_uint_32_prevCostT_10_ce1       |  14|          3|    1|          3|
    |sgm_kernel_ap_uint_32_ap_uint_32_ap_uint_32_prevCostT_10_d1        |  14|          3|   12|         36|
    |sgm_kernel_ap_uint_32_ap_uint_32_ap_uint_32_prevCostT_10_we1       |  14|          3|    1|          3|
    |sgm_kernel_ap_uint_32_ap_uint_32_ap_uint_32_prevCostT_11_address1  |  14|          3|    9|         27|
    |sgm_kernel_ap_uint_32_ap_uint_32_ap_uint_32_prevCostT_11_ce1       |  14|          3|    1|          3|
    |sgm_kernel_ap_uint_32_ap_uint_32_ap_uint_32_prevCostT_11_d1        |  14|          3|   12|         36|
    |sgm_kernel_ap_uint_32_ap_uint_32_ap_uint_32_prevCostT_11_we1       |  14|          3|    1|          3|
    |sgm_kernel_ap_uint_32_ap_uint_32_ap_uint_32_prevCostT_12_address1  |  14|          3|    9|         27|
    |sgm_kernel_ap_uint_32_ap_uint_32_ap_uint_32_prevCostT_12_ce1       |  14|          3|    1|          3|
    |sgm_kernel_ap_uint_32_ap_uint_32_ap_uint_32_prevCostT_12_d1        |  14|          3|   12|         36|
    |sgm_kernel_ap_uint_32_ap_uint_32_ap_uint_32_prevCostT_12_we1       |  14|          3|    1|          3|
    |sgm_kernel_ap_uint_32_ap_uint_32_ap_uint_32_prevCostT_13_address1  |  14|          3|    9|         27|
    |sgm_kernel_ap_uint_32_ap_uint_32_ap_uint_32_prevCostT_13_ce1       |  14|          3|    1|          3|
    |sgm_kernel_ap_uint_32_ap_uint_32_ap_uint_32_prevCostT_13_d1        |  14|          3|   12|         36|
    |sgm_kernel_ap_uint_32_ap_uint_32_ap_uint_32_prevCostT_13_we1       |  14|          3|    1|          3|
    |sgm_kernel_ap_uint_32_ap_uint_32_ap_uint_32_prevCostT_14_address1  |  14|          3|    9|         27|
    |sgm_kernel_ap_uint_32_ap_uint_32_ap_uint_32_prevCostT_14_ce1       |  14|          3|    1|          3|
    |sgm_kernel_ap_uint_32_ap_uint_32_ap_uint_32_prevCostT_14_d1        |  14|          3|   12|         36|
    |sgm_kernel_ap_uint_32_ap_uint_32_ap_uint_32_prevCostT_14_we1       |  14|          3|    1|          3|
    |sgm_kernel_ap_uint_32_ap_uint_32_ap_uint_32_prevCostT_15_address1  |  14|          3|    9|         27|
    |sgm_kernel_ap_uint_32_ap_uint_32_ap_uint_32_prevCostT_15_ce1       |  14|          3|    1|          3|
    |sgm_kernel_ap_uint_32_ap_uint_32_ap_uint_32_prevCostT_15_d1        |  14|          3|   12|         36|
    |sgm_kernel_ap_uint_32_ap_uint_32_ap_uint_32_prevCostT_15_we1       |  14|          3|    1|          3|
    |sgm_kernel_ap_uint_32_ap_uint_32_ap_uint_32_prevCostT_16_address1  |  14|          3|    9|         27|
    |sgm_kernel_ap_uint_32_ap_uint_32_ap_uint_32_prevCostT_16_ce1       |  14|          3|    1|          3|
    |sgm_kernel_ap_uint_32_ap_uint_32_ap_uint_32_prevCostT_16_d1        |  14|          3|   12|         36|
    |sgm_kernel_ap_uint_32_ap_uint_32_ap_uint_32_prevCostT_16_we1       |  14|          3|    1|          3|
    |sgm_kernel_ap_uint_32_ap_uint_32_ap_uint_32_prevCostT_17_address1  |  14|          3|    9|         27|
    |sgm_kernel_ap_uint_32_ap_uint_32_ap_uint_32_prevCostT_17_ce1       |  14|          3|    1|          3|
    |sgm_kernel_ap_uint_32_ap_uint_32_ap_uint_32_prevCostT_17_d1        |  14|          3|   12|         36|
    |sgm_kernel_ap_uint_32_ap_uint_32_ap_uint_32_prevCostT_17_we1       |  14|          3|    1|          3|
    |sgm_kernel_ap_uint_32_ap_uint_32_ap_uint_32_prevCostT_18_address1  |  14|          3|    9|         27|
    |sgm_kernel_ap_uint_32_ap_uint_32_ap_uint_32_prevCostT_18_ce1       |  14|          3|    1|          3|
    |sgm_kernel_ap_uint_32_ap_uint_32_ap_uint_32_prevCostT_18_d1        |  14|          3|   12|         36|
    |sgm_kernel_ap_uint_32_ap_uint_32_ap_uint_32_prevCostT_18_we1       |  14|          3|    1|          3|
    |sgm_kernel_ap_uint_32_ap_uint_32_ap_uint_32_prevCostT_address1     |  14|          3|    9|         27|
    |sgm_kernel_ap_uint_32_ap_uint_32_ap_uint_32_prevCostT_ce1          |  14|          3|    1|          3|
    |sgm_kernel_ap_uint_32_ap_uint_32_ap_uint_32_prevCostT_d1           |  14|          3|   12|         36|
    |sgm_kernel_ap_uint_32_ap_uint_32_ap_uint_32_prevCostT_we1          |  14|          3|    1|          3|
    +-------------------------------------------------------------------+----+-----------+-----+-----------+
    |Total                                                              |3393|        732| 1885|       4863|
    +-------------------------------------------------------------------+----+-----------+-----+-----------+

    * Register: 
    +-------------------------------------------------------------------------------+----+----+-----+-----------+
    |                                      Name                                     | FF | LUT| Bits| Const Bits|
    +-------------------------------------------------------------------------------+----+----+-----+-----------+
    |add_ln488_reg_3921                                                             |   7|   0|    7|          0|
    |add_ln513_reg_4119                                                             |   9|   0|    9|          0|
    |add_ln547_reg_4180                                                             |   9|   0|    9|          0|
    |add_ln582_2_reg_4171                                                           |   7|   0|   15|          8|
    |ap_CS_fsm                                                                      |  18|   0|   18|          0|
    |c_1_reg_1349                                                                   |   9|   0|    9|          0|
    |c_reg_1337                                                                     |   9|   0|    9|          0|
    |disp_word_1_reg_1755                                                           |  32|   0|   32|          0|
    |disp_word_2_reg_1781                                                           |  32|   0|   32|          0|
    |disp_word_3_reg_4846                                                           |  32|   0|   32|          0|
    |grp_col_backend_fu_2178_ap_start_reg                                           |   1|   0|    1|          0|
    |grp_col_frontend_fu_2135_ap_start_reg                                          |   1|   0|    1|          0|
    |grp_prepare_census_column_fu_2039_ap_start_reg                                 |   1|   0|    1|          0|
    |grp_sgm_kernel_Pipeline_InitBuf_VITIS_LOOP_453_1_fu_1796_ap_start_reg          |   1|   0|    1|          0|
    |grp_sgm_kernel_Pipeline_InitLeftWin_VITIS_LOOP_529_3_fu_2016_ap_start_reg      |   1|   0|    1|          0|
    |grp_sgm_kernel_Pipeline_InitRightStripe_VITIS_LOOP_538_4_fu_2032_ap_start_reg  |   1|   0|    1|          0|
    |grp_sgm_kernel_Pipeline_InitTBRowD_fu_1946_ap_start_reg                        |   1|   0|    1|          0|
    |grp_sgm_kernel_Pipeline_ResetCosts_fu_1878_ap_start_reg                        |   1|   0|    1|          0|
    |grp_sgm_kernel_Pipeline_VITIS_LOOP_496_2_fu_1812_ap_start_reg                  |   1|   0|    1|          0|
    |icmp_ln510_reg_4112                                                            |   1|   0|    1|          0|
    |icmp_ln547_reg_4176                                                            |   1|   0|    1|          0|
    |icmp_ln570_reg_4458                                                            |   1|   0|    1|          0|
    |icmp_ln588_reg_4852                                                            |   1|   0|    1|          0|
    |interior_reg_4185                                                              |   1|   0|    1|          0|
    |leftDesc_reg_4190                                                              |   8|   0|    8|          0|
    |leftWin_10_fu_402                                                              |   8|   0|    8|          0|
    |leftWin_11_fu_406                                                              |   8|   0|    8|          0|
    |leftWin_1_1_reg_1745                                                           |   8|   0|    8|          0|
    |leftWin_1_reg_4225                                                             |   8|   0|    8|          0|
    |leftWin_2_1_reg_1735                                                           |   8|   0|    8|          0|
    |leftWin_2_reg_4205                                                             |   8|   0|    8|          0|
    |leftWin_3_reg_4210                                                             |   8|   0|    8|          0|
    |leftWin_4_1_reg_1725                                                           |   8|   0|    8|          0|
    |leftWin_4_reg_4215                                                             |   8|   0|    8|          0|
    |leftWin_5_1_reg_1715                                                           |   8|   0|    8|          0|
    |leftWin_5_reg_4220                                                             |   8|   0|    8|          0|
    |leftWin_6_fu_386                                                               |   8|   0|    8|          0|
    |leftWin_7_1_reg_1705                                                           |   8|   0|    8|          0|
    |leftWin_7_fu_390                                                               |   8|   0|    8|          0|
    |leftWin_8_1_reg_1695                                                           |   8|   0|    8|          0|
    |leftWin_8_fu_394                                                               |   8|   0|    8|          0|
    |leftWin_9_fu_398                                                               |   8|   0|    8|          0|
    |leftWin_reg_4200                                                               |   8|   0|    8|          0|
    |lshr_ln1_reg_4468                                                              |  13|   0|   13|          0|
    |minPrevLR_0_reg_1361                                                           |  12|   0|   12|          0|
    |minPrevLR_1_reg_1767                                                           |  12|   0|   12|          0|
    |minPrevLR_reg_4840                                                             |  12|   0|   12|          0|
    |minPrevT_addr_1_reg_4473                                                       |   9|   0|    9|          0|
    |minPrevT_load_reg_4675                                                         |  12|   0|   12|          0|
    |p_ZZ10sgm_kernelP7ap_uintILi32EES1_S1_E9prevCostL_10                           |  12|   0|   12|          0|
    |p_ZZ10sgm_kernelP7ap_uintILi32EES1_S1_E9prevCostL_11                           |  12|   0|   12|          0|
    |p_ZZ10sgm_kernelP7ap_uintILi32EES1_S1_E9prevCostL_12                           |  12|   0|   12|          0|
    |p_ZZ10sgm_kernelP7ap_uintILi32EES1_S1_E9prevCostL_13                           |  12|   0|   12|          0|
    |p_ZZ10sgm_kernelP7ap_uintILi32EES1_S1_E9prevCostL_14                           |  12|   0|   12|          0|
    |p_ZZ10sgm_kernelP7ap_uintILi32EES1_S1_E9prevCostL_15                           |  12|   0|   12|          0|
    |p_ZZ10sgm_kernelP7ap_uintILi32EES1_S1_E9prevCostL_16                           |  12|   0|   12|          0|
    |p_ZZ10sgm_kernelP7ap_uintILi32EES1_S1_E9prevCostL_17                           |  12|   0|   12|          0|
    |p_ZZ10sgm_kernelP7ap_uintILi32EES1_S1_E9prevCostL_18                           |  12|   0|   12|          0|
    |p_ZZ10sgm_kernelP7ap_uintILi32EES1_S1_E9prevCostL_19                           |  12|   0|   12|          0|
    |p_ZZ10sgm_kernelP7ap_uintILi32EES1_S1_E9prevCostL_20                           |  12|   0|   12|          0|
    |p_ZZ10sgm_kernelP7ap_uintILi32EES1_S1_E9prevCostL_21                           |  12|   0|   12|          0|
    |p_ZZ10sgm_kernelP7ap_uintILi32EES1_S1_E9prevCostL_22                           |  12|   0|   12|          0|
    |p_ZZ10sgm_kernelP7ap_uintILi32EES1_S1_E9prevCostL_23                           |  12|   0|   12|          0|
    |p_ZZ10sgm_kernelP7ap_uintILi32EES1_S1_E9prevCostL_24                           |  12|   0|   12|          0|
    |p_ZZ10sgm_kernelP7ap_uintILi32EES1_S1_E9prevCostL_25                           |  12|   0|   12|          0|
    |p_ZZ10sgm_kernelP7ap_uintILi32EES1_S1_E9prevCostL_26                           |  12|   0|   12|          0|
    |p_ZZ10sgm_kernelP7ap_uintILi32EES1_S1_E9prevCostL_27                           |  12|   0|   12|          0|
    |p_ZZ10sgm_kernelP7ap_uintILi32EES1_S1_E9prevCostL_28                           |  12|   0|   12|          0|
    |p_ZZ10sgm_kernelP7ap_uintILi32EES1_S1_E9prevCostL_29                           |  12|   0|   12|          0|
    |p_ZZ10sgm_kernelP7ap_uintILi32EES1_S1_E9prevCostL_30                           |  12|   0|   12|          0|
    |p_ZZ10sgm_kernelP7ap_uintILi32EES1_S1_E9prevCostL_31                           |  12|   0|   12|          0|
    |p_ZZ10sgm_kernelP7ap_uintILi32EES1_S1_E9prevCostT_10_addr_reg_4538             |   9|   0|    9|          0|
    |p_ZZ10sgm_kernelP7ap_uintILi32EES1_S1_E9prevCostT_10_load_reg_4730             |  12|   0|   12|          0|
    |p_ZZ10sgm_kernelP7ap_uintILi32EES1_S1_E9prevCostT_11_addr_reg_4544             |   9|   0|    9|          0|
    |p_ZZ10sgm_kernelP7ap_uintILi32EES1_S1_E9prevCostT_12_addr_reg_4550             |   9|   0|    9|          0|
    |p_ZZ10sgm_kernelP7ap_uintILi32EES1_S1_E9prevCostT_13_addr_reg_4556             |   9|   0|    9|          0|
    |p_ZZ10sgm_kernelP7ap_uintILi32EES1_S1_E9prevCostT_14_addr_reg_4562             |   9|   0|    9|          0|
    |p_ZZ10sgm_kernelP7ap_uintILi32EES1_S1_E9prevCostT_16_addr_reg_4574             |   9|   0|    9|          0|
    |p_ZZ10sgm_kernelP7ap_uintILi32EES1_S1_E9prevCostT_16_load_reg_4760             |  12|   0|   12|          0|
    |p_ZZ10sgm_kernelP7ap_uintILi32EES1_S1_E9prevCostT_17_addr_reg_4580             |   9|   0|    9|          0|
    |p_ZZ10sgm_kernelP7ap_uintILi32EES1_S1_E9prevCostT_17_load_reg_4765             |  12|   0|   12|          0|
    |p_ZZ10sgm_kernelP7ap_uintILi32EES1_S1_E9prevCostT_18_addr_reg_4586             |   9|   0|    9|          0|
    |p_ZZ10sgm_kernelP7ap_uintILi32EES1_S1_E9prevCostT_18_load_reg_4770             |  12|   0|   12|          0|
    |p_ZZ10sgm_kernelP7ap_uintILi32EES1_S1_E9prevCostT_19_addr_reg_4592             |   9|   0|    9|          0|
    |p_ZZ10sgm_kernelP7ap_uintILi32EES1_S1_E9prevCostT_19_load_reg_4775             |  12|   0|   12|          0|
    |p_ZZ10sgm_kernelP7ap_uintILi32EES1_S1_E9prevCostT_20_addr_reg_4598             |   9|   0|    9|          0|
    |p_ZZ10sgm_kernelP7ap_uintILi32EES1_S1_E9prevCostT_20_load_reg_4780             |  12|   0|   12|          0|
    |p_ZZ10sgm_kernelP7ap_uintILi32EES1_S1_E9prevCostT_21_addr_reg_4604             |   9|   0|    9|          0|
    |p_ZZ10sgm_kernelP7ap_uintILi32EES1_S1_E9prevCostT_22_addr_reg_4610             |   9|   0|    9|          0|
    |p_ZZ10sgm_kernelP7ap_uintILi32EES1_S1_E9prevCostT_23_addr_reg_4616             |   9|   0|    9|          0|
    |p_ZZ10sgm_kernelP7ap_uintILi32EES1_S1_E9prevCostT_24_addr_reg_4622             |   9|   0|    9|          0|
    |p_ZZ10sgm_kernelP7ap_uintILi32EES1_S1_E9prevCostT_26_addr_reg_4634             |   9|   0|    9|          0|
    |p_ZZ10sgm_kernelP7ap_uintILi32EES1_S1_E9prevCostT_26_load_reg_4810             |  12|   0|   12|          0|
    |p_ZZ10sgm_kernelP7ap_uintILi32EES1_S1_E9prevCostT_27_addr_reg_4640             |   9|   0|    9|          0|
    |p_ZZ10sgm_kernelP7ap_uintILi32EES1_S1_E9prevCostT_27_load_reg_4815             |  12|   0|   12|          0|
    |p_ZZ10sgm_kernelP7ap_uintILi32EES1_S1_E9prevCostT_28_addr_reg_4646             |   9|   0|    9|          0|
    |p_ZZ10sgm_kernelP7ap_uintILi32EES1_S1_E9prevCostT_28_load_reg_4820             |  12|   0|   12|          0|
    |p_ZZ10sgm_kernelP7ap_uintILi32EES1_S1_E9prevCostT_29_addr_reg_4652             |   9|   0|    9|          0|
    |p_ZZ10sgm_kernelP7ap_uintILi32EES1_S1_E9prevCostT_29_load_reg_4825             |  12|   0|   12|          0|
    |p_ZZ10sgm_kernelP7ap_uintILi32EES1_S1_E9prevCostT_30_addr_reg_4658             |   9|   0|    9|          0|
    |p_ZZ10sgm_kernelP7ap_uintILi32EES1_S1_E9prevCostT_30_load_reg_4830             |  12|   0|   12|          0|
    |p_ZZ10sgm_kernelP7ap_uintILi32EES1_S1_E9prevCostT_31_addr_reg_4664             |   9|   0|    9|          0|
    |p_shl1_reg_4165                                                                |   7|   0|   13|          6|
    |p_shl_reg_4160                                                                 |   7|   0|   15|          8|
    |packets_valid_load_reg_4670                                                    |   1|   0|    1|          0|
    |r_1_reg_3913                                                                   |   7|   0|    7|          0|
    |r_fu_382                                                                       |   7|   0|    7|          0|
    |rightCensusHistory_10_1_reg_1585                                               |   8|   0|    8|          0|
    |rightCensusHistory_10_reg_4284                                                 |   8|   0|    8|          0|
    |rightCensusHistory_1130_reg_1685                                               |   8|   0|    8|          0|
    |rightCensusHistory_11_1_reg_1575                                               |   8|   0|    8|          0|
    |rightCensusHistory_11_reg_4290                                                 |   8|   0|    8|          0|
    |rightCensusHistory_12_1_reg_1565                                               |   8|   0|    8|          0|
    |rightCensusHistory_12_reg_4296                                                 |   8|   0|    8|          0|
    |rightCensusHistory_13_1_reg_1555                                               |   8|   0|    8|          0|
    |rightCensusHistory_13_reg_4302                                                 |   8|   0|    8|          0|
    |rightCensusHistory_14_1_reg_1545                                               |   8|   0|    8|          0|
    |rightCensusHistory_14_reg_4308                                                 |   8|   0|    8|          0|
    |rightCensusHistory_15_1_reg_1535                                               |   8|   0|    8|          0|
    |rightCensusHistory_15_reg_4314                                                 |   8|   0|    8|          0|
    |rightCensusHistory_16_1_reg_1525                                               |   8|   0|    8|          0|
    |rightCensusHistory_16_reg_4320                                                 |   8|   0|    8|          0|
    |rightCensusHistory_17_1_reg_1515                                               |   8|   0|    8|          0|
    |rightCensusHistory_17_reg_4326                                                 |   8|   0|    8|          0|
    |rightCensusHistory_18_1_reg_1505                                               |   8|   0|    8|          0|
    |rightCensusHistory_18_reg_4332                                                 |   8|   0|    8|          0|
    |rightCensusHistory_19_1_reg_1495                                               |   8|   0|    8|          0|
    |rightCensusHistory_19_reg_4338                                                 |   8|   0|    8|          0|
    |rightCensusHistory_1_1_reg_1675                                                |   8|   0|    8|          0|
    |rightCensusHistory_1_reg_4230                                                  |   8|   0|    8|          0|
    |rightCensusHistory_20_1_reg_1485                                               |   8|   0|    8|          0|
    |rightCensusHistory_20_reg_4344                                                 |   8|   0|    8|          0|
    |rightCensusHistory_21_1_reg_1475                                               |   8|   0|    8|          0|
    |rightCensusHistory_21_reg_4350                                                 |   8|   0|    8|          0|
    |rightCensusHistory_22_1_reg_1465                                               |   8|   0|    8|          0|
    |rightCensusHistory_22_reg_4356                                                 |   8|   0|    8|          0|
    |rightCensusHistory_23_1_reg_1455                                               |   8|   0|    8|          0|
    |rightCensusHistory_23_reg_4362                                                 |   8|   0|    8|          0|
    |rightCensusHistory_24_1_reg_1445                                               |   8|   0|    8|          0|
    |rightCensusHistory_24_reg_4368                                                 |   8|   0|    8|          0|
    |rightCensusHistory_25_1_reg_1435                                               |   8|   0|    8|          0|
    |rightCensusHistory_25_reg_4374                                                 |   8|   0|    8|          0|
    |rightCensusHistory_26_1_reg_1425                                               |   8|   0|    8|          0|
    |rightCensusHistory_26_reg_4380                                                 |   8|   0|    8|          0|
    |rightCensusHistory_27_1_reg_1415                                               |   8|   0|    8|          0|
    |rightCensusHistory_27_reg_4386                                                 |   8|   0|    8|          0|
    |rightCensusHistory_28_1_reg_1405                                               |   8|   0|    8|          0|
    |rightCensusHistory_28_reg_4392                                                 |   8|   0|    8|          0|
    |rightCensusHistory_29_1_reg_1395                                               |   8|   0|    8|          0|
    |rightCensusHistory_29_reg_4398                                                 |   8|   0|    8|          0|
    |rightCensusHistory_2_1_reg_1665                                                |   8|   0|    8|          0|
    |rightCensusHistory_2_reg_4236                                                  |   8|   0|    8|          0|
    |rightCensusHistory_30_1_reg_1385                                               |   8|   0|    8|          0|
    |rightCensusHistory_30_reg_4404                                                 |   8|   0|    8|          0|
    |rightCensusHistory_31_reg_4410                                                 |   8|   0|    8|          0|
    |rightCensusHistory_3_1_reg_1655                                                |   8|   0|    8|          0|
    |rightCensusHistory_3_reg_4242                                                  |   8|   0|    8|          0|
    |rightCensusHistory_4_1_reg_1645                                                |   8|   0|    8|          0|
    |rightCensusHistory_4_reg_4248                                                  |   8|   0|    8|          0|
    |rightCensusHistory_5_1_reg_1635                                                |   8|   0|    8|          0|
    |rightCensusHistory_5_reg_4254                                                  |   8|   0|    8|          0|
    |rightCensusHistory_63_fu_414                                                   |   8|   0|    8|          0|
    |rightCensusHistory_64_fu_418                                                   |   8|   0|    8|          0|
    |rightCensusHistory_65_fu_422                                                   |   8|   0|    8|          0|
    |rightCensusHistory_66_fu_426                                                   |   8|   0|    8|          0|
    |rightCensusHistory_67_fu_430                                                   |   8|   0|    8|          0|
    |rightCensusHistory_68_fu_434                                                   |   8|   0|    8|          0|
    |rightCensusHistory_69_fu_438                                                   |   8|   0|    8|          0|
    |rightCensusHistory_6_1_reg_1625                                                |   8|   0|    8|          0|
    |rightCensusHistory_6_reg_4260                                                  |   8|   0|    8|          0|
    |rightCensusHistory_70_fu_442                                                   |   8|   0|    8|          0|
    |rightCensusHistory_71_fu_446                                                   |   8|   0|    8|          0|
    |rightCensusHistory_72_fu_450                                                   |   8|   0|    8|          0|
    |rightCensusHistory_73_fu_454                                                   |   8|   0|    8|          0|
    |rightCensusHistory_74_fu_458                                                   |   8|   0|    8|          0|
    |rightCensusHistory_75_fu_462                                                   |   8|   0|    8|          0|
    |rightCensusHistory_76_fu_466                                                   |   8|   0|    8|          0|
    |rightCensusHistory_77_fu_470                                                   |   8|   0|    8|          0|
    |rightCensusHistory_78_fu_474                                                   |   8|   0|    8|          0|
    |rightCensusHistory_79_fu_478                                                   |   8|   0|    8|          0|
    |rightCensusHistory_7_1_reg_1615                                                |   8|   0|    8|          0|
    |rightCensusHistory_7_reg_4266                                                  |   8|   0|    8|          0|
    |rightCensusHistory_80_fu_482                                                   |   8|   0|    8|          0|
    |rightCensusHistory_81_fu_486                                                   |   8|   0|    8|          0|
    |rightCensusHistory_82_fu_490                                                   |   8|   0|    8|          0|
    |rightCensusHistory_83_fu_494                                                   |   8|   0|    8|          0|
    |rightCensusHistory_84_fu_498                                                   |   8|   0|    8|          0|
    |rightCensusHistory_85_fu_502                                                   |   8|   0|    8|          0|
    |rightCensusHistory_86_fu_506                                                   |   8|   0|    8|          0|
    |rightCensusHistory_87_fu_510                                                   |   8|   0|    8|          0|
    |rightCensusHistory_88_fu_514                                                   |   8|   0|    8|          0|
    |rightCensusHistory_89_fu_518                                                   |   8|   0|    8|          0|
    |rightCensusHistory_8_1_reg_1605                                                |   8|   0|    8|          0|
    |rightCensusHistory_8_reg_4272                                                  |   8|   0|    8|          0|
    |rightCensusHistory_90_fu_522                                                   |   8|   0|    8|          0|
    |rightCensusHistory_91_fu_526                                                   |   8|   0|    8|          0|
    |rightCensusHistory_92_fu_530                                                   |   8|   0|    8|          0|
    |rightCensusHistory_93_reg_4195                                                 |   8|   0|    8|          0|
    |rightCensusHistory_9_1_reg_1595                                                |   8|   0|    8|          0|
    |rightCensusHistory_9_reg_4278                                                  |   8|   0|    8|          0|
    |rightCensusHistory_fu_410                                                      |   8|   0|    8|          0|
    |right_wr_0_reg_1373                                                            |  32|   0|   32|          0|
    |right_wr_reg_4416                                                              |  32|   0|   32|          0|
    |sgm_kernel_ap_uint_32_ap_uint_32_ap_uint_32_prevCostL                          |  12|   0|   12|          0|
    |sgm_kernel_ap_uint_32_ap_uint_32_ap_uint_32_prevCostL_1                        |  12|   0|   12|          0|
    |sgm_kernel_ap_uint_32_ap_uint_32_ap_uint_32_prevCostL_2                        |  12|   0|   12|          0|
    |sgm_kernel_ap_uint_32_ap_uint_32_ap_uint_32_prevCostL_3                        |  12|   0|   12|          0|
    |sgm_kernel_ap_uint_32_ap_uint_32_ap_uint_32_prevCostL_4                        |  12|   0|   12|          0|
    |sgm_kernel_ap_uint_32_ap_uint_32_ap_uint_32_prevCostL_5                        |  12|   0|   12|          0|
    |sgm_kernel_ap_uint_32_ap_uint_32_ap_uint_32_prevCostL_6                        |  12|   0|   12|          0|
    |sgm_kernel_ap_uint_32_ap_uint_32_ap_uint_32_prevCostL_7                        |  12|   0|   12|          0|
    |sgm_kernel_ap_uint_32_ap_uint_32_ap_uint_32_prevCostL_8                        |  12|   0|   12|          0|
    |sgm_kernel_ap_uint_32_ap_uint_32_ap_uint_32_prevCostL_9                        |  12|   0|   12|          0|
    |sgm_kernel_ap_uint_32_ap_uint_32_ap_uint_32_prevCostT_10_addr_reg_4484         |   9|   0|    9|          0|
    |sgm_kernel_ap_uint_32_ap_uint_32_ap_uint_32_prevCostT_10_load_reg_4685         |  12|   0|   12|          0|
    |sgm_kernel_ap_uint_32_ap_uint_32_ap_uint_32_prevCostT_11_addr_reg_4490         |   9|   0|    9|          0|
    |sgm_kernel_ap_uint_32_ap_uint_32_ap_uint_32_prevCostT_11_load_reg_4690         |  12|   0|   12|          0|
    |sgm_kernel_ap_uint_32_ap_uint_32_ap_uint_32_prevCostT_12_addr_reg_4496         |   9|   0|    9|          0|
    |sgm_kernel_ap_uint_32_ap_uint_32_ap_uint_32_prevCostT_12_load_reg_4695         |  12|   0|   12|          0|
    |sgm_kernel_ap_uint_32_ap_uint_32_ap_uint_32_prevCostT_13_addr_reg_4502         |   9|   0|    9|          0|
    |sgm_kernel_ap_uint_32_ap_uint_32_ap_uint_32_prevCostT_13_load_reg_4700         |  12|   0|   12|          0|
    |sgm_kernel_ap_uint_32_ap_uint_32_ap_uint_32_prevCostT_14_addr_reg_4508         |   9|   0|    9|          0|
    |sgm_kernel_ap_uint_32_ap_uint_32_ap_uint_32_prevCostT_14_load_reg_4705         |  12|   0|   12|          0|
    |sgm_kernel_ap_uint_32_ap_uint_32_ap_uint_32_prevCostT_15_addr_reg_4514         |   9|   0|    9|          0|
    |sgm_kernel_ap_uint_32_ap_uint_32_ap_uint_32_prevCostT_15_load_reg_4710         |  12|   0|   12|          0|
    |sgm_kernel_ap_uint_32_ap_uint_32_ap_uint_32_prevCostT_16_addr_reg_4520         |   9|   0|    9|          0|
    |sgm_kernel_ap_uint_32_ap_uint_32_ap_uint_32_prevCostT_16_load_reg_4715         |  12|   0|   12|          0|
    |sgm_kernel_ap_uint_32_ap_uint_32_ap_uint_32_prevCostT_17_addr_reg_4526         |   9|   0|    9|          0|
    |sgm_kernel_ap_uint_32_ap_uint_32_ap_uint_32_prevCostT_17_load_reg_4720         |  12|   0|   12|          0|
    |sgm_kernel_ap_uint_32_ap_uint_32_ap_uint_32_prevCostT_18_addr_reg_4532         |   9|   0|    9|          0|
    |sgm_kernel_ap_uint_32_ap_uint_32_ap_uint_32_prevCostT_18_load_reg_4725         |  12|   0|   12|          0|
    |sgm_kernel_ap_uint_32_ap_uint_32_ap_uint_32_prevCostT_44_reg_4628              |   9|   0|    9|          0|
    |sgm_kernel_ap_uint_32_ap_uint_32_ap_uint_32_prevCostT_45_reg_4735              |  12|   0|   12|          0|
    |sgm_kernel_ap_uint_32_ap_uint_32_ap_uint_32_prevCostT_46_reg_4740              |  12|   0|   12|          0|
    |sgm_kernel_ap_uint_32_ap_uint_32_ap_uint_32_prevCostT_47_reg_4745              |  12|   0|   12|          0|
    |sgm_kernel_ap_uint_32_ap_uint_32_ap_uint_32_prevCostT_48_reg_4750              |  12|   0|   12|          0|
    |sgm_kernel_ap_uint_32_ap_uint_32_ap_uint_32_prevCostT_49_reg_4755              |  12|   0|   12|          0|
    |sgm_kernel_ap_uint_32_ap_uint_32_ap_uint_32_prevCostT_50_reg_4785              |  12|   0|   12|          0|
    |sgm_kernel_ap_uint_32_ap_uint_32_ap_uint_32_prevCostT_51_reg_4790              |  12|   0|   12|          0|
    |sgm_kernel_ap_uint_32_ap_uint_32_ap_uint_32_prevCostT_52_reg_4795              |  12|   0|   12|          0|
    |sgm_kernel_ap_uint_32_ap_uint_32_ap_uint_32_prevCostT_53_reg_4800              |  12|   0|   12|          0|
    |sgm_kernel_ap_uint_32_ap_uint_32_ap_uint_32_prevCostT_54_reg_4805              |  12|   0|   12|          0|
    |sgm_kernel_ap_uint_32_ap_uint_32_ap_uint_32_prevCostT_55_reg_4835              |  12|   0|   12|          0|
    |sgm_kernel_ap_uint_32_ap_uint_32_ap_uint_32_prevCostT_addr_reg_4478            |   9|   0|    9|          0|
    |sgm_kernel_ap_uint_32_ap_uint_32_ap_uint_32_prevCostT_load_reg_4680            |  12|   0|   12|          0|
    |sgm_kernel_ap_uint_32_ap_uint_32_ap_uint_32_prevCostT_reg_4568                 |   9|   0|    9|          0|
    |trunc_ln582_reg_4462                                                           |   2|   0|    2|          0|
    |zext_ln570_reg_4421                                                            |   9|   0|   64|         55|
    +-------------------------------------------------------------------------------+----+----+-----+-----------+
    |Total                                                                          |2312|   0| 2389|         77|
    +-------------------------------------------------------------------------------+----+----+-----+-----------+



================================================================
== Interface
================================================================
* Summary: 
+-----------------------+-----+-----+------------+--------------+--------------+
|       RTL Ports       | Dir | Bits|  Protocol  | Source Object|    C Type    |
+-----------------------+-----+-----+------------+--------------+--------------+
|s_axi_control_AWVALID  |   in|    1|       s_axi|       control|   return void|
|s_axi_control_AWREADY  |  out|    1|       s_axi|       control|   return void|
|s_axi_control_AWADDR   |   in|    4|       s_axi|       control|   return void|
|s_axi_control_WVALID   |   in|    1|       s_axi|       control|   return void|
|s_axi_control_WREADY   |  out|    1|       s_axi|       control|   return void|
|s_axi_control_WDATA    |   in|   32|       s_axi|       control|   return void|
|s_axi_control_WSTRB    |   in|    4|       s_axi|       control|   return void|
|s_axi_control_ARVALID  |   in|    1|       s_axi|       control|   return void|
|s_axi_control_ARREADY  |  out|    1|       s_axi|       control|   return void|
|s_axi_control_ARADDR   |   in|    4|       s_axi|       control|   return void|
|s_axi_control_RVALID   |  out|    1|       s_axi|       control|   return void|
|s_axi_control_RREADY   |   in|    1|       s_axi|       control|   return void|
|s_axi_control_RDATA    |  out|   32|       s_axi|       control|   return void|
|s_axi_control_RRESP    |  out|    2|       s_axi|       control|   return void|
|s_axi_control_BVALID   |  out|    1|       s_axi|       control|   return void|
|s_axi_control_BREADY   |   in|    1|       s_axi|       control|   return void|
|s_axi_control_BRESP    |  out|    2|       s_axi|       control|   return void|
|ap_clk                 |   in|    1|  ap_ctrl_hs|    sgm_kernel|  return value|
|ap_rst_n               |   in|    1|  ap_ctrl_hs|    sgm_kernel|  return value|
|interrupt              |  out|    1|  ap_ctrl_hs|    sgm_kernel|  return value|
|left_r_Addr_A          |  out|   32|        bram|        left_r|         array|
|left_r_EN_A            |  out|    1|        bram|        left_r|         array|
|left_r_WEN_A           |  out|    4|        bram|        left_r|         array|
|left_r_Din_A           |  out|   32|        bram|        left_r|         array|
|left_r_Dout_A          |   in|   32|        bram|        left_r|         array|
|left_r_Clk_A           |  out|    1|        bram|        left_r|         array|
|left_r_Rst_A           |  out|    1|        bram|        left_r|         array|
|right_r_Addr_A         |  out|   32|        bram|       right_r|         array|
|right_r_EN_A           |  out|    1|        bram|       right_r|         array|
|right_r_WEN_A          |  out|    4|        bram|       right_r|         array|
|right_r_Din_A          |  out|   32|        bram|       right_r|         array|
|right_r_Dout_A         |   in|   32|        bram|       right_r|         array|
|right_r_Clk_A          |  out|    1|        bram|       right_r|         array|
|right_r_Rst_A          |  out|    1|        bram|       right_r|         array|
|disp_Addr_A            |  out|   32|        bram|          disp|         array|
|disp_EN_A              |  out|    1|        bram|          disp|         array|
|disp_WEN_A             |  out|    4|        bram|          disp|         array|
|disp_Din_A             |  out|   32|        bram|          disp|         array|
|disp_Dout_A            |   in|   32|        bram|          disp|         array|
|disp_Clk_A             |  out|    1|        bram|          disp|         array|
|disp_Rst_A             |  out|    1|        bram|          disp|         array|
+-----------------------+-----+-----+------------+--------------+--------------+

