

================================================================
== Vitis HLS Report for 'sgm_kernel'
================================================================
* Date:           Sun Sep 27 07:04:31 2026

* Version:        2023.1 (Build 3854077 on May  4 2023)
* Project:        sgm_kernel
* Solution:       solution1 (Vivado IP Flow Target)
* Product family: zynq
* Target device:  xc7z010-clg400-1


================================================================
== Performance Estimates
================================================================
+ Timing: 
    * Summary: 
    +--------+----------+----------+------------+
    |  Clock |  Target  | Estimated| Uncertainty|
    +--------+----------+----------+------------+
    |ap_clk  |  10.00 ns|  7.073 ns|     2.70 ns|
    +--------+----------+----------+------------+

+ Latency: 
    * Summary: 
    +---------+---------+----------+-----------+--------+---------+---------+
    |  Latency (cycles) |  Latency (absolute)  |     Interval     | Pipeline|
    |   min   |   max   |    min   |    max    |   min  |   max   |   Type  |
    +---------+---------+----------+-----------+--------+---------+---------+
    |   566404|  1795204|  5.664 ms|  17.952 ms|  566405|  1795205|       no|
    +---------+---------+----------+-----------+--------+---------+---------+

    + Detail: 
        * Instance: 
        +------------------------------------------------------------------+------------------------------------------------------+---------+---------+----------+----------+-----+-----+----------+
        |                                                                  |                                                      |  Latency (cycles) |  Latency (absolute) |  Interval | Pipeline |
        |                             Instance                             |                        Module                        |   min   |   max   |    min   |    max   | min | max |   Type   |
        +------------------------------------------------------------------+------------------------------------------------------+---------+---------+----------+----------+-----+-----+----------+
        |grp_sgm_kernel_Pipeline_InitBuf_VITIS_LOOP_503_1_fu_1188          |sgm_kernel_Pipeline_InitBuf_VITIS_LOOP_503_1          |      962|      962|  9.620 us|  9.620 us|  962|  962|        no|
        |grp_sgm_kernel_Pipeline_VITIS_LOOP_546_2_fu_1204                  |sgm_kernel_Pipeline_VITIS_LOOP_546_2                  |       18|       18|  0.180 us|  0.180 us|   18|   18|        no|
        |grp_sgm_kernel_Pipeline_ResetCosts_fu_1270                        |sgm_kernel_Pipeline_ResetCosts                        |       18|       18|  0.180 us|  0.180 us|   18|   18|        no|
        |grp_sgm_kernel_Pipeline_InitTBRowD_fu_1338                        |sgm_kernel_Pipeline_InitTBRowD                        |       18|       18|  0.180 us|  0.180 us|   18|   18|        no|
        |grp_sgm_kernel_Pipeline_InitLeftWin_VITIS_LOOP_579_3_fu_1408      |sgm_kernel_Pipeline_InitLeftWin_VITIS_LOOP_579_3      |       11|       11|  0.110 us|  0.110 us|   11|   11|        no|
        |grp_sgm_kernel_Pipeline_InitRightStripe_VITIS_LOOP_588_4_fu_1424  |sgm_kernel_Pipeline_InitRightStripe_VITIS_LOOP_588_4  |      104|      104|  1.040 us|  1.040 us|  104|  104|        no|
        |grp_prepare_census_column_fu_1431                                 |prepare_census_column                                 |       14|       14|  0.140 us|  0.140 us|   14|   14|        no|
        |grp_process_cost_groups_fu_1527                                   |process_cost_groups                                   |       17|       17|  0.170 us|  0.170 us|   17|   17|  dataflow|
        +------------------------------------------------------------------+------------------------------------------------------+---------+---------+----------+----------+-----+-----+----------+

        * Loop: 
        +---------------------+---------+---------+--------------+-----------+-----------+------+----------+
        |                     |  Latency (cycles) |   Iteration  |  Initiation Interval  | Trip |          |
        |      Loop Name      |   min   |   max   |    Latency   |  achieved |   target  | Count| Pipelined|
        +---------------------+---------+---------+--------------+-----------+-----------+------+----------+
        |- Row                |   565440|  1794240|  5890 ~ 18690|          -|          -|    96|        no|
        | + InitTBRow         |     6400|     6400|            20|          -|          -|   320|        no|
        | + VITIS_LOOP_596_5  |     5761|    12161|       18 ~ 38|          -|          -|   320|        no|
        +---------------------+---------+---------+--------------+-----------+-----------+------+----------+



================================================================
== Utilization Estimates
================================================================
* Summary: 
+-----------------+---------+----+-------+-------+-----+
|       Name      | BRAM_18K| DSP|   FF  |  LUT  | URAM|
+-----------------+---------+----+-------+-------+-----+
|DSP              |        -|   -|      -|      -|    -|
|Expression       |        -|   -|      0|    510|    -|
|FIFO             |        -|   -|      -|      -|    -|
|Instance         |        0|   -|   3654|   6457|    -|
|Memory           |       39|   -|     48|     15|    0|
|Multiplexer      |        -|   -|      -|   3483|    -|
|Register         |        -|   -|   1591|      -|    -|
+-----------------+---------+----+-------+-------+-----+
|Total            |       39|   0|   5293|  10465|    0|
+-----------------+---------+----+-------+-------+-----+
|Available        |      120|  80|  35200|  17600|    0|
+-----------------+---------+----+-------+-------+-----+
|Utilization (%)  |       32|   0|     15|     59|    0|
+-----------------+---------+----+-------+-------+-----+

+ Detail: 
    * Instance: 
    +------------------------------------------------------------------+------------------------------------------------------+---------+----+------+------+-----+
    |                             Instance                             |                        Module                        | BRAM_18K| DSP|  FF  |  LUT | URAM|
    +------------------------------------------------------------------+------------------------------------------------------+---------+----+------+------+-----+
    |control_s_axi_U                                                   |control_s_axi                                         |        0|   0|    36|    40|    0|
    |grp_prepare_census_column_fu_1431                                 |prepare_census_column                                 |        0|   0|   676|  1382|    0|
    |grp_process_cost_groups_fu_1527                                   |process_cost_groups                                   |        0|   0|  2560|  4156|    0|
    |grp_sgm_kernel_Pipeline_InitBuf_VITIS_LOOP_503_1_fu_1188          |sgm_kernel_Pipeline_InitBuf_VITIS_LOOP_503_1          |        0|   0|    35|   149|    0|
    |grp_sgm_kernel_Pipeline_InitLeftWin_VITIS_LOOP_579_3_fu_1408      |sgm_kernel_Pipeline_InitLeftWin_VITIS_LOOP_579_3      |        0|   0|    58|   189|    0|
    |grp_sgm_kernel_Pipeline_InitRightStripe_VITIS_LOOP_588_4_fu_1424  |sgm_kernel_Pipeline_InitRightStripe_VITIS_LOOP_588_4  |        0|   0|    17|   137|    0|
    |grp_sgm_kernel_Pipeline_InitTBRowD_fu_1338                        |sgm_kernel_Pipeline_InitTBRowD                        |        0|   0|     8|    41|    0|
    |grp_sgm_kernel_Pipeline_ResetCosts_fu_1270                        |sgm_kernel_Pipeline_ResetCosts                        |        0|   0|     8|    41|    0|
    |grp_sgm_kernel_Pipeline_VITIS_LOOP_546_2_fu_1204                  |sgm_kernel_Pipeline_VITIS_LOOP_546_2                  |        0|   0|   256|   322|    0|
    +------------------------------------------------------------------+------------------------------------------------------+---------+----+------+------+-----+
    |Total                                                             |                                                      |        0|   0|  3654|  6457|    0|
    +------------------------------------------------------------------+------------------------------------------------------+---------+----+------+------+-----+

    * DSP: 
    N/A

    * Memory: 
    +------------------------------------------------------------+------------------------------------------------------------------------+---------+----+----+-----+------+-----+------+-------------+
    |                           Memory                           |                                 Module                                 | BRAM_18K| FF | LUT| URAM| Words| Bits| Banks| W*Bits*Banks|
    +------------------------------------------------------------+------------------------------------------------------------------------+---------+----+----+-----+------+-----+------+-------------+
    |bufL_U                                                      |bufL_RAM_AUTO_1R1W                                                      |        1|   0|   0|    0|   320|    8|     1|         2560|
    |bufL_1_U                                                    |bufL_RAM_AUTO_1R1W                                                      |        1|   0|   0|    0|   320|    8|     1|         2560|
    |bufL_2_U                                                    |bufL_RAM_AUTO_1R1W                                                      |        1|   0|   0|    0|   320|    8|     1|         2560|
    |bufR_U                                                      |bufL_RAM_AUTO_1R1W                                                      |        1|   0|   0|    0|   320|    8|     1|         2560|
    |bufR_1_U                                                    |bufL_RAM_AUTO_1R1W                                                      |        1|   0|   0|    0|   320|    8|     1|         2560|
    |bufR_2_U                                                    |bufL_RAM_AUTO_1R1W                                                      |        1|   0|   0|    0|   320|    8|     1|         2560|
    |minPrevT_U                                                  |minPrevT_RAM_AUTO_1R1W                                                  |        1|   0|   0|    0|   320|   12|     1|         3840|
    |rightStripe_U                                               |rightStripe_RAM_AUTO_1R1W                                               |        0|  16|   5|    0|    34|    8|     1|          272|
    |rightStripe_1_U                                             |rightStripe_RAM_AUTO_1R1W                                               |        0|  16|   5|    0|    34|    8|     1|          272|
    |rightStripe_2_U                                             |rightStripe_RAM_AUTO_1R1W                                               |        0|  16|   5|    0|    34|    8|     1|          272|
    |sgm_kernel_ap_uint_32_ap_uint_32_ap_uint_32_prevCostT_U     |sgm_kernel_ap_uint_32_ap_uint_32_ap_uint_32_prevCostT_RAM_2P_BRAM_1R1W  |        1|   0|   0|    0|   320|   12|     1|         3840|
    |sgm_kernel_ap_uint_32_ap_uint_32_ap_uint_32_prevCostT_10_U  |sgm_kernel_ap_uint_32_ap_uint_32_ap_uint_32_prevCostT_RAM_2P_BRAM_1R1W  |        1|   0|   0|    0|   320|   12|     1|         3840|
    |sgm_kernel_ap_uint_32_ap_uint_32_ap_uint_32_prevCostT_11_U  |sgm_kernel_ap_uint_32_ap_uint_32_ap_uint_32_prevCostT_RAM_2P_BRAM_1R1W  |        1|   0|   0|    0|   320|   12|     1|         3840|
    |sgm_kernel_ap_uint_32_ap_uint_32_ap_uint_32_prevCostT_12_U  |sgm_kernel_ap_uint_32_ap_uint_32_ap_uint_32_prevCostT_RAM_2P_BRAM_1R1W  |        1|   0|   0|    0|   320|   12|     1|         3840|
    |sgm_kernel_ap_uint_32_ap_uint_32_ap_uint_32_prevCostT_13_U  |sgm_kernel_ap_uint_32_ap_uint_32_ap_uint_32_prevCostT_RAM_2P_BRAM_1R1W  |        1|   0|   0|    0|   320|   12|     1|         3840|
    |sgm_kernel_ap_uint_32_ap_uint_32_ap_uint_32_prevCostT_14_U  |sgm_kernel_ap_uint_32_ap_uint_32_ap_uint_32_prevCostT_RAM_2P_BRAM_1R1W  |        1|   0|   0|    0|   320|   12|     1|         3840|
    |sgm_kernel_ap_uint_32_ap_uint_32_ap_uint_32_prevCostT_15_U  |sgm_kernel_ap_uint_32_ap_uint_32_ap_uint_32_prevCostT_RAM_2P_BRAM_1R1W  |        1|   0|   0|    0|   320|   12|     1|         3840|
    |sgm_kernel_ap_uint_32_ap_uint_32_ap_uint_32_prevCostT_16_U  |sgm_kernel_ap_uint_32_ap_uint_32_ap_uint_32_prevCostT_RAM_2P_BRAM_1R1W  |        1|   0|   0|    0|   320|   12|     1|         3840|
    |sgm_kernel_ap_uint_32_ap_uint_32_ap_uint_32_prevCostT_17_U  |sgm_kernel_ap_uint_32_ap_uint_32_ap_uint_32_prevCostT_RAM_2P_BRAM_1R1W  |        1|   0|   0|    0|   320|   12|     1|         3840|
    |sgm_kernel_ap_uint_32_ap_uint_32_ap_uint_32_prevCostT_18_U  |sgm_kernel_ap_uint_32_ap_uint_32_ap_uint_32_prevCostT_RAM_2P_BRAM_1R1W  |        1|   0|   0|    0|   320|   12|     1|         3840|
    |p_ZZ10sgm_kernelP7ap_uintILi32EES1_S1_E9prevCostT_10_U      |sgm_kernel_ap_uint_32_ap_uint_32_ap_uint_32_prevCostT_RAM_2P_BRAM_1R1W  |        1|   0|   0|    0|   320|   12|     1|         3840|
    |p_ZZ10sgm_kernelP7ap_uintILi32EES1_S1_E9prevCostT_11_U      |sgm_kernel_ap_uint_32_ap_uint_32_ap_uint_32_prevCostT_RAM_2P_BRAM_1R1W  |        1|   0|   0|    0|   320|   12|     1|         3840|
    |p_ZZ10sgm_kernelP7ap_uintILi32EES1_S1_E9prevCostT_12_U      |sgm_kernel_ap_uint_32_ap_uint_32_ap_uint_32_prevCostT_RAM_2P_BRAM_1R1W  |        1|   0|   0|    0|   320|   12|     1|         3840|
    |p_ZZ10sgm_kernelP7ap_uintILi32EES1_S1_E9prevCostT_13_U      |sgm_kernel_ap_uint_32_ap_uint_32_ap_uint_32_prevCostT_RAM_2P_BRAM_1R1W  |        1|   0|   0|    0|   320|   12|     1|         3840|
    |p_ZZ10sgm_kernelP7ap_uintILi32EES1_S1_E9prevCostT_14_U      |sgm_kernel_ap_uint_32_ap_uint_32_ap_uint_32_prevCostT_RAM_2P_BRAM_1R1W  |        1|   0|   0|    0|   320|   12|     1|         3840|
    |p_ZZ10sgm_kernelP7ap_uintILi32EES1_S1_E9prevCostT_15_U      |sgm_kernel_ap_uint_32_ap_uint_32_ap_uint_32_prevCostT_RAM_2P_BRAM_1R1W  |        1|   0|   0|    0|   320|   12|     1|         3840|
    |p_ZZ10sgm_kernelP7ap_uintILi32EES1_S1_E9prevCostT_16_U      |sgm_kernel_ap_uint_32_ap_uint_32_ap_uint_32_prevCostT_RAM_2P_BRAM_1R1W  |        1|   0|   0|    0|   320|   12|     1|         3840|
    |p_ZZ10sgm_kernelP7ap_uintILi32EES1_S1_E9prevCostT_17_U      |sgm_kernel_ap_uint_32_ap_uint_32_ap_uint_32_prevCostT_RAM_2P_BRAM_1R1W  |        1|   0|   0|    0|   320|   12|     1|         3840|
    |p_ZZ10sgm_kernelP7ap_uintILi32EES1_S1_E9prevCostT_18_U      |sgm_kernel_ap_uint_32_ap_uint_32_ap_uint_32_prevCostT_RAM_2P_BRAM_1R1W  |        1|   0|   0|    0|   320|   12|     1|         3840|
    |p_ZZ10sgm_kernelP7ap_uintILi32EES1_S1_E9prevCostT_19_U      |sgm_kernel_ap_uint_32_ap_uint_32_ap_uint_32_prevCostT_RAM_2P_BRAM_1R1W  |        1|   0|   0|    0|   320|   12|     1|         3840|
    |p_ZZ10sgm_kernelP7ap_uintILi32EES1_S1_E9prevCostT_20_U      |sgm_kernel_ap_uint_32_ap_uint_32_ap_uint_32_prevCostT_RAM_2P_BRAM_1R1W  |        1|   0|   0|    0|   320|   12|     1|         3840|
    |p_ZZ10sgm_kernelP7ap_uintILi32EES1_S1_E9prevCostT_21_U      |sgm_kernel_ap_uint_32_ap_uint_32_ap_uint_32_prevCostT_RAM_2P_BRAM_1R1W  |        1|   0|   0|    0|   320|   12|     1|         3840|
    |p_ZZ10sgm_kernelP7ap_uintILi32EES1_S1_E9prevCostT_22_U      |sgm_kernel_ap_uint_32_ap_uint_32_ap_uint_32_prevCostT_RAM_2P_BRAM_1R1W  |        1|   0|   0|    0|   320|   12|     1|         3840|
    |p_ZZ10sgm_kernelP7ap_uintILi32EES1_S1_E9prevCostT_23_U      |sgm_kernel_ap_uint_32_ap_uint_32_ap_uint_32_prevCostT_RAM_2P_BRAM_1R1W  |        1|   0|   0|    0|   320|   12|     1|         3840|
    |p_ZZ10sgm_kernelP7ap_uintILi32EES1_S1_E9prevCostT_24_U      |sgm_kernel_ap_uint_32_ap_uint_32_ap_uint_32_prevCostT_RAM_2P_BRAM_1R1W  |        1|   0|   0|    0|   320|   12|     1|         3840|
    |p_ZZ10sgm_kernelP7ap_uintILi32EES1_S1_E9prevCostT_25_U      |sgm_kernel_ap_uint_32_ap_uint_32_ap_uint_32_prevCostT_RAM_2P_BRAM_1R1W  |        1|   0|   0|    0|   320|   12|     1|         3840|
    |p_ZZ10sgm_kernelP7ap_uintILi32EES1_S1_E9prevCostT_26_U      |sgm_kernel_ap_uint_32_ap_uint_32_ap_uint_32_prevCostT_RAM_2P_BRAM_1R1W  |        1|   0|   0|    0|   320|   12|     1|         3840|
    |p_ZZ10sgm_kernelP7ap_uintILi32EES1_S1_E9prevCostT_27_U      |sgm_kernel_ap_uint_32_ap_uint_32_ap_uint_32_prevCostT_RAM_2P_BRAM_1R1W  |        1|   0|   0|    0|   320|   12|     1|         3840|
    |p_ZZ10sgm_kernelP7ap_uintILi32EES1_S1_E9prevCostT_28_U      |sgm_kernel_ap_uint_32_ap_uint_32_ap_uint_32_prevCostT_RAM_2P_BRAM_1R1W  |        1|   0|   0|    0|   320|   12|     1|         3840|
    |p_ZZ10sgm_kernelP7ap_uintILi32EES1_S1_E9prevCostT_29_U      |sgm_kernel_ap_uint_32_ap_uint_32_ap_uint_32_prevCostT_RAM_2P_BRAM_1R1W  |        1|   0|   0|    0|   320|   12|     1|         3840|
    |p_ZZ10sgm_kernelP7ap_uintILi32EES1_S1_E9prevCostT_30_U      |sgm_kernel_ap_uint_32_ap_uint_32_ap_uint_32_prevCostT_RAM_2P_BRAM_1R1W  |        1|   0|   0|    0|   320|   12|     1|         3840|
    |p_ZZ10sgm_kernelP7ap_uintILi32EES1_S1_E9prevCostT_31_U      |sgm_kernel_ap_uint_32_ap_uint_32_ap_uint_32_prevCostT_RAM_2P_BRAM_1R1W  |        1|   0|   0|    0|   320|   12|     1|         3840|
    +------------------------------------------------------------+------------------------------------------------------------------------+---------+----+----+-----+------+-----+------+-------------+
    |Total                                                       |                                                                        |       39|  48|  15|    0| 12582|  468|    42|       142896|
    +------------------------------------------------------------+------------------------------------------------------------------------+---------+----+----+-----+------+-----+------+-------------+

    * FIFO: 
    N/A

    * Expression: 
    +--------------------------------------------------+----------+----+---+-----+------------+------------+
    |                   Variable Name                  | Operation| DSP| FF| LUT | Bitwidth P0| Bitwidth P1|
    +--------------------------------------------------+----------+----+---+-----+------------+------------+
    |add_ln538_fu_1841_p2                              |         +|   0|  0|   14|           7|           1|
    |add_ln563_fu_2081_p2                              |         +|   0|  0|   14|           9|           1|
    |add_ln596_fu_2164_p2                              |         +|   0|  0|   14|           9|           1|
    |add_ln616_fu_2560_p2                              |         +|   0|  0|   14|           9|           2|
    |add_ln631_fu_2576_p2                              |         +|   0|  0|   20|          15|          15|
    |add_ln644_fu_2170_p2                              |         +|   0|  0|   20|          15|           9|
    |disp_byte_indx_fu_2591_p2                         |         +|   0|  0|   10|           2|           2|
    |empty_fu_2152_p2                                  |         +|   0|  0|   20|          15|          15|
    |and_ln634_fu_2627_p2                              |       and|   0|  0|   32|          32|          32|
    |icmp_ln538_fu_1835_p2                             |      icmp|   0|  0|   14|           7|           7|
    |icmp_ln560_fu_2070_p2                             |      icmp|   0|  0|   14|           7|           1|
    |icmp_ln563_fu_2075_p2                             |      icmp|   0|  0|   14|           9|           9|
    |icmp_ln596_fu_2158_p2                             |      icmp|   0|  0|   14|           9|           9|
    |icmp_ln617_fu_2566_p2                             |      icmp|   0|  0|   14|           9|           1|
    |icmp_ln637_fu_2596_p2                             |      icmp|   0|  0|   10|           2|           1|
    |ap_block_state4_on_subcall_done                   |        or|   0|  0|    2|           1|           1|
    |ap_block_state8_on_subcall_done                   |        or|   0|  0|    2|           1|           1|
    |ap_sync_grp_process_cost_groups_fu_1527_ap_done   |        or|   0|  0|    2|           1|           1|
    |ap_sync_grp_process_cost_groups_fu_1527_ap_ready  |        or|   0|  0|    2|           1|           1|
    |disp_word_3_fu_2643_p2                            |        or|   0|  0|   32|          32|          32|
    |shl_ln634_1_fu_2637_p2                            |       shl|   0|  0|  100|          32|          32|
    |shl_ln634_fu_2615_p2                              |       shl|   0|  0|  100|           8|          32|
    |xor_ln634_fu_2621_p2                              |       xor|   0|  0|   32|          32|           2|
    +--------------------------------------------------+----------+----+---+-----+------------+------------+
    |Total                                             |          |   0|  0|  510|         264|         208|
    +--------------------------------------------------+----------+----+---+-----+------------+------------+

    * Multiplexer: 
    +-------------------------------------------------------------------+----+-----------+-----+-----------+
    |                                Name                               | LUT| Input Size| Bits| Total Bits|
    +-------------------------------------------------------------------+----+-----------+-----+-----------+
    |ap_NS_fsm                                                          |  81|         17|    1|         17|
    |ap_phi_mux_disp_word_2_phi_fu_1177_p6                              |   9|          2|   32|         64|
    |bufL_1_address0                                                    |  14|          3|    9|         27|
    |bufL_1_ce0                                                         |  14|          3|    1|          3|
    |bufL_1_d0                                                          |  14|          3|    8|         24|
    |bufL_1_we0                                                         |  14|          3|    1|          3|
    |bufL_2_address0                                                    |  14|          3|    9|         27|
    |bufL_2_ce0                                                         |  14|          3|    1|          3|
    |bufL_2_d0                                                          |  14|          3|    8|         24|
    |bufL_2_we0                                                         |  14|          3|    1|          3|
    |bufL_address0                                                      |  14|          3|    9|         27|
    |bufL_ce0                                                           |  14|          3|    1|          3|
    |bufL_d0                                                            |  14|          3|    8|         24|
    |bufL_we0                                                           |  14|          3|    1|          3|
    |bufR_1_address0                                                    |  14|          3|    9|         27|
    |bufR_1_ce0                                                         |  14|          3|    1|          3|
    |bufR_1_d0                                                          |  14|          3|    8|         24|
    |bufR_1_we0                                                         |  14|          3|    1|          3|
    |bufR_2_address0                                                    |  14|          3|    9|         27|
    |bufR_2_ce0                                                         |  14|          3|    1|          3|
    |bufR_2_d0                                                          |  14|          3|    8|         24|
    |bufR_2_we0                                                         |  14|          3|    1|          3|
    |bufR_address0                                                      |  14|          3|    9|         27|
    |bufR_ce0                                                           |  14|          3|    1|          3|
    |bufR_d0                                                            |  14|          3|    8|         24|
    |bufR_we0                                                           |  14|          3|    1|          3|
    |c_1_reg_767                                                        |   9|          2|    9|         18|
    |c_reg_755                                                          |   9|          2|    9|         18|
    |disp_Addr_A_orig                                                   |  14|          3|   32|         96|
    |disp_Din_A                                                         |  14|          3|   32|         96|
    |disp_WEN_A                                                         |   9|          2|    4|          8|
    |disp_word_1_reg_1161                                               |   9|          2|   32|         64|
    |disp_word_2_reg_1173                                               |  14|          3|   32|         96|
    |leftWin_1_1_reg_1151                                               |   9|          2|    8|         16|
    |leftWin_2_1_reg_1141                                               |   9|          2|    8|         16|
    |leftWin_4_1_reg_1131                                               |   9|          2|    8|         16|
    |leftWin_5_1_reg_1121                                               |   9|          2|    8|         16|
    |leftWin_7_1_reg_1111                                               |   9|          2|    8|         16|
    |leftWin_8_1_reg_1101                                               |   9|          2|    8|         16|
    |minPrevLR_constprop                                                |   9|          2|   12|         24|
    |minPrevT_address0                                                  |  14|          3|    9|         27|
    |minPrevT_ce0                                                       |  14|          3|    1|          3|
    |minPrevT_d0                                                        |  14|          3|   12|         36|
    |minPrevT_we0                                                       |  14|          3|    1|          3|
    |p_ZZ10sgm_kernelP7ap_uintILi32EES1_S1_E9prevCostL_10               |   9|          2|   12|         24|
    |p_ZZ10sgm_kernelP7ap_uintILi32EES1_S1_E9prevCostL_11               |   9|          2|   12|         24|
    |p_ZZ10sgm_kernelP7ap_uintILi32EES1_S1_E9prevCostL_12               |   9|          2|   12|         24|
    |p_ZZ10sgm_kernelP7ap_uintILi32EES1_S1_E9prevCostL_13               |   9|          2|   12|         24|
    |p_ZZ10sgm_kernelP7ap_uintILi32EES1_S1_E9prevCostL_14               |   9|          2|   12|         24|
    |p_ZZ10sgm_kernelP7ap_uintILi32EES1_S1_E9prevCostL_15               |   9|          2|   12|         24|
    |p_ZZ10sgm_kernelP7ap_uintILi32EES1_S1_E9prevCostL_16               |   9|          2|   12|         24|
    |p_ZZ10sgm_kernelP7ap_uintILi32EES1_S1_E9prevCostL_17               |   9|          2|   12|         24|
    |p_ZZ10sgm_kernelP7ap_uintILi32EES1_S1_E9prevCostL_18               |   9|          2|   12|         24|
    |p_ZZ10sgm_kernelP7ap_uintILi32EES1_S1_E9prevCostL_19               |   9|          2|   12|         24|
    |p_ZZ10sgm_kernelP7ap_uintILi32EES1_S1_E9prevCostL_20               |   9|          2|   12|         24|
    |p_ZZ10sgm_kernelP7ap_uintILi32EES1_S1_E9prevCostL_21               |   9|          2|   12|         24|
    |p_ZZ10sgm_kernelP7ap_uintILi32EES1_S1_E9prevCostL_22               |   9|          2|   12|         24|
    |p_ZZ10sgm_kernelP7ap_uintILi32EES1_S1_E9prevCostL_23               |   9|          2|   12|         24|
    |p_ZZ10sgm_kernelP7ap_uintILi32EES1_S1_E9prevCostL_24               |   9|          2|   12|         24|
    |p_ZZ10sgm_kernelP7ap_uintILi32EES1_S1_E9prevCostL_25               |   9|          2|   12|         24|
    |p_ZZ10sgm_kernelP7ap_uintILi32EES1_S1_E9prevCostL_26               |   9|          2|   12|         24|
    |p_ZZ10sgm_kernelP7ap_uintILi32EES1_S1_E9prevCostL_27               |   9|          2|   12|         24|
    |p_ZZ10sgm_kernelP7ap_uintILi32EES1_S1_E9prevCostL_28               |   9|          2|   12|         24|
    |p_ZZ10sgm_kernelP7ap_uintILi32EES1_S1_E9prevCostL_29               |   9|          2|   12|         24|
    |p_ZZ10sgm_kernelP7ap_uintILi32EES1_S1_E9prevCostL_30               |   9|          2|   12|         24|
    |p_ZZ10sgm_kernelP7ap_uintILi32EES1_S1_E9prevCostL_31               |   9|          2|   12|         24|
    |p_ZZ10sgm_kernelP7ap_uintILi32EES1_S1_E9prevCostT_10_address1      |  14|          3|    9|         27|
    |p_ZZ10sgm_kernelP7ap_uintILi32EES1_S1_E9prevCostT_10_ce0           |   9|          2|    1|          2|
    |p_ZZ10sgm_kernelP7ap_uintILi32EES1_S1_E9prevCostT_10_ce1           |  14|          3|    1|          3|
    |p_ZZ10sgm_kernelP7ap_uintILi32EES1_S1_E9prevCostT_10_d1            |  14|          3|   12|         36|
    |p_ZZ10sgm_kernelP7ap_uintILi32EES1_S1_E9prevCostT_10_we1           |  14|          3|    1|          3|
    |p_ZZ10sgm_kernelP7ap_uintILi32EES1_S1_E9prevCostT_11_address1      |  14|          3|    9|         27|
    |p_ZZ10sgm_kernelP7ap_uintILi32EES1_S1_E9prevCostT_11_ce0           |   9|          2|    1|          2|
    |p_ZZ10sgm_kernelP7ap_uintILi32EES1_S1_E9prevCostT_11_ce1           |  14|          3|    1|          3|
    |p_ZZ10sgm_kernelP7ap_uintILi32EES1_S1_E9prevCostT_11_d1            |  14|          3|   12|         36|
    |p_ZZ10sgm_kernelP7ap_uintILi32EES1_S1_E9prevCostT_11_we1           |  14|          3|    1|          3|
    |p_ZZ10sgm_kernelP7ap_uintILi32EES1_S1_E9prevCostT_12_address1      |  14|          3|    9|         27|
    |p_ZZ10sgm_kernelP7ap_uintILi32EES1_S1_E9prevCostT_12_ce0           |   9|          2|    1|          2|
    |p_ZZ10sgm_kernelP7ap_uintILi32EES1_S1_E9prevCostT_12_ce1           |  14|          3|    1|          3|
    |p_ZZ10sgm_kernelP7ap_uintILi32EES1_S1_E9prevCostT_12_d1            |  14|          3|   12|         36|
    |p_ZZ10sgm_kernelP7ap_uintILi32EES1_S1_E9prevCostT_12_we1           |  14|          3|    1|          3|
    |p_ZZ10sgm_kernelP7ap_uintILi32EES1_S1_E9prevCostT_13_address1      |  14|          3|    9|         27|
    |p_ZZ10sgm_kernelP7ap_uintILi32EES1_S1_E9prevCostT_13_ce0           |   9|          2|    1|          2|
    |p_ZZ10sgm_kernelP7ap_uintILi32EES1_S1_E9prevCostT_13_ce1           |  14|          3|    1|          3|
    |p_ZZ10sgm_kernelP7ap_uintILi32EES1_S1_E9prevCostT_13_d1            |  14|          3|   12|         36|
    |p_ZZ10sgm_kernelP7ap_uintILi32EES1_S1_E9prevCostT_13_we1           |  14|          3|    1|          3|
    |p_ZZ10sgm_kernelP7ap_uintILi32EES1_S1_E9prevCostT_14_address1      |  14|          3|    9|         27|
    |p_ZZ10sgm_kernelP7ap_uintILi32EES1_S1_E9prevCostT_14_ce0           |   9|          2|    1|          2|
    |p_ZZ10sgm_kernelP7ap_uintILi32EES1_S1_E9prevCostT_14_ce1           |  14|          3|    1|          3|
    |p_ZZ10sgm_kernelP7ap_uintILi32EES1_S1_E9prevCostT_14_d1            |  14|          3|   12|         36|
    |p_ZZ10sgm_kernelP7ap_uintILi32EES1_S1_E9prevCostT_14_we1           |  14|          3|    1|          3|
    |p_ZZ10sgm_kernelP7ap_uintILi32EES1_S1_E9prevCostT_15_address1      |  14|          3|    9|         27|
    |p_ZZ10sgm_kernelP7ap_uintILi32EES1_S1_E9prevCostT_15_ce0           |   9|          2|    1|          2|
    |p_ZZ10sgm_kernelP7ap_uintILi32EES1_S1_E9prevCostT_15_ce1           |  14|          3|    1|          3|
    |p_ZZ10sgm_kernelP7ap_uintILi32EES1_S1_E9prevCostT_15_d1            |  14|          3|   12|         36|
    |p_ZZ10sgm_kernelP7ap_uintILi32EES1_S1_E9prevCostT_15_we1           |  14|          3|    1|          3|
    |p_ZZ10sgm_kernelP7ap_uintILi32EES1_S1_E9prevCostT_16_address1      |  14|          3|    9|         27|
    |p_ZZ10sgm_kernelP7ap_uintILi32EES1_S1_E9prevCostT_16_ce0           |   9|          2|    1|          2|
    |p_ZZ10sgm_kernelP7ap_uintILi32EES1_S1_E9prevCostT_16_ce1           |  14|          3|    1|          3|
    |p_ZZ10sgm_kernelP7ap_uintILi32EES1_S1_E9prevCostT_16_d1            |  14|          3|   12|         36|
    |p_ZZ10sgm_kernelP7ap_uintILi32EES1_S1_E9prevCostT_16_we1           |  14|          3|    1|          3|
    |p_ZZ10sgm_kernelP7ap_uintILi32EES1_S1_E9prevCostT_17_address1      |  14|          3|    9|         27|
    |p_ZZ10sgm_kernelP7ap_uintILi32EES1_S1_E9prevCostT_17_ce0           |   9|          2|    1|          2|
    |p_ZZ10sgm_kernelP7ap_uintILi32EES1_S1_E9prevCostT_17_ce1           |  14|          3|    1|          3|
    |p_ZZ10sgm_kernelP7ap_uintILi32EES1_S1_E9prevCostT_17_d1            |  14|          3|   12|         36|
    |p_ZZ10sgm_kernelP7ap_uintILi32EES1_S1_E9prevCostT_17_we1           |  14|          3|    1|          3|
    |p_ZZ10sgm_kernelP7ap_uintILi32EES1_S1_E9prevCostT_18_address1      |  14|          3|    9|         27|
    |p_ZZ10sgm_kernelP7ap_uintILi32EES1_S1_E9prevCostT_18_ce0           |   9|          2|    1|          2|
    |p_ZZ10sgm_kernelP7ap_uintILi32EES1_S1_E9prevCostT_18_ce1           |  14|          3|    1|          3|
    |p_ZZ10sgm_kernelP7ap_uintILi32EES1_S1_E9prevCostT_18_d1            |  14|          3|   12|         36|
    |p_ZZ10sgm_kernelP7ap_uintILi32EES1_S1_E9prevCostT_18_we1           |  14|          3|    1|          3|
    |p_ZZ10sgm_kernelP7ap_uintILi32EES1_S1_E9prevCostT_19_address1      |  14|          3|    9|         27|
    |p_ZZ10sgm_kernelP7ap_uintILi32EES1_S1_E9prevCostT_19_ce0           |   9|          2|    1|          2|
    |p_ZZ10sgm_kernelP7ap_uintILi32EES1_S1_E9prevCostT_19_ce1           |  14|          3|    1|          3|
    |p_ZZ10sgm_kernelP7ap_uintILi32EES1_S1_E9prevCostT_19_d1            |  14|          3|   12|         36|
    |p_ZZ10sgm_kernelP7ap_uintILi32EES1_S1_E9prevCostT_19_we1           |  14|          3|    1|          3|
    |p_ZZ10sgm_kernelP7ap_uintILi32EES1_S1_E9prevCostT_20_address1      |  14|          3|    9|         27|
    |p_ZZ10sgm_kernelP7ap_uintILi32EES1_S1_E9prevCostT_20_ce0           |   9|          2|    1|          2|
    |p_ZZ10sgm_kernelP7ap_uintILi32EES1_S1_E9prevCostT_20_ce1           |  14|          3|    1|          3|
    |p_ZZ10sgm_kernelP7ap_uintILi32EES1_S1_E9prevCostT_20_d1            |  14|          3|   12|         36|
    |p_ZZ10sgm_kernelP7ap_uintILi32EES1_S1_E9prevCostT_20_we1           |  14|          3|    1|          3|
    |p_ZZ10sgm_kernelP7ap_uintILi32EES1_S1_E9prevCostT_21_address1      |  14|          3|    9|         27|
    |p_ZZ10sgm_kernelP7ap_uintILi32EES1_S1_E9prevCostT_21_ce0           |   9|          2|    1|          2|
    |p_ZZ10sgm_kernelP7ap_uintILi32EES1_S1_E9prevCostT_21_ce1           |  14|          3|    1|          3|
    |p_ZZ10sgm_kernelP7ap_uintILi32EES1_S1_E9prevCostT_21_d1            |  14|          3|   12|         36|
    |p_ZZ10sgm_kernelP7ap_uintILi32EES1_S1_E9prevCostT_21_we1           |  14|          3|    1|          3|
    |p_ZZ10sgm_kernelP7ap_uintILi32EES1_S1_E9prevCostT_22_address1      |  14|          3|    9|         27|
    |p_ZZ10sgm_kernelP7ap_uintILi32EES1_S1_E9prevCostT_22_ce0           |   9|          2|    1|          2|
    |p_ZZ10sgm_kernelP7ap_uintILi32EES1_S1_E9prevCostT_22_ce1           |  14|          3|    1|          3|
    |p_ZZ10sgm_kernelP7ap_uintILi32EES1_S1_E9prevCostT_22_d1            |  14|          3|   12|         36|
    |p_ZZ10sgm_kernelP7ap_uintILi32EES1_S1_E9prevCostT_22_we1           |  14|          3|    1|          3|
    |p_ZZ10sgm_kernelP7ap_uintILi32EES1_S1_E9prevCostT_23_address1      |  14|          3|    9|         27|
    |p_ZZ10sgm_kernelP7ap_uintILi32EES1_S1_E9prevCostT_23_ce0           |   9|          2|    1|          2|
    |p_ZZ10sgm_kernelP7ap_uintILi32EES1_S1_E9prevCostT_23_ce1           |  14|          3|    1|          3|
    |p_ZZ10sgm_kernelP7ap_uintILi32EES1_S1_E9prevCostT_23_d1            |  14|          3|   12|         36|
    |p_ZZ10sgm_kernelP7ap_uintILi32EES1_S1_E9prevCostT_23_we1           |  14|          3|    1|          3|
    |p_ZZ10sgm_kernelP7ap_uintILi32EES1_S1_E9prevCostT_24_address1      |  14|          3|    9|         27|
    |p_ZZ10sgm_kernelP7ap_uintILi32EES1_S1_E9prevCostT_24_ce0           |   9|          2|    1|          2|
    |p_ZZ10sgm_kernelP7ap_uintILi32EES1_S1_E9prevCostT_24_ce1           |  14|          3|    1|          3|
    |p_ZZ10sgm_kernelP7ap_uintILi32EES1_S1_E9prevCostT_24_d1            |  14|          3|   12|         36|
    |p_ZZ10sgm_kernelP7ap_uintILi32EES1_S1_E9prevCostT_24_we1           |  14|          3|    1|          3|
    |p_ZZ10sgm_kernelP7ap_uintILi32EES1_S1_E9prevCostT_25_address1      |  14|          3|    9|         27|
    |p_ZZ10sgm_kernelP7ap_uintILi32EES1_S1_E9prevCostT_25_ce0           |   9|          2|    1|          2|
    |p_ZZ10sgm_kernelP7ap_uintILi32EES1_S1_E9prevCostT_25_ce1           |  14|          3|    1|          3|
    |p_ZZ10sgm_kernelP7ap_uintILi32EES1_S1_E9prevCostT_25_d1            |  14|          3|   12|         36|
    |p_ZZ10sgm_kernelP7ap_uintILi32EES1_S1_E9prevCostT_25_we1           |  14|          3|    1|          3|
    |p_ZZ10sgm_kernelP7ap_uintILi32EES1_S1_E9prevCostT_26_address1      |  14|          3|    9|         27|
    |p_ZZ10sgm_kernelP7ap_uintILi32EES1_S1_E9prevCostT_26_ce0           |   9|          2|    1|          2|
    |p_ZZ10sgm_kernelP7ap_uintILi32EES1_S1_E9prevCostT_26_ce1           |  14|          3|    1|          3|
    |p_ZZ10sgm_kernelP7ap_uintILi32EES1_S1_E9prevCostT_26_d1            |  14|          3|   12|         36|
    |p_ZZ10sgm_kernelP7ap_uintILi32EES1_S1_E9prevCostT_26_we1           |  14|          3|    1|          3|
    |p_ZZ10sgm_kernelP7ap_uintILi32EES1_S1_E9prevCostT_27_address1      |  14|          3|    9|         27|
    |p_ZZ10sgm_kernelP7ap_uintILi32EES1_S1_E9prevCostT_27_ce0           |   9|          2|    1|          2|
    |p_ZZ10sgm_kernelP7ap_uintILi32EES1_S1_E9prevCostT_27_ce1           |  14|          3|    1|          3|
    |p_ZZ10sgm_kernelP7ap_uintILi32EES1_S1_E9prevCostT_27_d1            |  14|          3|   12|         36|
    |p_ZZ10sgm_kernelP7ap_uintILi32EES1_S1_E9prevCostT_27_we1           |  14|          3|    1|          3|
    |p_ZZ10sgm_kernelP7ap_uintILi32EES1_S1_E9prevCostT_28_address1      |  14|          3|    9|         27|
    |p_ZZ10sgm_kernelP7ap_uintILi32EES1_S1_E9prevCostT_28_ce0           |   9|          2|    1|          2|
    |p_ZZ10sgm_kernelP7ap_uintILi32EES1_S1_E9prevCostT_28_ce1           |  14|          3|    1|          3|
    |p_ZZ10sgm_kernelP7ap_uintILi32EES1_S1_E9prevCostT_28_d1            |  14|          3|   12|         36|
    |p_ZZ10sgm_kernelP7ap_uintILi32EES1_S1_E9prevCostT_28_we1           |  14|          3|    1|          3|
    |p_ZZ10sgm_kernelP7ap_uintILi32EES1_S1_E9prevCostT_29_address1      |  14|          3|    9|         27|
    |p_ZZ10sgm_kernelP7ap_uintILi32EES1_S1_E9prevCostT_29_ce0           |   9|          2|    1|          2|
    |p_ZZ10sgm_kernelP7ap_uintILi32EES1_S1_E9prevCostT_29_ce1           |  14|          3|    1|          3|
    |p_ZZ10sgm_kernelP7ap_uintILi32EES1_S1_E9prevCostT_29_d1            |  14|          3|   12|         36|
    |p_ZZ10sgm_kernelP7ap_uintILi32EES1_S1_E9prevCostT_29_we1           |  14|          3|    1|          3|
    |p_ZZ10sgm_kernelP7ap_uintILi32EES1_S1_E9prevCostT_30_address1      |  14|          3|    9|         27|
    |p_ZZ10sgm_kernelP7ap_uintILi32EES1_S1_E9prevCostT_30_ce0           |   9|          2|    1|          2|
    |p_ZZ10sgm_kernelP7ap_uintILi32EES1_S1_E9prevCostT_30_ce1           |  14|          3|    1|          3|
    |p_ZZ10sgm_kernelP7ap_uintILi32EES1_S1_E9prevCostT_30_d1            |  14|          3|   12|         36|
    |p_ZZ10sgm_kernelP7ap_uintILi32EES1_S1_E9prevCostT_30_we1           |  14|          3|    1|          3|
    |p_ZZ10sgm_kernelP7ap_uintILi32EES1_S1_E9prevCostT_31_address1      |  14|          3|    9|         27|
    |p_ZZ10sgm_kernelP7ap_uintILi32EES1_S1_E9prevCostT_31_ce0           |   9|          2|    1|          2|
    |p_ZZ10sgm_kernelP7ap_uintILi32EES1_S1_E9prevCostT_31_ce1           |  14|          3|    1|          3|
    |p_ZZ10sgm_kernelP7ap_uintILi32EES1_S1_E9prevCostT_31_d1            |  14|          3|   12|         36|
    |p_ZZ10sgm_kernelP7ap_uintILi32EES1_S1_E9prevCostT_31_we1           |  14|          3|    1|          3|
    |r_fu_380                                                           |   9|          2|    7|         14|
    |rightCensusHistory_10_1_reg_979                                    |   9|          2|    8|         16|
    |rightCensusHistory_11_1_reg_969                                    |   9|          2|    8|         16|
    |rightCensusHistory_12_1_reg_959                                    |   9|          2|    8|         16|
    |rightCensusHistory_13_1_reg_949                                    |   9|          2|    8|         16|
    |rightCensusHistory_141_reg_1079                                    |   9|          2|    8|         16|
    |rightCensusHistory_14_1_reg_939                                    |   9|          2|    8|         16|
    |rightCensusHistory_15_1_reg_929                                    |   9|          2|    8|         16|
    |rightCensusHistory_16_1_reg_919                                    |   9|          2|    8|         16|
    |rightCensusHistory_17_1_reg_909                                    |   9|          2|    8|         16|
    |rightCensusHistory_18_1_reg_899                                    |   9|          2|    8|         16|
    |rightCensusHistory_19_1_reg_889                                    |   9|          2|    8|         16|
    |rightCensusHistory_1_1_reg_1069                                    |   9|          2|    8|         16|
    |rightCensusHistory_20_1_reg_879                                    |   9|          2|    8|         16|
    |rightCensusHistory_21_1_reg_869                                    |   9|          2|    8|         16|
    |rightCensusHistory_22_1_reg_859                                    |   9|          2|    8|         16|
    |rightCensusHistory_23_1_reg_849                                    |   9|          2|    8|         16|
    |rightCensusHistory_24_1_reg_839                                    |   9|          2|    8|         16|
    |rightCensusHistory_25_1_reg_829                                    |   9|          2|    8|         16|
    |rightCensusHistory_26_1_reg_819                                    |   9|          2|    8|         16|
    |rightCensusHistory_27_1_reg_809                                    |   9|          2|    8|         16|
    |rightCensusHistory_28_1_reg_799                                    |   9|          2|    8|         16|
    |rightCensusHistory_29_1_reg_789                                    |   9|          2|    8|         16|
    |rightCensusHistory_2_1_reg_1059                                    |   9|          2|    8|         16|
    |rightCensusHistory_30_1_reg_779                                    |   9|          2|    8|         16|
    |rightCensusHistory_3_1_reg_1049                                    |   9|          2|    8|         16|
    |rightCensusHistory_4_1_reg_1039                                    |   9|          2|    8|         16|
    |rightCensusHistory_5_1_reg_1029                                    |   9|          2|    8|         16|
    |rightCensusHistory_6_1_reg_1019                                    |   9|          2|    8|         16|
    |rightCensusHistory_7_1_reg_1009                                    |   9|          2|    8|         16|
    |rightCensusHistory_8_1_reg_999                                     |   9|          2|    8|         16|
    |rightCensusHistory_9_1_reg_989                                     |   9|          2|    8|         16|
    |rightStripe_1_address0                                             |  14|          3|    6|         18|
    |rightStripe_1_ce0                                                  |  14|          3|    1|          3|
    |rightStripe_1_ce1                                                  |   9|          2|    1|          2|
    |rightStripe_1_d0                                                   |  14|          3|    8|         24|
    |rightStripe_1_we0                                                  |  14|          3|    1|          3|
    |rightStripe_2_address0                                             |  14|          3|    6|         18|
    |rightStripe_2_ce0                                                  |  14|          3|    1|          3|
    |rightStripe_2_ce1                                                  |   9|          2|    1|          2|
    |rightStripe_2_d0                                                   |  14|          3|    8|         24|
    |rightStripe_2_we0                                                  |  14|          3|    1|          3|
    |rightStripe_address0                                               |  14|          3|    6|         18|
    |rightStripe_ce0                                                    |  14|          3|    1|          3|
    |rightStripe_ce1                                                    |   9|          2|    1|          2|
    |rightStripe_d0                                                     |  14|          3|    8|         24|
    |rightStripe_we0                                                    |  14|          3|    1|          3|
    |right_wr_0_reg_1089                                                |   9|          2|   32|         64|
    |sgm_kernel_ap_uint_32_ap_uint_32_ap_uint_32_prevCostL              |   9|          2|   12|         24|
    |sgm_kernel_ap_uint_32_ap_uint_32_ap_uint_32_prevCostL_1            |   9|          2|   12|         24|
    |sgm_kernel_ap_uint_32_ap_uint_32_ap_uint_32_prevCostL_2            |   9|          2|   12|         24|
    |sgm_kernel_ap_uint_32_ap_uint_32_ap_uint_32_prevCostL_3            |   9|          2|   12|         24|
    |sgm_kernel_ap_uint_32_ap_uint_32_ap_uint_32_prevCostL_4            |   9|          2|   12|         24|
    |sgm_kernel_ap_uint_32_ap_uint_32_ap_uint_32_prevCostL_5            |   9|          2|   12|         24|
    |sgm_kernel_ap_uint_32_ap_uint_32_ap_uint_32_prevCostL_6            |   9|          2|   12|         24|
    |sgm_kernel_ap_uint_32_ap_uint_32_ap_uint_32_prevCostL_7            |   9|          2|   12|         24|
    |sgm_kernel_ap_uint_32_ap_uint_32_ap_uint_32_prevCostL_8            |   9|          2|   12|         24|
    |sgm_kernel_ap_uint_32_ap_uint_32_ap_uint_32_prevCostL_9            |   9|          2|   12|         24|
    |sgm_kernel_ap_uint_32_ap_uint_32_ap_uint_32_prevCostT_10_address1  |  14|          3|    9|         27|
    |sgm_kernel_ap_uint_32_ap_uint_32_ap_uint_32_prevCostT_10_ce0       |   9|          2|    1|          2|
    |sgm_kernel_ap_uint_32_ap_uint_32_ap_uint_32_prevCostT_10_ce1       |  14|          3|    1|          3|
    |sgm_kernel_ap_uint_32_ap_uint_32_ap_uint_32_prevCostT_10_d1        |  14|          3|   12|         36|
    |sgm_kernel_ap_uint_32_ap_uint_32_ap_uint_32_prevCostT_10_we1       |  14|          3|    1|          3|
    |sgm_kernel_ap_uint_32_ap_uint_32_ap_uint_32_prevCostT_11_address1  |  14|          3|    9|         27|
    |sgm_kernel_ap_uint_32_ap_uint_32_ap_uint_32_prevCostT_11_ce0       |   9|          2|    1|          2|
    |sgm_kernel_ap_uint_32_ap_uint_32_ap_uint_32_prevCostT_11_ce1       |  14|          3|    1|          3|
    |sgm_kernel_ap_uint_32_ap_uint_32_ap_uint_32_prevCostT_11_d1        |  14|          3|   12|         36|
    |sgm_kernel_ap_uint_32_ap_uint_32_ap_uint_32_prevCostT_11_we1       |  14|          3|    1|          3|
    |sgm_kernel_ap_uint_32_ap_uint_32_ap_uint_32_prevCostT_12_address1  |  14|          3|    9|         27|
    |sgm_kernel_ap_uint_32_ap_uint_32_ap_uint_32_prevCostT_12_ce0       |   9|          2|    1|          2|
    |sgm_kernel_ap_uint_32_ap_uint_32_ap_uint_32_prevCostT_12_ce1       |  14|          3|    1|          3|
    |sgm_kernel_ap_uint_32_ap_uint_32_ap_uint_32_prevCostT_12_d1        |  14|          3|   12|         36|
    |sgm_kernel_ap_uint_32_ap_uint_32_ap_uint_32_prevCostT_12_we1       |  14|          3|    1|          3|
    |sgm_kernel_ap_uint_32_ap_uint_32_ap_uint_32_prevCostT_13_address1  |  14|          3|    9|         27|
    |sgm_kernel_ap_uint_32_ap_uint_32_ap_uint_32_prevCostT_13_ce0       |   9|          2|    1|          2|
    |sgm_kernel_ap_uint_32_ap_uint_32_ap_uint_32_prevCostT_13_ce1       |  14|          3|    1|          3|
    |sgm_kernel_ap_uint_32_ap_uint_32_ap_uint_32_prevCostT_13_d1        |  14|          3|   12|         36|
    |sgm_kernel_ap_uint_32_ap_uint_32_ap_uint_32_prevCostT_13_we1       |  14|          3|    1|          3|
    |sgm_kernel_ap_uint_32_ap_uint_32_ap_uint_32_prevCostT_14_address1  |  14|          3|    9|         27|
    |sgm_kernel_ap_uint_32_ap_uint_32_ap_uint_32_prevCostT_14_ce0       |   9|          2|    1|          2|
    |sgm_kernel_ap_uint_32_ap_uint_32_ap_uint_32_prevCostT_14_ce1       |  14|          3|    1|          3|
    |sgm_kernel_ap_uint_32_ap_uint_32_ap_uint_32_prevCostT_14_d1        |  14|          3|   12|         36|
    |sgm_kernel_ap_uint_32_ap_uint_32_ap_uint_32_prevCostT_14_we1       |  14|          3|    1|          3|
    |sgm_kernel_ap_uint_32_ap_uint_32_ap_uint_32_prevCostT_15_address1  |  14|          3|    9|         27|
    |sgm_kernel_ap_uint_32_ap_uint_32_ap_uint_32_prevCostT_15_ce0       |   9|          2|    1|          2|
    |sgm_kernel_ap_uint_32_ap_uint_32_ap_uint_32_prevCostT_15_ce1       |  14|          3|    1|          3|
    |sgm_kernel_ap_uint_32_ap_uint_32_ap_uint_32_prevCostT_15_d1        |  14|          3|   12|         36|
    |sgm_kernel_ap_uint_32_ap_uint_32_ap_uint_32_prevCostT_15_we1       |  14|          3|    1|          3|
    |sgm_kernel_ap_uint_32_ap_uint_32_ap_uint_32_prevCostT_16_address1  |  14|          3|    9|         27|
    |sgm_kernel_ap_uint_32_ap_uint_32_ap_uint_32_prevCostT_16_ce0       |   9|          2|    1|          2|
    |sgm_kernel_ap_uint_32_ap_uint_32_ap_uint_32_prevCostT_16_ce1       |  14|          3|    1|          3|
    |sgm_kernel_ap_uint_32_ap_uint_32_ap_uint_32_prevCostT_16_d1        |  14|          3|   12|         36|
    |sgm_kernel_ap_uint_32_ap_uint_32_ap_uint_32_prevCostT_16_we1       |  14|          3|    1|          3|
    |sgm_kernel_ap_uint_32_ap_uint_32_ap_uint_32_prevCostT_17_address1  |  14|          3|    9|         27|
    |sgm_kernel_ap_uint_32_ap_uint_32_ap_uint_32_prevCostT_17_ce0       |   9|          2|    1|          2|
    |sgm_kernel_ap_uint_32_ap_uint_32_ap_uint_32_prevCostT_17_ce1       |  14|          3|    1|          3|
    |sgm_kernel_ap_uint_32_ap_uint_32_ap_uint_32_prevCostT_17_d1        |  14|          3|   12|         36|
    |sgm_kernel_ap_uint_32_ap_uint_32_ap_uint_32_prevCostT_17_we1       |  14|          3|    1|          3|
    |sgm_kernel_ap_uint_32_ap_uint_32_ap_uint_32_prevCostT_18_address1  |  14|          3|    9|         27|
    |sgm_kernel_ap_uint_32_ap_uint_32_ap_uint_32_prevCostT_18_ce0       |   9|          2|    1|          2|
    |sgm_kernel_ap_uint_32_ap_uint_32_ap_uint_32_prevCostT_18_ce1       |  14|          3|    1|          3|
    |sgm_kernel_ap_uint_32_ap_uint_32_ap_uint_32_prevCostT_18_d1        |  14|          3|   12|         36|
    |sgm_kernel_ap_uint_32_ap_uint_32_ap_uint_32_prevCostT_18_we1       |  14|          3|    1|          3|
    |sgm_kernel_ap_uint_32_ap_uint_32_ap_uint_32_prevCostT_address1     |  14|          3|    9|         27|
    |sgm_kernel_ap_uint_32_ap_uint_32_ap_uint_32_prevCostT_ce0          |   9|          2|    1|          2|
    |sgm_kernel_ap_uint_32_ap_uint_32_ap_uint_32_prevCostT_ce1          |  14|          3|    1|          3|
    |sgm_kernel_ap_uint_32_ap_uint_32_ap_uint_32_prevCostT_d1           |  14|          3|   12|         36|
    |sgm_kernel_ap_uint_32_ap_uint_32_ap_uint_32_prevCostT_we1          |  14|          3|    1|          3|
    +-------------------------------------------------------------------+----+-----------+-----+-----------+
    |Total                                                              |3483|        754| 1870|       4772|
    +-------------------------------------------------------------------+----+-----------+-----+-----------+

    * Register: 
    +-------------------------------------------------------------------------------+----+----+-----+-----------+
    |                                      Name                                     | FF | LUT| Bits| Const Bits|
    +-------------------------------------------------------------------------------+----+----+-----+-----------+
    |add_ln538_reg_3118                                                             |   7|   0|    7|          0|
    |add_ln563_reg_3316                                                             |   9|   0|    9|          0|
    |add_ln596_reg_3367                                                             |   9|   0|    9|          0|
    |add_ln616_reg_3614                                                             |   9|   0|    9|          0|
    |ap_CS_fsm                                                                      |  16|   0|   16|          0|
    |ap_sync_reg_grp_process_cost_groups_fu_1527_ap_done                            |   1|   0|    1|          0|
    |ap_sync_reg_grp_process_cost_groups_fu_1527_ap_ready                           |   1|   0|    1|          0|
    |c_1_reg_767                                                                    |   9|   0|    9|          0|
    |c_reg_755                                                                      |   9|   0|    9|          0|
    |disp_byte_indx_reg_3628                                                        |   2|   0|    2|          0|
    |disp_word_1_reg_1161                                                           |  32|   0|   32|          0|
    |disp_word_2_reg_1173                                                           |  32|   0|   32|          0|
    |disp_word_3_reg_3637                                                           |  32|   0|   32|          0|
    |empty_reg_3357                                                                 |   9|   0|   15|          6|
    |grp_prepare_census_column_fu_1431_ap_start_reg                                 |   1|   0|    1|          0|
    |grp_process_cost_groups_fu_1527_ap_start_reg                                   |   1|   0|    1|          0|
    |grp_sgm_kernel_Pipeline_InitBuf_VITIS_LOOP_503_1_fu_1188_ap_start_reg          |   1|   0|    1|          0|
    |grp_sgm_kernel_Pipeline_InitLeftWin_VITIS_LOOP_579_3_fu_1408_ap_start_reg      |   1|   0|    1|          0|
    |grp_sgm_kernel_Pipeline_InitRightStripe_VITIS_LOOP_588_4_fu_1424_ap_start_reg  |   1|   0|    1|          0|
    |grp_sgm_kernel_Pipeline_InitTBRowD_fu_1338_ap_start_reg                        |   1|   0|    1|          0|
    |grp_sgm_kernel_Pipeline_ResetCosts_fu_1270_ap_start_reg                        |   1|   0|    1|          0|
    |grp_sgm_kernel_Pipeline_VITIS_LOOP_546_2_fu_1204_ap_start_reg                  |   1|   0|    1|          0|
    |icmp_ln560_reg_3309                                                            |   1|   0|    1|          0|
    |icmp_ln596_reg_3363                                                            |   1|   0|    1|          0|
    |icmp_ln617_reg_3619                                                            |   1|   0|    1|          0|
    |icmp_ln637_reg_3633                                                            |   1|   0|    1|          0|
    |interior_reg_3372                                                              |   1|   0|    1|          0|
    |leftDesc_reg_3377                                                              |   8|   0|    8|          0|
    |leftWin_10_fu_400                                                              |   8|   0|    8|          0|
    |leftWin_11_fu_404                                                              |   8|   0|    8|          0|
    |leftWin_1_1_reg_1151                                                           |   8|   0|    8|          0|
    |leftWin_1_reg_3412                                                             |   8|   0|    8|          0|
    |leftWin_2_1_reg_1141                                                           |   8|   0|    8|          0|
    |leftWin_2_reg_3392                                                             |   8|   0|    8|          0|
    |leftWin_3_reg_3397                                                             |   8|   0|    8|          0|
    |leftWin_4_1_reg_1131                                                           |   8|   0|    8|          0|
    |leftWin_4_reg_3402                                                             |   8|   0|    8|          0|
    |leftWin_5_1_reg_1121                                                           |   8|   0|    8|          0|
    |leftWin_5_reg_3407                                                             |   8|   0|    8|          0|
    |leftWin_6_fu_384                                                               |   8|   0|    8|          0|
    |leftWin_7_1_reg_1111                                                           |   8|   0|    8|          0|
    |leftWin_7_fu_388                                                               |   8|   0|    8|          0|
    |leftWin_8_1_reg_1101                                                           |   8|   0|    8|          0|
    |leftWin_8_fu_392                                                               |   8|   0|    8|          0|
    |leftWin_9_fu_396                                                               |   8|   0|    8|          0|
    |leftWin_reg_3387                                                               |   8|   0|    8|          0|
    |lshr_ln1_reg_3623                                                              |  13|   0|   13|          0|
    |minPrevLR_constprop                                                            |  12|   0|   12|          0|
    |outDisp_fu_716                                                                 |   8|   0|    8|          0|
    |p_ZZ10sgm_kernelP7ap_uintILi32EES1_S1_E9prevCostL_10                           |  12|   0|   12|          0|
    |p_ZZ10sgm_kernelP7ap_uintILi32EES1_S1_E9prevCostL_11                           |  12|   0|   12|          0|
    |p_ZZ10sgm_kernelP7ap_uintILi32EES1_S1_E9prevCostL_12                           |  12|   0|   12|          0|
    |p_ZZ10sgm_kernelP7ap_uintILi32EES1_S1_E9prevCostL_13                           |  12|   0|   12|          0|
    |p_ZZ10sgm_kernelP7ap_uintILi32EES1_S1_E9prevCostL_14                           |  12|   0|   12|          0|
    |p_ZZ10sgm_kernelP7ap_uintILi32EES1_S1_E9prevCostL_15                           |  12|   0|   12|          0|
    |p_ZZ10sgm_kernelP7ap_uintILi32EES1_S1_E9prevCostL_16                           |  12|   0|   12|          0|
    |p_ZZ10sgm_kernelP7ap_uintILi32EES1_S1_E9prevCostL_17                           |  12|   0|   12|          0|
    |p_ZZ10sgm_kernelP7ap_uintILi32EES1_S1_E9prevCostL_18                           |  12|   0|   12|          0|
    |p_ZZ10sgm_kernelP7ap_uintILi32EES1_S1_E9prevCostL_19                           |  12|   0|   12|          0|
    |p_ZZ10sgm_kernelP7ap_uintILi32EES1_S1_E9prevCostL_20                           |  12|   0|   12|          0|
    |p_ZZ10sgm_kernelP7ap_uintILi32EES1_S1_E9prevCostL_21                           |  12|   0|   12|          0|
    |p_ZZ10sgm_kernelP7ap_uintILi32EES1_S1_E9prevCostL_22                           |  12|   0|   12|          0|
    |p_ZZ10sgm_kernelP7ap_uintILi32EES1_S1_E9prevCostL_23                           |  12|   0|   12|          0|
    |p_ZZ10sgm_kernelP7ap_uintILi32EES1_S1_E9prevCostL_24                           |  12|   0|   12|          0|
    |p_ZZ10sgm_kernelP7ap_uintILi32EES1_S1_E9prevCostL_25                           |  12|   0|   12|          0|
    |p_ZZ10sgm_kernelP7ap_uintILi32EES1_S1_E9prevCostL_26                           |  12|   0|   12|          0|
    |p_ZZ10sgm_kernelP7ap_uintILi32EES1_S1_E9prevCostL_27                           |  12|   0|   12|          0|
    |p_ZZ10sgm_kernelP7ap_uintILi32EES1_S1_E9prevCostL_28                           |  12|   0|   12|          0|
    |p_ZZ10sgm_kernelP7ap_uintILi32EES1_S1_E9prevCostL_29                           |  12|   0|   12|          0|
    |p_ZZ10sgm_kernelP7ap_uintILi32EES1_S1_E9prevCostL_30                           |  12|   0|   12|          0|
    |p_ZZ10sgm_kernelP7ap_uintILi32EES1_S1_E9prevCostL_31                           |  12|   0|   12|          0|
    |r_1_reg_3110                                                                   |   7|   0|    7|          0|
    |r_fu_380                                                                       |   7|   0|    7|          0|
    |rightCensusHistory_10_1_reg_979                                                |   8|   0|    8|          0|
    |rightCensusHistory_10_reg_3471                                                 |   8|   0|    8|          0|
    |rightCensusHistory_11_1_reg_969                                                |   8|   0|    8|          0|
    |rightCensusHistory_11_reg_3477                                                 |   8|   0|    8|          0|
    |rightCensusHistory_12_1_reg_959                                                |   8|   0|    8|          0|
    |rightCensusHistory_12_reg_3483                                                 |   8|   0|    8|          0|
    |rightCensusHistory_13_1_reg_949                                                |   8|   0|    8|          0|
    |rightCensusHistory_13_reg_3489                                                 |   8|   0|    8|          0|
    |rightCensusHistory_141_reg_1079                                                |   8|   0|    8|          0|
    |rightCensusHistory_14_1_reg_939                                                |   8|   0|    8|          0|
    |rightCensusHistory_14_reg_3495                                                 |   8|   0|    8|          0|
    |rightCensusHistory_15_1_reg_929                                                |   8|   0|    8|          0|
    |rightCensusHistory_15_reg_3501                                                 |   8|   0|    8|          0|
    |rightCensusHistory_16_1_reg_919                                                |   8|   0|    8|          0|
    |rightCensusHistory_16_reg_3507                                                 |   8|   0|    8|          0|
    |rightCensusHistory_17_1_reg_909                                                |   8|   0|    8|          0|
    |rightCensusHistory_17_reg_3513                                                 |   8|   0|    8|          0|
    |rightCensusHistory_18_1_reg_899                                                |   8|   0|    8|          0|
    |rightCensusHistory_18_reg_3519                                                 |   8|   0|    8|          0|
    |rightCensusHistory_19_1_reg_889                                                |   8|   0|    8|          0|
    |rightCensusHistory_19_reg_3525                                                 |   8|   0|    8|          0|
    |rightCensusHistory_1_1_reg_1069                                                |   8|   0|    8|          0|
    |rightCensusHistory_1_reg_3417                                                  |   8|   0|    8|          0|
    |rightCensusHistory_20_1_reg_879                                                |   8|   0|    8|          0|
    |rightCensusHistory_20_reg_3531                                                 |   8|   0|    8|          0|
    |rightCensusHistory_21_1_reg_869                                                |   8|   0|    8|          0|
    |rightCensusHistory_21_reg_3537                                                 |   8|   0|    8|          0|
    |rightCensusHistory_22_1_reg_859                                                |   8|   0|    8|          0|
    |rightCensusHistory_22_reg_3543                                                 |   8|   0|    8|          0|
    |rightCensusHistory_23_1_reg_849                                                |   8|   0|    8|          0|
    |rightCensusHistory_23_reg_3549                                                 |   8|   0|    8|          0|
    |rightCensusHistory_24_1_reg_839                                                |   8|   0|    8|          0|
    |rightCensusHistory_24_reg_3555                                                 |   8|   0|    8|          0|
    |rightCensusHistory_25_1_reg_829                                                |   8|   0|    8|          0|
    |rightCensusHistory_25_reg_3561                                                 |   8|   0|    8|          0|
    |rightCensusHistory_26_1_reg_819                                                |   8|   0|    8|          0|
    |rightCensusHistory_26_reg_3567                                                 |   8|   0|    8|          0|
    |rightCensusHistory_27_1_reg_809                                                |   8|   0|    8|          0|
    |rightCensusHistory_27_reg_3573                                                 |   8|   0|    8|          0|
    |rightCensusHistory_28_1_reg_799                                                |   8|   0|    8|          0|
    |rightCensusHistory_28_reg_3579                                                 |   8|   0|    8|          0|
    |rightCensusHistory_29_1_reg_789                                                |   8|   0|    8|          0|
    |rightCensusHistory_29_reg_3585                                                 |   8|   0|    8|          0|
    |rightCensusHistory_2_1_reg_1059                                                |   8|   0|    8|          0|
    |rightCensusHistory_2_reg_3423                                                  |   8|   0|    8|          0|
    |rightCensusHistory_30_1_reg_779                                                |   8|   0|    8|          0|
    |rightCensusHistory_30_reg_3591                                                 |   8|   0|    8|          0|
    |rightCensusHistory_31_reg_3597                                                 |   8|   0|    8|          0|
    |rightCensusHistory_3_1_reg_1049                                                |   8|   0|    8|          0|
    |rightCensusHistory_3_reg_3429                                                  |   8|   0|    8|          0|
    |rightCensusHistory_4_1_reg_1039                                                |   8|   0|    8|          0|
    |rightCensusHistory_4_reg_3435                                                  |   8|   0|    8|          0|
    |rightCensusHistory_5_1_reg_1029                                                |   8|   0|    8|          0|
    |rightCensusHistory_5_reg_3441                                                  |   8|   0|    8|          0|
    |rightCensusHistory_63_fu_412                                                   |   8|   0|    8|          0|
    |rightCensusHistory_64_fu_416                                                   |   8|   0|    8|          0|
    |rightCensusHistory_65_fu_420                                                   |   8|   0|    8|          0|
    |rightCensusHistory_66_fu_424                                                   |   8|   0|    8|          0|
    |rightCensusHistory_67_fu_428                                                   |   8|   0|    8|          0|
    |rightCensusHistory_68_fu_432                                                   |   8|   0|    8|          0|
    |rightCensusHistory_69_fu_436                                                   |   8|   0|    8|          0|
    |rightCensusHistory_6_1_reg_1019                                                |   8|   0|    8|          0|
    |rightCensusHistory_6_reg_3447                                                  |   8|   0|    8|          0|
    |rightCensusHistory_70_fu_440                                                   |   8|   0|    8|          0|
    |rightCensusHistory_71_fu_444                                                   |   8|   0|    8|          0|
    |rightCensusHistory_72_fu_448                                                   |   8|   0|    8|          0|
    |rightCensusHistory_73_fu_452                                                   |   8|   0|    8|          0|
    |rightCensusHistory_74_fu_456                                                   |   8|   0|    8|          0|
    |rightCensusHistory_75_fu_460                                                   |   8|   0|    8|          0|
    |rightCensusHistory_76_fu_464                                                   |   8|   0|    8|          0|
    |rightCensusHistory_77_fu_468                                                   |   8|   0|    8|          0|
    |rightCensusHistory_78_fu_472                                                   |   8|   0|    8|          0|
    |rightCensusHistory_79_fu_476                                                   |   8|   0|    8|          0|
    |rightCensusHistory_7_1_reg_1009                                                |   8|   0|    8|          0|
    |rightCensusHistory_7_reg_3453                                                  |   8|   0|    8|          0|
    |rightCensusHistory_80_fu_480                                                   |   8|   0|    8|          0|
    |rightCensusHistory_81_fu_484                                                   |   8|   0|    8|          0|
    |rightCensusHistory_82_fu_488                                                   |   8|   0|    8|          0|
    |rightCensusHistory_83_fu_492                                                   |   8|   0|    8|          0|
    |rightCensusHistory_84_fu_496                                                   |   8|   0|    8|          0|
    |rightCensusHistory_85_fu_500                                                   |   8|   0|    8|          0|
    |rightCensusHistory_86_fu_504                                                   |   8|   0|    8|          0|
    |rightCensusHistory_87_fu_508                                                   |   8|   0|    8|          0|
    |rightCensusHistory_88_fu_512                                                   |   8|   0|    8|          0|
    |rightCensusHistory_89_fu_516                                                   |   8|   0|    8|          0|
    |rightCensusHistory_8_1_reg_999                                                 |   8|   0|    8|          0|
    |rightCensusHistory_8_reg_3459                                                  |   8|   0|    8|          0|
    |rightCensusHistory_90_fu_520                                                   |   8|   0|    8|          0|
    |rightCensusHistory_91_fu_524                                                   |   8|   0|    8|          0|
    |rightCensusHistory_92_fu_528                                                   |   8|   0|    8|          0|
    |rightCensusHistory_93_reg_3382                                                 |   8|   0|    8|          0|
    |rightCensusHistory_9_1_reg_989                                                 |   8|   0|    8|          0|
    |rightCensusHistory_9_reg_3465                                                  |   8|   0|    8|          0|
    |rightCensusHistory_fu_408                                                      |   8|   0|    8|          0|
    |right_wr_0_reg_1089                                                            |  32|   0|   32|          0|
    |right_wr_reg_3603                                                              |  32|   0|   32|          0|
    |sgm_kernel_ap_uint_32_ap_uint_32_ap_uint_32_prevCostL                          |  12|   0|   12|          0|
    |sgm_kernel_ap_uint_32_ap_uint_32_ap_uint_32_prevCostL_1                        |  12|   0|   12|          0|
    |sgm_kernel_ap_uint_32_ap_uint_32_ap_uint_32_prevCostL_2                        |  12|   0|   12|          0|
    |sgm_kernel_ap_uint_32_ap_uint_32_ap_uint_32_prevCostL_3                        |  12|   0|   12|          0|
    |sgm_kernel_ap_uint_32_ap_uint_32_ap_uint_32_prevCostL_4                        |  12|   0|   12|          0|
    |sgm_kernel_ap_uint_32_ap_uint_32_ap_uint_32_prevCostL_5                        |  12|   0|   12|          0|
    |sgm_kernel_ap_uint_32_ap_uint_32_ap_uint_32_prevCostL_6                        |  12|   0|   12|          0|
    |sgm_kernel_ap_uint_32_ap_uint_32_ap_uint_32_prevCostL_7                        |  12|   0|   12|          0|
    |sgm_kernel_ap_uint_32_ap_uint_32_ap_uint_32_prevCostL_8                        |  12|   0|   12|          0|
    |sgm_kernel_ap_uint_32_ap_uint_32_ap_uint_32_prevCostL_9                        |  12|   0|   12|          0|
    |trunc_ln616_reg_3608                                                           |   2|   0|    2|          0|
    +-------------------------------------------------------------------------------+----+----+-----+-----------+
    |Total                                                                          |1591|   0| 1597|          6|
    +-------------------------------------------------------------------------------+----+----+-----+-----------+



================================================================
== Interface
================================================================
* Summary: 
+-----------------------+-----+-----+------------+--------------+--------------+
|       RTL Ports       | Dir | Bits|  Protocol  | Source Object|    C Type    |
+-----------------------+-----+-----+------------+--------------+--------------+
|s_axi_control_AWVALID  |   in|    1|       s_axi|       control|   return void|
|s_axi_control_AWREADY  |  out|    1|       s_axi|       control|   return void|
|s_axi_control_AWADDR   |   in|    4|       s_axi|       control|   return void|
|s_axi_control_WVALID   |   in|    1|       s_axi|       control|   return void|
|s_axi_control_WREADY   |  out|    1|       s_axi|       control|   return void|
|s_axi_control_WDATA    |   in|   32|       s_axi|       control|   return void|
|s_axi_control_WSTRB    |   in|    4|       s_axi|       control|   return void|
|s_axi_control_ARVALID  |   in|    1|       s_axi|       control|   return void|
|s_axi_control_ARREADY  |  out|    1|       s_axi|       control|   return void|
|s_axi_control_ARADDR   |   in|    4|       s_axi|       control|   return void|
|s_axi_control_RVALID   |  out|    1|       s_axi|       control|   return void|
|s_axi_control_RREADY   |   in|    1|       s_axi|       control|   return void|
|s_axi_control_RDATA    |  out|   32|       s_axi|       control|   return void|
|s_axi_control_RRESP    |  out|    2|       s_axi|       control|   return void|
|s_axi_control_BVALID   |  out|    1|       s_axi|       control|   return void|
|s_axi_control_BREADY   |   in|    1|       s_axi|       control|   return void|
|s_axi_control_BRESP    |  out|    2|       s_axi|       control|   return void|
|ap_clk                 |   in|    1|  ap_ctrl_hs|    sgm_kernel|  return value|
|ap_rst_n               |   in|    1|  ap_ctrl_hs|    sgm_kernel|  return value|
|interrupt              |  out|    1|  ap_ctrl_hs|    sgm_kernel|  return value|
|left_r_Addr_A          |  out|   32|        bram|        left_r|         array|
|left_r_EN_A            |  out|    1|        bram|        left_r|         array|
|left_r_WEN_A           |  out|    4|        bram|        left_r|         array|
|left_r_Din_A           |  out|   32|        bram|        left_r|         array|
|left_r_Dout_A          |   in|   32|        bram|        left_r|         array|
|left_r_Clk_A           |  out|    1|        bram|        left_r|         array|
|left_r_Rst_A           |  out|    1|        bram|        left_r|         array|
|right_r_Addr_A         |  out|   32|        bram|       right_r|         array|
|right_r_EN_A           |  out|    1|        bram|       right_r|         array|
|right_r_WEN_A          |  out|    4|        bram|       right_r|         array|
|right_r_Din_A          |  out|   32|        bram|       right_r|         array|
|right_r_Dout_A         |   in|   32|        bram|       right_r|         array|
|right_r_Clk_A          |  out|    1|        bram|       right_r|         array|
|right_r_Rst_A          |  out|    1|        bram|       right_r|         array|
|disp_Addr_A            |  out|   32|        bram|          disp|         array|
|disp_EN_A              |  out|    1|        bram|          disp|         array|
|disp_WEN_A             |  out|    4|        bram|          disp|         array|
|disp_Din_A             |  out|   32|        bram|          disp|         array|
|disp_Dout_A            |   in|   32|        bram|          disp|         array|
|disp_Clk_A             |  out|    1|        bram|          disp|         array|
|disp_Rst_A             |  out|    1|        bram|          disp|         array|
+-----------------------+-----+-----+------------+--------------+--------------+

